Analysis & Synthesis report for ALU
Wed Mar 26 23:46:48 2025
Quartus Prime Version 22.1std.2 Build 922 07/20/2023 SC Lite Edition


---------------------
; Table of Contents ;
---------------------
  1. Legal Notice
  2. Analysis & Synthesis Summary
  3. Analysis & Synthesis Settings
  4. Parallel Compilation
  5. Analysis & Synthesis Source Files Read
  6. Analysis & Synthesis Resource Usage Summary
  7. Analysis & Synthesis Resource Utilization by Entity
  8. State Machine - |ALU|ALU_Controller:controller|state
  9. Registers Removed During Synthesis
 10. General Register Statistics
 11. Multiplexer Restructuring Statistics (Restructuring Performed)
 12. Port Connectivity Checks: "ALU_Controller:controller"
 13. Port Connectivity Checks: "Adder:adder"
 14. Post-Synthesis Netlist Statistics for Top Partition
 15. Elapsed Time Per Partition
 16. Analysis & Synthesis Messages



----------------
; Legal Notice ;
----------------
Copyright (C) 2023  Intel Corporation. All rights reserved.
Your use of Intel Corporation's design tools, logic functions 
and other software and tools, and any partner logic 
functions, and any output files from any of the foregoing 
(including device programming or simulation files), and any 
associated documentation or information are expressly subject 
to the terms and conditions of the Intel Program License 
Subscription Agreement, the Intel Quartus Prime License Agreement,
the Intel FPGA IP License Agreement, or other applicable license
agreement, including, without limitation, that your use is for
the sole purpose of programming logic devices manufactured by
Intel and sold by Intel or its authorized distributors.  Please
refer to the applicable agreement for further details, at
https://fpgasoftware.intel.com/eula.



+----------------------------------------------------------------------------------+
; Analysis & Synthesis Summary                                                     ;
+---------------------------------+------------------------------------------------+
; Analysis & Synthesis Status     ; Successful - Wed Mar 26 23:46:48 2025          ;
; Quartus Prime Version           ; 22.1std.2 Build 922 07/20/2023 SC Lite Edition ;
; Revision Name                   ; ALU                                            ;
; Top-level Entity Name           ; ALU                                            ;
; Family                          ; Cyclone V                                      ;
; Logic utilization (in ALMs)     ; N/A                                            ;
; Total registers                 ; 150                                            ;
; Total pins                      ; 164                                            ;
; Total virtual pins              ; 0                                              ;
; Total block memory bits         ; 0                                              ;
; Total DSP Blocks                ; 0                                              ;
; Total HSSI RX PCSs              ; 0                                              ;
; Total HSSI PMA RX Deserializers ; 0                                              ;
; Total HSSI TX PCSs              ; 0                                              ;
; Total HSSI PMA TX Serializers   ; 0                                              ;
; Total PLLs                      ; 0                                              ;
; Total DLLs                      ; 0                                              ;
+---------------------------------+------------------------------------------------+


+---------------------------------------------------------------------------------------------------------------------------+
; Analysis & Synthesis Settings                                                                                             ;
+---------------------------------------------------------------------------------+--------------------+--------------------+
; Option                                                                          ; Setting            ; Default Value      ;
+---------------------------------------------------------------------------------+--------------------+--------------------+
; Device                                                                          ; 5CSEMA5F31C6       ;                    ;
; Top-level entity name                                                           ; ALU                ; ALU                ;
; Family name                                                                     ; Cyclone V          ; Cyclone V          ;
; Use smart compilation                                                           ; Off                ; Off                ;
; Enable parallel Assembler and Timing Analyzer during compilation                ; On                 ; On                 ;
; Enable compact report table                                                     ; Off                ; Off                ;
; Restructure Multiplexers                                                        ; Auto               ; Auto               ;
; MLAB Add Timing Constraints For Mixed-Port Feed-Through Mode Setting Don't Care ; Off                ; Off                ;
; Create Debugging Nodes for IP Cores                                             ; Off                ; Off                ;
; Preserve fewer node names                                                       ; On                 ; On                 ;
; Intel FPGA IP Evaluation Mode                                                   ; Enable             ; Enable             ;
; Verilog Version                                                                 ; Verilog_2001       ; Verilog_2001       ;
; VHDL Version                                                                    ; VHDL_1993          ; VHDL_1993          ;
; State Machine Processing                                                        ; Auto               ; Auto               ;
; Safe State Machine                                                              ; Off                ; Off                ;
; Extract Verilog State Machines                                                  ; On                 ; On                 ;
; Extract VHDL State Machines                                                     ; On                 ; On                 ;
; Ignore Verilog initial constructs                                               ; Off                ; Off                ;
; Iteration limit for constant Verilog loops                                      ; 5000               ; 5000               ;
; Iteration limit for non-constant Verilog loops                                  ; 250                ; 250                ;
; Add Pass-Through Logic to Inferred RAMs                                         ; On                 ; On                 ;
; Infer RAMs from Raw Logic                                                       ; On                 ; On                 ;
; Parallel Synthesis                                                              ; On                 ; On                 ;
; DSP Block Balancing                                                             ; Auto               ; Auto               ;
; NOT Gate Push-Back                                                              ; On                 ; On                 ;
; Power-Up Don't Care                                                             ; On                 ; On                 ;
; Remove Redundant Logic Cells                                                    ; Off                ; Off                ;
; Remove Duplicate Registers                                                      ; On                 ; On                 ;
; Ignore CARRY Buffers                                                            ; Off                ; Off                ;
; Ignore CASCADE Buffers                                                          ; Off                ; Off                ;
; Ignore GLOBAL Buffers                                                           ; Off                ; Off                ;
; Ignore ROW GLOBAL Buffers                                                       ; Off                ; Off                ;
; Ignore LCELL Buffers                                                            ; Off                ; Off                ;
; Ignore SOFT Buffers                                                             ; On                 ; On                 ;
; Limit AHDL Integers to 32 Bits                                                  ; Off                ; Off                ;
; Optimization Technique                                                          ; Balanced           ; Balanced           ;
; Carry Chain Length                                                              ; 70                 ; 70                 ;
; Auto Carry Chains                                                               ; On                 ; On                 ;
; Auto Open-Drain Pins                                                            ; On                 ; On                 ;
; Perform WYSIWYG Primitive Resynthesis                                           ; Off                ; Off                ;
; Auto ROM Replacement                                                            ; On                 ; On                 ;
; Auto RAM Replacement                                                            ; On                 ; On                 ;
; Auto DSP Block Replacement                                                      ; On                 ; On                 ;
; Auto Shift Register Replacement                                                 ; Auto               ; Auto               ;
; Allow Shift Register Merging across Hierarchies                                 ; Auto               ; Auto               ;
; Auto Clock Enable Replacement                                                   ; On                 ; On                 ;
; Strict RAM Replacement                                                          ; Off                ; Off                ;
; Allow Synchronous Control Signals                                               ; On                 ; On                 ;
; Force Use of Synchronous Clear Signals                                          ; Off                ; Off                ;
; Auto Resource Sharing                                                           ; Off                ; Off                ;
; Allow Any RAM Size For Recognition                                              ; Off                ; Off                ;
; Allow Any ROM Size For Recognition                                              ; Off                ; Off                ;
; Allow Any Shift Register Size For Recognition                                   ; Off                ; Off                ;
; Use LogicLock Constraints during Resource Balancing                             ; On                 ; On                 ;
; Ignore translate_off and synthesis_off directives                               ; Off                ; Off                ;
; Timing-Driven Synthesis                                                         ; On                 ; On                 ;
; Report Parameter Settings                                                       ; On                 ; On                 ;
; Report Source Assignments                                                       ; On                 ; On                 ;
; Report Connectivity Checks                                                      ; On                 ; On                 ;
; Ignore Maximum Fan-Out Assignments                                              ; Off                ; Off                ;
; Synchronization Register Chain Length                                           ; 3                  ; 3                  ;
; Power Optimization During Synthesis                                             ; Normal compilation ; Normal compilation ;
; HDL message level                                                               ; Level2             ; Level2             ;
; Suppress Register Optimization Related Messages                                 ; Off                ; Off                ;
; Number of Removed Registers Reported in Synthesis Report                        ; 5000               ; 5000               ;
; Number of Swept Nodes Reported in Synthesis Report                              ; 5000               ; 5000               ;
; Number of Inverted Registers Reported in Synthesis Report                       ; 100                ; 100                ;
; Clock MUX Protection                                                            ; On                 ; On                 ;
; Auto Gated Clock Conversion                                                     ; Off                ; Off                ;
; Block Design Naming                                                             ; Auto               ; Auto               ;
; SDC constraint protection                                                       ; Off                ; Off                ;
; Synthesis Effort                                                                ; Auto               ; Auto               ;
; Shift Register Replacement - Allow Asynchronous Clear Signal                    ; On                 ; On                 ;
; Pre-Mapping Resynthesis Optimization                                            ; Off                ; Off                ;
; Analysis & Synthesis Message Level                                              ; Medium             ; Medium             ;
; Disable Register Merging Across Hierarchies                                     ; Auto               ; Auto               ;
; Resource Aware Inference For Block RAM                                          ; On                 ; On                 ;
; Automatic Parallel Synthesis                                                    ; On                 ; On                 ;
; Partial Reconfiguration Bitstream ID                                            ; Off                ; Off                ;
+---------------------------------------------------------------------------------+--------------------+--------------------+


+------------------------------------------+
; Parallel Compilation                     ;
+----------------------------+-------------+
; Processors                 ; Number      ;
+----------------------------+-------------+
; Number detected on machine ; 16          ;
; Maximum allowed            ; 16          ;
;                            ;             ;
; Average used               ; 1.00        ;
; Maximum used               ; 16          ;
;                            ;             ;
; Usage by Processor         ; % Time Used ;
;     Processor 1            ; 100.0%      ;
;     Processors 2-16        ;   0.0%      ;
+----------------------------+-------------+


+---------------------------------------------------------------------------------------------------------------------------------------------------------------------------------------------------------------------------+
; Analysis & Synthesis Source Files Read                                                                                                                                                                                    ;
+----------------------------------+-----------------+------------------------+-----------------------------------------------------------------------------------------------------------------------------------+---------+
; File Name with User-Entered Path ; Used in Netlist ; File Type              ; File Name with Absolute Path                                                                                                      ; Library ;
+----------------------------------+-----------------+------------------------+-----------------------------------------------------------------------------------------------------------------------------------+---------+
; ALU.v                            ; yes             ; User Verilog HDL File  ; C:/Users/lmnjm/OneDrive/Documents/Grad School/UTD/Spring 2025/CE 6306 ASIC Design/Projects/Midterm/ALU_Block/ALU_Top_Module/ALU.v ;         ;
+----------------------------------+-----------------+------------------------+-----------------------------------------------------------------------------------------------------------------------------------+---------+


+---------------------------------------------------------+
; Analysis & Synthesis Resource Usage Summary             ;
+---------------------------------------------+-----------+
; Resource                                    ; Usage     ;
+---------------------------------------------+-----------+
; Estimate of Logic utilization (ALMs needed) ; 101       ;
;                                             ;           ;
; Combinational ALUT usage for logic          ; 159       ;
;     -- 7 input functions                    ; 0         ;
;     -- 6 input functions                    ; 35        ;
;     -- 5 input functions                    ; 12        ;
;     -- 4 input functions                    ; 5         ;
;     -- <=3 input functions                  ; 107       ;
;                                             ;           ;
; Dedicated logic registers                   ; 150       ;
;                                             ;           ;
; I/O pins                                    ; 164       ;
;                                             ;           ;
; Total DSP Blocks                            ; 0         ;
;                                             ;           ;
; Maximum fan-out node                        ; clk~input ;
; Maximum fan-out                             ; 150       ;
; Total fan-out                               ; 1511      ;
; Average fan-out                             ; 2.37      ;
+---------------------------------------------+-----------+


+--------------------------------------------------------------------------------------------------------------------------------------------------------------------------------------------------------------------+
; Analysis & Synthesis Resource Utilization by Entity                                                                                                                                                                ;
+-----------------------------------+---------------------+---------------------------+-------------------+------------+------+--------------+-----------------------------------+--------------------+--------------+
; Compilation Hierarchy Node        ; Combinational ALUTs ; Dedicated Logic Registers ; Block Memory Bits ; DSP Blocks ; Pins ; Virtual Pins ; Full Hierarchy Name               ; Entity Name        ; Library Name ;
+-----------------------------------+---------------------+---------------------------+-------------------+------------+------+--------------+-----------------------------------+--------------------+--------------+
; |ALU                              ; 159 (1)             ; 150 (0)                   ; 0                 ; 0          ; 164  ; 0            ; |ALU                              ; ALU                ; work         ;
;    |ALU_Controller:controller|    ; 100 (100)           ; 62 (62)                   ; 0                 ; 0          ; 0    ; 0            ; |ALU|ALU_Controller:controller    ; ALU_Controller     ; work         ;
;    |Adder:adder|                  ; 48 (48)             ; 0 (0)                     ; 0                 ; 0          ; 0    ; 0            ; |ALU|Adder:adder                  ; Adder              ; work         ;
;    |ShiftRightRegister:shift_reg| ; 10 (10)             ; 88 (88)                   ; 0                 ; 0          ; 0    ; 0            ; |ALU|ShiftRightRegister:shift_reg ; ShiftRightRegister ; work         ;
+-----------------------------------+---------------------+---------------------------+-------------------+------------+------+--------------+-----------------------------------+--------------------+--------------+
Note: For table entries with two numbers listed, the numbers in parentheses indicate the number of resources of the given type used by the specific entity alone. The numbers listed outside of parentheses indicate the total resources of the given type used by the specific entity and all of its sub-entities in the hierarchy.


Encoding Type:  One-Hot
+--------------------------------------------------------------------------------------------------------------------------------------------------------------------+
; State Machine - |ALU|ALU_Controller:controller|state                                                                                                               ;
+-----------------------+------------+-----------------+-----------------------+------------------+------------------+------------------+---------------+------------+
; Name                  ; state.DONE ; state.INCREMENT ; state.WAIT_SHIFT_DONE ; state.SHIFT_DATA ; state.CALC_INDEX ; state.LOAD_COEFF ; state.LOAD_RJ ; state.IDLE ;
+-----------------------+------------+-----------------+-----------------------+------------------+------------------+------------------+---------------+------------+
; state.IDLE            ; 0          ; 0               ; 0                     ; 0                ; 0                ; 0                ; 0             ; 0          ;
; state.LOAD_RJ         ; 0          ; 0               ; 0                     ; 0                ; 0                ; 0                ; 1             ; 1          ;
; state.LOAD_COEFF      ; 0          ; 0               ; 0                     ; 0                ; 0                ; 1                ; 0             ; 1          ;
; state.CALC_INDEX      ; 0          ; 0               ; 0                     ; 0                ; 1                ; 0                ; 0             ; 1          ;
; state.SHIFT_DATA      ; 0          ; 0               ; 0                     ; 1                ; 0                ; 0                ; 0             ; 1          ;
; state.WAIT_SHIFT_DONE ; 0          ; 0               ; 1                     ; 0                ; 0                ; 0                ; 0             ; 1          ;
; state.INCREMENT       ; 0          ; 1               ; 0                     ; 0                ; 0                ; 0                ; 0             ; 1          ;
; state.DONE            ; 1          ; 0               ; 0                     ; 0                ; 0                ; 0                ; 0             ; 1          ;
+-----------------------+------------+-----------------+-----------------------+------------------+------------------+------------------+---------------+------------+


+------------------------------------------------------------+
; Registers Removed During Synthesis                         ;
+---------------------------------------+--------------------+
; Register name                         ; Reason for Removal ;
+---------------------------------------+--------------------+
; ALU_Controller:controller|state~4     ; Lost fanout        ;
; ALU_Controller:controller|state~5     ; Lost fanout        ;
; ALU_Controller:controller|state~6     ; Lost fanout        ;
; Total Number of Removed Registers = 3 ;                    ;
+---------------------------------------+--------------------+


+------------------------------------------------------+
; General Register Statistics                          ;
+----------------------------------------------+-------+
; Statistic                                    ; Value ;
+----------------------------------------------+-------+
; Total registers                              ; 150   ;
; Number of registers using Synchronous Clear  ; 33    ;
; Number of registers using Synchronous Load   ; 56    ;
; Number of registers using Asynchronous Clear ; 150   ;
; Number of registers using Asynchronous Load  ; 0     ;
; Number of registers using Clock Enable       ; 124   ;
; Number of registers using Preset             ; 0     ;
+----------------------------------------------+-------+


+----------------------------------------------------------------------------------------------------------------------------------------------------------------+
; Multiplexer Restructuring Statistics (Restructuring Performed)                                                                                                 ;
+--------------------+-----------+---------------+----------------------+------------------------+------------+--------------------------------------------------+
; Multiplexer Inputs ; Bus Width ; Baseline Area ; Area if Restructured ; Saving if Restructured ; Registered ; Example Multiplexer Output                       ;
+--------------------+-----------+---------------+----------------------+------------------------+------------+--------------------------------------------------+
; 3:1                ; 2 bits    ; 4 LEs         ; 2 LEs                ; 2 LEs                  ; Yes        ; |ALU|ShiftRightRegister:shift_reg|shift_outR[39] ;
; 3:1                ; 46 bits   ; 92 LEs        ; 0 LEs                ; 92 LEs                 ; Yes        ; |ALU|ShiftRightRegister:shift_reg|shift_outL[19] ;
; 3:1                ; 32 bits   ; 64 LEs        ; 0 LEs                ; 64 LEs                 ; Yes        ; |ALU|ShiftRightRegister:shift_reg|shift_outR[10] ;
; 6:1                ; 2 bits    ; 8 LEs         ; 6 LEs                ; 2 LEs                  ; No         ; |ALU|ALU_Controller:controller|Selector7         ;
+--------------------+-----------+---------------+----------------------+------------------------+------------+--------------------------------------------------+


+-----------------------------------------------------------------------------------------------------------------------------+
; Port Connectivity Checks: "ALU_Controller:controller"                                                                       ;
+-------------------+--------+----------+-------------------------------------------------------------------------------------+
; Port              ; Type   ; Severity ; Details                                                                             ;
+-------------------+--------+----------+-------------------------------------------------------------------------------------+
; clear             ; Output ; Info     ; Connected to dangling logic. Logic that only feeds a dangling port will be removed. ;
; clear_reg         ; Output ; Info     ; Connected to dangling logic. Logic that only feeds a dangling port will be removed. ;
; load_adder        ; Output ; Info     ; Connected to dangling logic. Logic that only feeds a dangling port will be removed. ;
; shift             ; Output ; Info     ; Connected to dangling logic. Logic that only feeds a dangling port will be removed. ;
; read_addr_data_L  ; Output ; Info     ; Connected to dangling logic. Logic that only feeds a dangling port will be removed. ;
; read_addr_data_R  ; Output ; Info     ; Connected to dangling logic. Logic that only feeds a dangling port will be removed. ;
; read_addr_rj_L    ; Output ; Info     ; Connected to dangling logic. Logic that only feeds a dangling port will be removed. ;
; read_addr_rj_R    ; Output ; Info     ; Connected to dangling logic. Logic that only feeds a dangling port will be removed. ;
; read_addr_coeff_L ; Output ; Info     ; Connected to dangling logic. Logic that only feeds a dangling port will be removed. ;
; read_addr_coeff_R ; Output ; Info     ; Connected to dangling logic. Logic that only feeds a dangling port will be removed. ;
+-------------------+--------+----------+-------------------------------------------------------------------------------------+


+---------------------------------------------+
; Port Connectivity Checks: "Adder:adder"     ;
+-----------+-------+----------+--------------+
; Port      ; Type  ; Severity ; Details      ;
+-----------+-------+----------+--------------+
; add_sub_L ; Input ; Info     ; Stuck at GND ;
; add_sub_R ; Input ; Info     ; Stuck at GND ;
+-----------+-------+----------+--------------+


+-----------------------------------------------------+
; Post-Synthesis Netlist Statistics for Top Partition ;
+-----------------------+-----------------------------+
; Type                  ; Count                       ;
+-----------------------+-----------------------------+
; arriav_ff             ; 150                         ;
;     CLR               ; 17                          ;
;     CLR SCLR          ; 1                           ;
;     CLR SLD           ; 8                           ;
;     ENA CLR           ; 44                          ;
;     ENA CLR SCLR      ; 32                          ;
;     ENA CLR SLD       ; 48                          ;
; arriav_lcell_comb     ; 159                         ;
;     arith             ; 90                          ;
;         0 data inputs ; 2                           ;
;         1 data inputs ; 37                          ;
;         2 data inputs ; 51                          ;
;     normal            ; 69                          ;
;         0 data inputs ; 1                           ;
;         2 data inputs ; 11                          ;
;         3 data inputs ; 5                           ;
;         4 data inputs ; 5                           ;
;         5 data inputs ; 12                          ;
;         6 data inputs ; 35                          ;
; boundary_port         ; 164                         ;
;                       ;                             ;
; Max LUT depth         ; 4.60                        ;
; Average LUT depth     ; 2.44                        ;
+-----------------------+-----------------------------+


+-------------------------------+
; Elapsed Time Per Partition    ;
+----------------+--------------+
; Partition Name ; Elapsed Time ;
+----------------+--------------+
; Top            ; 00:00:00     ;
+----------------+--------------+


+-------------------------------+
; Analysis & Synthesis Messages ;
+-------------------------------+
Info: *******************************************************************
Info: Running Quartus Prime Analysis & Synthesis
    Info: Version 22.1std.2 Build 922 07/20/2023 SC Lite Edition
    Info: Processing started: Wed Mar 26 23:46:38 2025
Info: Command: quartus_map --read_settings_files=on --write_settings_files=off ALU -c ALU
Warning (18236): Number of processors has not been specified which may cause overloading on shared machines.  Set the global assignment NUM_PARALLEL_PROCESSORS in your QSF to an appropriate value for best performance.
Info (20030): Parallel compilation is enabled and will use 16 of the 16 processors detected
Info (12021): Found 5 design units, including 5 entities, in source file alu.v
    Info (12023): Found entity 1: ALU File: C:/Users/lmnjm/OneDrive/Documents/Grad School/UTD/Spring 2025/CE 6306 ASIC Design/Projects/Midterm/ALU_Block/ALU_Top_Module/ALU.v Line: 3
    Info (12023): Found entity 2: ALU_Controller File: C:/Users/lmnjm/OneDrive/Documents/Grad School/UTD/Spring 2025/CE 6306 ASIC Design/Projects/Midterm/ALU_Block/ALU_Top_Module/ALU.v Line: 84
    Info (12023): Found entity 3: SignExtender File: C:/Users/lmnjm/OneDrive/Documents/Grad School/UTD/Spring 2025/CE 6306 ASIC Design/Projects/Midterm/ALU_Block/ALU_Top_Module/ALU.v Line: 258
    Info (12023): Found entity 4: Adder File: C:/Users/lmnjm/OneDrive/Documents/Grad School/UTD/Spring 2025/CE 6306 ASIC Design/Projects/Midterm/ALU_Block/ALU_Top_Module/ALU.v Line: 272
    Info (12023): Found entity 5: ShiftRightRegister File: C:/Users/lmnjm/OneDrive/Documents/Grad School/UTD/Spring 2025/CE 6306 ASIC Design/Projects/Midterm/ALU_Block/ALU_Top_Module/ALU.v Line: 291
Info (12021): Found 1 design units, including 1 entities, in source file alu_tb.v
    Info (12023): Found entity 1: ALU_tb File: C:/Users/lmnjm/OneDrive/Documents/Grad School/UTD/Spring 2025/CE 6306 ASIC Design/Projects/Midterm/ALU_Block/ALU_Top_Module/ALU_tb.v Line: 3
Info (12127): Elaborating entity "ALU" for the top level hierarchy
Info (12128): Elaborating entity "SignExtender" for hierarchy "SignExtender:sign_ext" File: C:/Users/lmnjm/OneDrive/Documents/Grad School/UTD/Spring 2025/CE 6306 ASIC Design/Projects/Midterm/ALU_Block/ALU_Top_Module/ALU.v Line: 33
Info (12128): Elaborating entity "Adder" for hierarchy "Adder:adder" File: C:/Users/lmnjm/OneDrive/Documents/Grad School/UTD/Spring 2025/CE 6306 ASIC Design/Projects/Midterm/ALU_Block/ALU_Top_Module/ALU.v Line: 45
Info (12128): Elaborating entity "ShiftRightRegister" for hierarchy "ShiftRightRegister:shift_reg" File: C:/Users/lmnjm/OneDrive/Documents/Grad School/UTD/Spring 2025/CE 6306 ASIC Design/Projects/Midterm/ALU_Block/ALU_Top_Module/ALU.v Line: 57
Warning (10230): Verilog HDL assignment warning at ALU.v(325): truncated value with size 32 to match size of target (6) File: C:/Users/lmnjm/OneDrive/Documents/Grad School/UTD/Spring 2025/CE 6306 ASIC Design/Projects/Midterm/ALU_Block/ALU_Top_Module/ALU.v Line: 325
Info (12128): Elaborating entity "ALU_Controller" for hierarchy "ALU_Controller:controller" File: C:/Users/lmnjm/OneDrive/Documents/Grad School/UTD/Spring 2025/CE 6306 ASIC Design/Projects/Midterm/ALU_Block/ALU_Top_Module/ALU.v Line: 80
Warning (10230): Verilog HDL assignment warning at ALU.v(152): truncated value with size 10 to match size of target (9) File: C:/Users/lmnjm/OneDrive/Documents/Grad School/UTD/Spring 2025/CE 6306 ASIC Design/Projects/Midterm/ALU_Block/ALU_Top_Module/ALU.v Line: 152
Warning (10230): Verilog HDL assignment warning at ALU.v(153): truncated value with size 10 to match size of target (9) File: C:/Users/lmnjm/OneDrive/Documents/Grad School/UTD/Spring 2025/CE 6306 ASIC Design/Projects/Midterm/ALU_Block/ALU_Top_Module/ALU.v Line: 153
Warning (10230): Verilog HDL assignment warning at ALU.v(159): truncated value with size 32 to match size of target (5) File: C:/Users/lmnjm/OneDrive/Documents/Grad School/UTD/Spring 2025/CE 6306 ASIC Design/Projects/Midterm/ALU_Block/ALU_Top_Module/ALU.v Line: 159
Warning (10230): Verilog HDL assignment warning at ALU.v(163): truncated value with size 32 to match size of target (4) File: C:/Users/lmnjm/OneDrive/Documents/Grad School/UTD/Spring 2025/CE 6306 ASIC Design/Projects/Midterm/ALU_Block/ALU_Top_Module/ALU.v Line: 163
Warning (10230): Verilog HDL assignment warning at ALU.v(167): truncated value with size 32 to match size of target (10) File: C:/Users/lmnjm/OneDrive/Documents/Grad School/UTD/Spring 2025/CE 6306 ASIC Design/Projects/Midterm/ALU_Block/ALU_Top_Module/ALU.v Line: 167
Warning (10230): Verilog HDL assignment warning at ALU.v(173): truncated value with size 32 to match size of target (5) File: C:/Users/lmnjm/OneDrive/Documents/Grad School/UTD/Spring 2025/CE 6306 ASIC Design/Projects/Midterm/ALU_Block/ALU_Top_Module/ALU.v Line: 173
Warning (10230): Verilog HDL assignment warning at ALU.v(177): truncated value with size 32 to match size of target (4) File: C:/Users/lmnjm/OneDrive/Documents/Grad School/UTD/Spring 2025/CE 6306 ASIC Design/Projects/Midterm/ALU_Block/ALU_Top_Module/ALU.v Line: 177
Warning (10230): Verilog HDL assignment warning at ALU.v(181): truncated value with size 32 to match size of target (10) File: C:/Users/lmnjm/OneDrive/Documents/Grad School/UTD/Spring 2025/CE 6306 ASIC Design/Projects/Midterm/ALU_Block/ALU_Top_Module/ALU.v Line: 181
Info (10264): Verilog HDL Case Statement information at ALU.v(140): all case item expressions in this case statement are onehot File: C:/Users/lmnjm/OneDrive/Documents/Grad School/UTD/Spring 2025/CE 6306 ASIC Design/Projects/Midterm/ALU_Block/ALU_Top_Module/ALU.v Line: 140
Info (286030): Timing-Driven Synthesis is running
Info (17049): 3 registers lost all their fanouts during netlist optimizations.
Info (16010): Generating hard_block partition "hard_block:auto_generated_inst"
    Info (16011): Adding 0 node(s), including 0 DDIO, 0 PLL, 0 transceiver and 0 LCELL
Warning (21074): Design contains 32 input pin(s) that do not drive logic
    Warning (15610): No output dependent on input pin "coeff_L_data[0]" File: C:/Users/lmnjm/OneDrive/Documents/Grad School/UTD/Spring 2025/CE 6306 ASIC Design/Projects/Midterm/ALU_Block/ALU_Top_Module/ALU.v Line: 12
    Warning (15610): No output dependent on input pin "coeff_L_data[1]" File: C:/Users/lmnjm/OneDrive/Documents/Grad School/UTD/Spring 2025/CE 6306 ASIC Design/Projects/Midterm/ALU_Block/ALU_Top_Module/ALU.v Line: 12
    Warning (15610): No output dependent on input pin "coeff_L_data[2]" File: C:/Users/lmnjm/OneDrive/Documents/Grad School/UTD/Spring 2025/CE 6306 ASIC Design/Projects/Midterm/ALU_Block/ALU_Top_Module/ALU.v Line: 12
    Warning (15610): No output dependent on input pin "coeff_L_data[3]" File: C:/Users/lmnjm/OneDrive/Documents/Grad School/UTD/Spring 2025/CE 6306 ASIC Design/Projects/Midterm/ALU_Block/ALU_Top_Module/ALU.v Line: 12
    Warning (15610): No output dependent on input pin "coeff_L_data[4]" File: C:/Users/lmnjm/OneDrive/Documents/Grad School/UTD/Spring 2025/CE 6306 ASIC Design/Projects/Midterm/ALU_Block/ALU_Top_Module/ALU.v Line: 12
    Warning (15610): No output dependent on input pin "coeff_L_data[5]" File: C:/Users/lmnjm/OneDrive/Documents/Grad School/UTD/Spring 2025/CE 6306 ASIC Design/Projects/Midterm/ALU_Block/ALU_Top_Module/ALU.v Line: 12
    Warning (15610): No output dependent on input pin "coeff_L_data[6]" File: C:/Users/lmnjm/OneDrive/Documents/Grad School/UTD/Spring 2025/CE 6306 ASIC Design/Projects/Midterm/ALU_Block/ALU_Top_Module/ALU.v Line: 12
    Warning (15610): No output dependent on input pin "coeff_L_data[7]" File: C:/Users/lmnjm/OneDrive/Documents/Grad School/UTD/Spring 2025/CE 6306 ASIC Design/Projects/Midterm/ALU_Block/ALU_Top_Module/ALU.v Line: 12
    Warning (15610): No output dependent on input pin "coeff_L_data[8]" File: C:/Users/lmnjm/OneDrive/Documents/Grad School/UTD/Spring 2025/CE 6306 ASIC Design/Projects/Midterm/ALU_Block/ALU_Top_Module/ALU.v Line: 12
    Warning (15610): No output dependent on input pin "coeff_L_data[9]" File: C:/Users/lmnjm/OneDrive/Documents/Grad School/UTD/Spring 2025/CE 6306 ASIC Design/Projects/Midterm/ALU_Block/ALU_Top_Module/ALU.v Line: 12
    Warning (15610): No output dependent on input pin "coeff_L_data[10]" File: C:/Users/lmnjm/OneDrive/Documents/Grad School/UTD/Spring 2025/CE 6306 ASIC Design/Projects/Midterm/ALU_Block/ALU_Top_Module/ALU.v Line: 12
    Warning (15610): No output dependent on input pin "coeff_L_data[11]" File: C:/Users/lmnjm/OneDrive/Documents/Grad School/UTD/Spring 2025/CE 6306 ASIC Design/Projects/Midterm/ALU_Block/ALU_Top_Module/ALU.v Line: 12
    Warning (15610): No output dependent on input pin "coeff_L_data[12]" File: C:/Users/lmnjm/OneDrive/Documents/Grad School/UTD/Spring 2025/CE 6306 ASIC Design/Projects/Midterm/ALU_Block/ALU_Top_Module/ALU.v Line: 12
    Warning (15610): No output dependent on input pin "coeff_L_data[13]" File: C:/Users/lmnjm/OneDrive/Documents/Grad School/UTD/Spring 2025/CE 6306 ASIC Design/Projects/Midterm/ALU_Block/ALU_Top_Module/ALU.v Line: 12
    Warning (15610): No output dependent on input pin "coeff_L_data[14]" File: C:/Users/lmnjm/OneDrive/Documents/Grad School/UTD/Spring 2025/CE 6306 ASIC Design/Projects/Midterm/ALU_Block/ALU_Top_Module/ALU.v Line: 12
    Warning (15610): No output dependent on input pin "coeff_L_data[15]" File: C:/Users/lmnjm/OneDrive/Documents/Grad School/UTD/Spring 2025/CE 6306 ASIC Design/Projects/Midterm/ALU_Block/ALU_Top_Module/ALU.v Line: 12
    Warning (15610): No output dependent on input pin "coeff_R_data[0]" File: C:/Users/lmnjm/OneDrive/Documents/Grad School/UTD/Spring 2025/CE 6306 ASIC Design/Projects/Midterm/ALU_Block/ALU_Top_Module/ALU.v Line: 13
    Warning (15610): No output dependent on input pin "coeff_R_data[1]" File: C:/Users/lmnjm/OneDrive/Documents/Grad School/UTD/Spring 2025/CE 6306 ASIC Design/Projects/Midterm/ALU_Block/ALU_Top_Module/ALU.v Line: 13
    Warning (15610): No output dependent on input pin "coeff_R_data[2]" File: C:/Users/lmnjm/OneDrive/Documents/Grad School/UTD/Spring 2025/CE 6306 ASIC Design/Projects/Midterm/ALU_Block/ALU_Top_Module/ALU.v Line: 13
    Warning (15610): No output dependent on input pin "coeff_R_data[3]" File: C:/Users/lmnjm/OneDrive/Documents/Grad School/UTD/Spring 2025/CE 6306 ASIC Design/Projects/Midterm/ALU_Block/ALU_Top_Module/ALU.v Line: 13
    Warning (15610): No output dependent on input pin "coeff_R_data[4]" File: C:/Users/lmnjm/OneDrive/Documents/Grad School/UTD/Spring 2025/CE 6306 ASIC Design/Projects/Midterm/ALU_Block/ALU_Top_Module/ALU.v Line: 13
    Warning (15610): No output dependent on input pin "coeff_R_data[5]" File: C:/Users/lmnjm/OneDrive/Documents/Grad School/UTD/Spring 2025/CE 6306 ASIC Design/Projects/Midterm/ALU_Block/ALU_Top_Module/ALU.v Line: 13
    Warning (15610): No output dependent on input pin "coeff_R_data[6]" File: C:/Users/lmnjm/OneDrive/Documents/Grad School/UTD/Spring 2025/CE 6306 ASIC Design/Projects/Midterm/ALU_Block/ALU_Top_Module/ALU.v Line: 13
    Warning (15610): No output dependent on input pin "coeff_R_data[7]" File: C:/Users/lmnjm/OneDrive/Documents/Grad School/UTD/Spring 2025/CE 6306 ASIC Design/Projects/Midterm/ALU_Block/ALU_Top_Module/ALU.v Line: 13
    Warning (15610): No output dependent on input pin "coeff_R_data[8]" File: C:/Users/lmnjm/OneDrive/Documents/Grad School/UTD/Spring 2025/CE 6306 ASIC Design/Projects/Midterm/ALU_Block/ALU_Top_Module/ALU.v Line: 13
    Warning (15610): No output dependent on input pin "coeff_R_data[9]" File: C:/Users/lmnjm/OneDrive/Documents/Grad School/UTD/Spring 2025/CE 6306 ASIC Design/Projects/Midterm/ALU_Block/ALU_Top_Module/ALU.v Line: 13
    Warning (15610): No output dependent on input pin "coeff_R_data[10]" File: C:/Users/lmnjm/OneDrive/Documents/Grad School/UTD/Spring 2025/CE 6306 ASIC Design/Projects/Midterm/ALU_Block/ALU_Top_Module/ALU.v Line: 13
    Warning (15610): No output dependent on input pin "coeff_R_data[11]" File: C:/Users/lmnjm/OneDrive/Documents/Grad School/UTD/Spring 2025/CE 6306 ASIC Design/Projects/Midterm/ALU_Block/ALU_Top_Module/ALU.v Line: 13
    Warning (15610): No output dependent on input pin "coeff_R_data[12]" File: C:/Users/lmnjm/OneDrive/Documents/Grad School/UTD/Spring 2025/CE 6306 ASIC Design/Projects/Midterm/ALU_Block/ALU_Top_Module/ALU.v Line: 13
    Warning (15610): No output dependent on input pin "coeff_R_data[13]" File: C:/Users/lmnjm/OneDrive/Documents/Grad School/UTD/Spring 2025/CE 6306 ASIC Design/Projects/Midterm/ALU_Block/ALU_Top_Module/ALU.v Line: 13
    Warning (15610): No output dependent on input pin "coeff_R_data[14]" File: C:/Users/lmnjm/OneDrive/Documents/Grad School/UTD/Spring 2025/CE 6306 ASIC Design/Projects/Midterm/ALU_Block/ALU_Top_Module/ALU.v Line: 13
    Warning (15610): No output dependent on input pin "coeff_R_data[15]" File: C:/Users/lmnjm/OneDrive/Documents/Grad School/UTD/Spring 2025/CE 6306 ASIC Design/Projects/Midterm/ALU_Block/ALU_Top_Module/ALU.v Line: 13
Info (21057): Implemented 376 device resources after synthesis - the final resource count might be different
    Info (21058): Implemented 83 input pins
    Info (21059): Implemented 81 output pins
    Info (21061): Implemented 212 logic cells
Info: Quartus Prime Analysis & Synthesis was successful. 0 errors, 43 warnings
    Info: Peak virtual memory: 4897 megabytes
    Info: Processing ended: Wed Mar 26 23:46:48 2025
    Info: Elapsed time: 00:00:10
    Info: Total CPU time (on all processors): 00:00:17


