

==================================================================================
=== CALIBRE::DRC-H SUMMARY REPORT
===
Execution Date/Time:       Mon Mar 24 21:15:46 2025
Calibre Version:           v2024.4_12.9    Tue Oct 1 20:34:12 PDT 2024
Rule File Pathname:        _Calibre_DRC_rules_
Rule File Title:           
Layout System:             GDS
Layout Path(s):            AOI22.calibre.db
Layout Primary Cell:       AOI22
Current Directory:         /home/eng/m/mxi240020/7325/asap7/Std_cells/AOI22/DRC
User Name:                 mxi240020
Maximum Results/RuleCheck: 1000
Maximum Result Vertices:   4096
DRC Results Database:      AOI22.drc.results (ASCII)
Layout Depth:              ALL
Text Depth:                PRIMARY
Summary Report File:       AOI22.drc.summary (REPLACE)
Geometry Flagging:         ACUTE = NO  SKEW = NO  ANGLED = NO  OFFGRID = NO
                           NONSIMPLE POLYGON = NO  NONSIMPLE PATH = NO
Excluded Cells:           
CheckText Mapping:         COMMENT TEXT + RULE FILE INFORMATION
Layers:                    MEMORY-BASED
Keep Empty Checks:         YES
----------------------------------------------------------------------------------
--- RUNTIME WARNINGS
---
----------------------------------------------------------------------------------
--- ORIGINAL LAYER STATISTICS
---
LAYER GCUT ...... TOTAL Original Geometry Count = 7  (7)
LAYER GATE ...... TOTAL Original Geometry Count = 8  (8)
LAYER SRAMDRC ... TOTAL Original Geometry Count = 0  (0)
LAYER ACTIVE .... TOTAL Original Geometry Count = 4  (4)
LAYER WELL ...... TOTAL Original Geometry Count = 2  (2)
LAYER FIN ....... TOTAL Original Geometry Count = 22 (22)
LAYER NSELECT ... TOTAL Original Geometry Count = 2  (2)
LAYER PSELECT ... TOTAL Original Geometry Count = 2  (2)
LAYER SLVT ...... TOTAL Original Geometry Count = 0  (0)
LAYER LVT ....... TOTAL Original Geometry Count = 0  (0)
LAYER SRAMVT .... TOTAL Original Geometry Count = 0  (0)
LAYER DUMMY ..... TOTAL Original Geometry Count = 0  (0)
LAYER SDT ....... TOTAL Original Geometry Count = 12 (12)
LAYER LISD ...... TOTAL Original Geometry Count = 12 (12)
LAYER LIG ....... TOTAL Original Geometry Count = 8  (8)
LAYER V0 ........ TOTAL Original Geometry Count = 19 (19)
LAYER M1 ........ TOTAL Original Geometry Count = 12 (12)
LAYER M4 ........ TOTAL Original Geometry Count = 0  (0)
LAYER M5 ........ TOTAL Original Geometry Count = 0  (0)
LAYER M6 ........ TOTAL Original Geometry Count = 0  (0)
LAYER M7 ........ TOTAL Original Geometry Count = 0  (0)
LAYER M2 ........ TOTAL Original Geometry Count = 9  (9)
LAYER M3 ........ TOTAL Original Geometry Count = 5  (5)
LAYER M8 ........ TOTAL Original Geometry Count = 0  (0)
LAYER V1 ........ TOTAL Original Geometry Count = 19 (19)
LAYER V2 ........ TOTAL Original Geometry Count = 5  (5)
LAYER V3 ........ TOTAL Original Geometry Count = 0  (0)
LAYER V4 ........ TOTAL Original Geometry Count = 0  (0)
LAYER V5 ........ TOTAL Original Geometry Count = 0  (0)
LAYER V6 ........ TOTAL Original Geometry Count = 0  (0)
LAYER V7 ........ TOTAL Original Geometry Count = 0  (0)
LAYER M9 ........ TOTAL Original Geometry Count = 0  (0)
LAYER V8 ........ TOTAL Original Geometry Count = 0  (0)
LAYER V9 ........ TOTAL Original Geometry Count = 0  (0)
LAYER Pad ....... TOTAL Original Geometry Count = 0  (0)
----------------------------------------------------------------------------------
--- RULECHECK RESULTS STATISTICS
---
RULECHECK GEOMETRY.NONORTHOGONAL ..... TOTAL Result Count = 0 (0)
RULECHECK WELL.W.1 ................... TOTAL Result Count = 0 (0)
RULECHECK WELL.W.2 ................... TOTAL Result Count = 0 (0)
RULECHECK WELL.S.1 ................... TOTAL Result Count = 0 (0)
RULECHECK WELL.S.2 ................... TOTAL Result Count = 0 (0)
RULECHECK WELL.A.1A .................. TOTAL Result Count = 0 (0)
RULECHECK WELL.A.1B .................. TOTAL Result Count = 0 (0)
RULECHECK WELL.GATE.EX.1 ............. TOTAL Result Count = 0 (0)
RULECHECK WELL.GATE.EX.2 ............. TOTAL Result Count = 0 (0)
RULECHECK FIN.W.1 .................... TOTAL Result Count = 0 (0)
RULECHECK FIN.W.2 .................... TOTAL Result Count = 0 (0)
RULECHECK FIN.S.1 .................... TOTAL Result Count = 0 (0)
RULECHECK FIN.AUX.1 .................. TOTAL Result Count = 0 (0)
RULECHECK GATE.W.1 ................... TOTAL Result Count = 0 (0)
RULECHECK GATE.W.2 ................... TOTAL Result Count = 0 (0)
RULECHECK GATE.S.1 ................... TOTAL Result Count = 0 (0)
RULECHECK GATE.S.2 ................... TOTAL Result Count = 0 (0)
RULECHECK GATE.S.3 ................... TOTAL Result Count = 0 (0)
RULECHECK GATE.AUX.1 ................. TOTAL Result Count = 0 (0)
RULECHECK GATE.AUX.2 ................. TOTAL Result Count = 0 (0)
RULECHECK GATE.ACTIVE.AUX.3 .......... TOTAL Result Count = 0 (0)
RULECHECK GATE.ACTIVE.EX.1 ........... TOTAL Result Count = 0 (0)
RULECHECK GATE.ACTIVE.EX.2 ........... TOTAL Result Count = 0 (0)
RULECHECK GATE.ACTIVE.S.4 ............ TOTAL Result Count = 0 (0)
RULECHECK ACTIVE.FIN.EX.1 ............ TOTAL Result Count = 0 (0)
RULECHECK ACTIVE.W.1 ................. TOTAL Result Count = 0 (0)
RULECHECK ACTIVE.W.2 ................. TOTAL Result Count = 0 (0)
RULECHECK ACTIVE.W.3 ................. TOTAL Result Count = 0 (0)
RULECHECK ACTIVE.S.1 ................. TOTAL Result Count = 0 (0)
RULECHECK ACTIVE.S.2A ................ TOTAL Result Count = 0 (0)
RULECHECK ACTIVE.S.2B ................ TOTAL Result Count = 0 (0)
RULECHECK ACTIVE.WELL.S.4 ............ TOTAL Result Count = 0 (0)
RULECHECK SRAM.ACTIVE.WELL.S.5 ....... TOTAL Result Count = 0 (0)
RULECHECK ACTIVE.WELL.EN.1 ........... TOTAL Result Count = 0 (0)
RULECHECK SRAM.ACTIVE.WELL.EN.2 ...... TOTAL Result Count = 0 (0)
RULECHECK ACTIVE.A.1A ................ TOTAL Result Count = 0 (0)
RULECHECK ACTIVE.A.1B ................ TOTAL Result Count = 0 (0)
RULECHECK SRAM.ACTIVE.A.2A ........... TOTAL Result Count = 0 (0)
RULECHECK SRAM.ACTIVE.A.2B ........... TOTAL Result Count = 0 (0)
RULECHECK ACTIVE.AUX.1 ............... TOTAL Result Count = 0 (0)
RULECHECK SRAM.ACTIVE.AUX.2 .......... TOTAL Result Count = 0 (0)
RULECHECK ACTIVE.AUX.3 ............... TOTAL Result Count = 0 (0)
RULECHECK ACTIVE.LUP.1 ............... TOTAL Result Count = 0 (0)
RULECHECK GCUT.W.1 ................... TOTAL Result Count = 0 (0)
RULECHECK GCUT.ACTIVE.S.1 ............ TOTAL Result Count = 0 (0)
RULECHECK GCUT.GATE.EX.1 ............. TOTAL Result Count = 0 (0)
RULECHECK GCUT.GATE.S.2 .............. TOTAL Result Count = 0 (0)
RULECHECK GCUT.S.3 ................... TOTAL Result Count = 0 (0)
RULECHECK GCUT.AUX.1 ................. TOTAL Result Count = 0 (0)
RULECHECK GCUT.AUX.2 ................. TOTAL Result Count = 0 (0)
RULECHECK GCUT.AUX.3 ................. TOTAL Result Count = 0 (0)
RULECHECK NSELECT.W.1 ................ TOTAL Result Count = 0 (0)
RULECHECK NSELECT.W.2 ................ TOTAL Result Count = 0 (0)
RULECHECK NSELECT.ACTIVE.EN.1 ........ TOTAL Result Count = 0 (0)
RULECHECK NSELECT.ACTIVE.EN.2 ........ TOTAL Result Count = 0 (0)
RULECHECK SRAM.NSELECT.ACTIVE.EN.3 ... TOTAL Result Count = 0 (0)
RULECHECK SRAM.NSELECT.ACTIVE.EN.4 ... TOTAL Result Count = 0 (0)
RULECHECK NSELECT.GATE.EX.1 .......... TOTAL Result Count = 0 (0)
RULECHECK NSELECT.GATE.EX.2 .......... TOTAL Result Count = 0 (0)
RULECHECK PSELECT.W.1 ................ TOTAL Result Count = 0 (0)
RULECHECK PSELECT.W.2 ................ TOTAL Result Count = 0 (0)
RULECHECK PSELECT.ACTIVE.EN.1 ........ TOTAL Result Count = 0 (0)
RULECHECK PSELECT.ACTIVE.EN.2 ........ TOTAL Result Count = 0 (0)
RULECHECK SRAM.PSELECT.ACTIVE.EN.3 ... TOTAL Result Count = 0 (0)
RULECHECK SRAM.PSELECT.ACTIVE.EN.4 ... TOTAL Result Count = 0 (0)
RULECHECK PSELECT.GATE.EX.1 .......... TOTAL Result Count = 0 (0)
RULECHECK PSELECT.GATE.EX.2 .......... TOTAL Result Count = 0 (0)
RULECHECK NSELECT.PSELECT.AUX.1 ...... TOTAL Result Count = 0 (0)
RULECHECK SLVT.W.1 ................... TOTAL Result Count = 0 (0)
RULECHECK SLVT.W.2 ................... TOTAL Result Count = 0 (0)
RULECHECK SLVT.ACTIVE.EN.1 ........... TOTAL Result Count = 0 (0)
RULECHECK SLVT.ACTIVE.EN.2 ........... TOTAL Result Count = 0 (0)
RULECHECK SRAM.SLVT.ACTIVE.EN.3 ...... TOTAL Result Count = 0 (0)
RULECHECK SRAM.SLVT.ACTIVE.EN.4 ...... TOTAL Result Count = 0 (0)
RULECHECK SLVT.GATE.EX.1 ............. TOTAL Result Count = 0 (0)
RULECHECK SLVT.GATE.EX.2 ............. TOTAL Result Count = 0 (0)
RULECHECK LVT.W.1 .................... TOTAL Result Count = 0 (0)
RULECHECK LVT.W.2 .................... TOTAL Result Count = 0 (0)
RULECHECK LVT.ACTIVE.EN.1 ............ TOTAL Result Count = 0 (0)
RULECHECK LVT.ACTIVE.EN.2 ............ TOTAL Result Count = 0 (0)
RULECHECK SRAM.LVT.ACTIVE.EN.3 ....... TOTAL Result Count = 0 (0)
RULECHECK SRAM.LVT.ACTIVE.EN.4 ....... TOTAL Result Count = 0 (0)
RULECHECK LVT.GATE.EX.1 .............. TOTAL Result Count = 0 (0)
RULECHECK LVT.GATE.EX.2 .............. TOTAL Result Count = 0 (0)
RULECHECK SRAMVT.W.1 ................. TOTAL Result Count = 0 (0)
RULECHECK SRAMVT.W.2 ................. TOTAL Result Count = 0 (0)
RULECHECK SRAMVT.ACTIVE.EN.1 ......... TOTAL Result Count = 0 (0)
RULECHECK SRAMVT.ACTIVE.EN.2 ......... TOTAL Result Count = 0 (0)
RULECHECK SRAM.SRAMVT.ACTIVE.EN.3 .... TOTAL Result Count = 0 (0)
RULECHECK SRAM.SRAMVT.ACTIVE.EN.4 .... TOTAL Result Count = 0 (0)
RULECHECK SRAMVT.GATE.EX.1 ........... TOTAL Result Count = 0 (0)
RULECHECK SRAMVT.GATE.EX.2 ........... TOTAL Result Count = 0 (0)
RULECHECK VT.AUX.2 ................... TOTAL Result Count = 0 (0)
RULECHECK DUMMY.W.1 .................. TOTAL Result Count = 0 (0)
RULECHECK DUMMY.CHANNEL.S.1 .......... TOTAL Result Count = 0 (0)
RULECHECK DUMMY.CHANNEL.AUX.1 ........ TOTAL Result Count = 0 (0)
RULECHECK DUMMY.AUX.2 ................ TOTAL Result Count = 0 (0)
RULECHECK SDT.W.1 .................... TOTAL Result Count = 0 (0)
RULECHECK SDT.W.2 .................... TOTAL Result Count = 0 (0)
RULECHECK SDT.W.3 .................... TOTAL Result Count = 0 (0)
RULECHECK SRAM.SDT.W.4 ............... TOTAL Result Count = 0 (0)
RULECHECK SDT.S.1 .................... TOTAL Result Count = 0 (0)
RULECHECK SDT.GATE.S.2 ............... TOTAL Result Count = 0 (0)
RULECHECK SDT.ACTIVE.OV.1 ............ TOTAL Result Count = 0 (0)
RULECHECK SDT.LISD.OV.2 .............. TOTAL Result Count = 0 (0)
RULECHECK SRAM.SDT.ACTIVE.OV.3 ....... TOTAL Result Count = 0 (0)
RULECHECK SRAM.SDT.LISD.OV.4 ......... TOTAL Result Count = 0 (0)
RULECHECK SDT.GATE.AUX.1 ............. TOTAL Result Count = 0 (0)
RULECHECK SDT.ACTIVE.AUX.2 ........... TOTAL Result Count = 0 (0)
RULECHECK SDT.ACTIVE.AUX.3 ........... TOTAL Result Count = 0 (0)
RULECHECK SDT.LISD.AUX.4 ............. TOTAL Result Count = 0 (0)
RULECHECK LISD.W.1 ................... TOTAL Result Count = 0 (0)
RULECHECK LISD.S.1 ................... TOTAL Result Count = 0 (0)
RULECHECK LISD.S.2 ................... TOTAL Result Count = 0 (0)
RULECHECK LISD.S.3 ................... TOTAL Result Count = 0 (0)
RULECHECK SRAM.LISD.S.4 .............. TOTAL Result Count = 0 (0)
RULECHECK LISD.A.1 ................... TOTAL Result Count = 0 (0)
RULECHECK SRAM.LISD.AUX.1 ............ TOTAL Result Count = 0 (0)
RULECHECK LIG.W.1 .................... TOTAL Result Count = 0 (0)
RULECHECK LIG.S.1 .................... TOTAL Result Count = 0 (0)
RULECHECK LIG.S.2 .................... TOTAL Result Count = 0 (0)
RULECHECK LIG.S.3 .................... TOTAL Result Count = 0 (0)
RULECHECK LIG.S.4 .................... TOTAL Result Count = 0 (0)
RULECHECK LIG.S.5 .................... TOTAL Result Count = 0 (0)
RULECHECK LIG.LISD.S.6 ............... TOTAL Result Count = 0 (0)
RULECHECK LIG.LISD.S.7 ............... TOTAL Result Count = 0 (0)
RULECHECK LIG.SDT.S.8 ................ TOTAL Result Count = 0 (0)
RULECHECK LIG.GATE.S.9A .............. TOTAL Result Count = 0 (0)
RULECHECK LIG.GATE.S.9B .............. TOTAL Result Count = 0 (0)
RULECHECK LIG.GATE.S.10 .............. TOTAL Result Count = 0 (0)
RULECHECK LIG.GCUT.S.11 .............. TOTAL Result Count = 0 (0)
RULECHECK LIG.A.1 .................... TOTAL Result Count = 0 (0)
RULECHECK LIG.LISD.A.2 ............... TOTAL Result Count = 0 (0)
RULECHECK LIG.GATE.A.3 ............... TOTAL Result Count = 0 (0)
RULECHECK SRAM.LIG.GATE.A.4 .......... TOTAL Result Count = 0 (0)
RULECHECK LIG.GATE.AUX.1 ............. TOTAL Result Count = 0 (0)
RULECHECK SRAM.LIG.AUX.2 ............. TOTAL Result Count = 0 (0)
RULECHECK LIG.GATE.EX.1 .............. TOTAL Result Count = 0 (0)
RULECHECK LIG.LISD.OV.1 .............. TOTAL Result Count = 0 (0)
RULECHECK SRAM.LIG.GATE.OV.2 ......... TOTAL Result Count = 0 (0)
RULECHECK V0.W.1 ..................... TOTAL Result Count = 0 (0)
RULECHECK V0.S.1 ..................... TOTAL Result Count = 0 (0)
RULECHECK V0.S.2 ..................... TOTAL Result Count = 0 (0)
RULECHECK V0.S.3 ..................... TOTAL Result Count = 0 (0)
RULECHECK V0.S.4 ..................... TOTAL Result Count = 0 (0)
RULECHECK V0.M1.EN.1 ................. TOTAL Result Count = 0 (0)
RULECHECK V0.LISD.EN.2 ............... TOTAL Result Count = 0 (0)
RULECHECK V0.LISD.EN.3 ............... TOTAL Result Count = 0 (0)
RULECHECK V0.LIG.EN.4 ................ TOTAL Result Count = 0 (0)
RULECHECK V0.LIG.A.1 ................. TOTAL Result Count = 0 (0)
RULECHECK V0.AUX.1 ................... TOTAL Result Count = 0 (0)
RULECHECK V0.LIG.AUX.2 ............... TOTAL Result Count = 0 (0)
RULECHECK V0.M1.AUX.3 ................ TOTAL Result Count = 0 (0)
RULECHECK M1.W.1 ..................... TOTAL Result Count = 0 (0)
RULECHECK M1.S.1 ..................... TOTAL Result Count = 0 (0)
RULECHECK M1.S.2 ..................... TOTAL Result Count = 0 (0)
RULECHECK M1.S.3 ..................... TOTAL Result Count = 0 (0)
RULECHECK M1.S.4 ..................... TOTAL Result Count = 0 (0)
RULECHECK M1.S.5 ..................... TOTAL Result Count = 0 (0)
RULECHECK M1.S.6 ..................... TOTAL Result Count = 0 (0)
RULECHECK M1.A.1 ..................... TOTAL Result Count = 0 (0)
RULECHECK M2.W.1 ..................... TOTAL Result Count = 0 (0)
RULECHECK M2.S.1 ..................... TOTAL Result Count = 0 (0)
RULECHECK M2.S.2 ..................... TOTAL Result Count = 0 (0)
RULECHECK M2.S.3 ..................... TOTAL Result Count = 0 (0)
RULECHECK M2.S.4 ..................... TOTAL Result Count = 0 (0)
RULECHECK M2.S.5 ..................... TOTAL Result Count = 0 (0)
RULECHECK M2.S.6 ..................... TOTAL Result Count = 0 (0)
RULECHECK M2.A.1 ..................... TOTAL Result Count = 0 (0)
RULECHECK M3.W.1 ..................... TOTAL Result Count = 0 (0)
RULECHECK M3.S.1 ..................... TOTAL Result Count = 0 (0)
RULECHECK M3.S.2 ..................... TOTAL Result Count = 0 (0)
RULECHECK M3.S.3 ..................... TOTAL Result Count = 0 (0)
RULECHECK M3.S.4 ..................... TOTAL Result Count = 0 (0)
RULECHECK M3.S.5 ..................... TOTAL Result Count = 0 (0)
RULECHECK M3.S.6 ..................... TOTAL Result Count = 0 (0)
RULECHECK M3.A.1 ..................... TOTAL Result Count = 0 (0)
RULECHECK V1.W.1 ..................... TOTAL Result Count = 0 (0)
RULECHECK V1.S.1 ..................... TOTAL Result Count = 0 (0)
RULECHECK V1.S.2 ..................... TOTAL Result Count = 0 (0)
RULECHECK V1.S.3 ..................... TOTAL Result Count = 0 (0)
RULECHECK V1.S.4 ..................... TOTAL Result Count = 0 (0)
RULECHECK V1.M1.EN.1 ................. TOTAL Result Count = 0 (0)
RULECHECK V1.M2.EN.2 ................. TOTAL Result Count = 0 (0)
RULECHECK V1.AUX.1 ................... TOTAL Result Count = 0 (0)
RULECHECK V1.M2.AUX.2 ................ TOTAL Result Count = 0 (0)
RULECHECK V2.W.1 ..................... TOTAL Result Count = 0 (0)
RULECHECK V2.S.1 ..................... TOTAL Result Count = 0 (0)
RULECHECK V2.S.2 ..................... TOTAL Result Count = 0 (0)
RULECHECK V2.S.3 ..................... TOTAL Result Count = 0 (0)
RULECHECK V2.S.4 ..................... TOTAL Result Count = 0 (0)
RULECHECK V2.M2.EN.1 ................. TOTAL Result Count = 0 (0)
RULECHECK V2.M3.EN.2 ................. TOTAL Result Count = 0 (0)
RULECHECK V2.AUX.1 ................... TOTAL Result Count = 0 (0)
RULECHECK V2.M3.AUX.2 ................ TOTAL Result Count = 0 (0)
RULECHECK V3.W.1 ..................... TOTAL Result Count = 0 (0)
RULECHECK V3.S.1 ..................... TOTAL Result Count = 0 (0)
RULECHECK V3.S.2 ..................... TOTAL Result Count = 0 (0)
RULECHECK V3.S.3 ..................... TOTAL Result Count = 0 (0)
RULECHECK V3.S.4 ..................... TOTAL Result Count = 0 (0)
RULECHECK V3.M3.EN.1 ................. TOTAL Result Count = 0 (0)
RULECHECK V3.M4.EN.2 ................. TOTAL Result Count = 0 (0)
RULECHECK V3.AUX.1 ................... TOTAL Result Count = 0 (0)
RULECHECK V3.M4.AUX.2 ................ TOTAL Result Count = 0 (0)
RULECHECK M4.W.1 ..................... TOTAL Result Count = 0 (0)
RULECHECK M4.W.2 ..................... TOTAL Result Count = 0 (0)
RULECHECK M4.W.3 ..................... TOTAL Result Count = 0 (0)
RULECHECK M4.W.4 ..................... TOTAL Result Count = 0 (0)
RULECHECK M4.W.5 ..................... TOTAL Result Count = 0 (0)
RULECHECK M4.S.1 ..................... TOTAL Result Count = 0 (0)
RULECHECK M4.S.2 ..................... TOTAL Result Count = 0 (0)
RULECHECK M4.S.3 ..................... TOTAL Result Count = 0 (0)
RULECHECK M4.S.4 ..................... TOTAL Result Count = 0 (0)
RULECHECK M4.S.5 ..................... TOTAL Result Count = 0 (0)
RULECHECK M4.AUX.1 ................... TOTAL Result Count = 0 (0)
RULECHECK M4.AUX.2 ................... TOTAL Result Count = 0 (0)
RULECHECK M4.AUX.3 ................... TOTAL Result Count = 0 (0)
RULECHECK M4.AUX.4 ................... TOTAL Result Count = 0 (0)
RULECHECK M5.W.1 ..................... TOTAL Result Count = 0 (0)
RULECHECK M5.W.2 ..................... TOTAL Result Count = 0 (0)
RULECHECK M5.W.3 ..................... TOTAL Result Count = 0 (0)
RULECHECK M5.W.4 ..................... TOTAL Result Count = 0 (0)
RULECHECK M5.W.5 ..................... TOTAL Result Count = 0 (0)
RULECHECK M5.S.1 ..................... TOTAL Result Count = 0 (0)
RULECHECK M5.S.2 ..................... TOTAL Result Count = 0 (0)
RULECHECK M5.S.3 ..................... TOTAL Result Count = 0 (0)
RULECHECK M5.S.4 ..................... TOTAL Result Count = 0 (0)
RULECHECK M5.S.5 ..................... TOTAL Result Count = 0 (0)
RULECHECK M5.AUX.1 ................... TOTAL Result Count = 0 (0)
RULECHECK M5.AUX.2 ................... TOTAL Result Count = 0 (0)
RULECHECK M5.AUX.3 ................... TOTAL Result Count = 0 (0)
RULECHECK M5.AUX.4 ................... TOTAL Result Count = 0 (0)
RULECHECK M6.W.1 ..................... TOTAL Result Count = 0 (0)
RULECHECK M6.W.2 ..................... TOTAL Result Count = 0 (0)
RULECHECK M6.W.3 ..................... TOTAL Result Count = 0 (0)
RULECHECK M6.W.4 ..................... TOTAL Result Count = 0 (0)
RULECHECK M6.W.5 ..................... TOTAL Result Count = 0 (0)
RULECHECK M6.S.1 ..................... TOTAL Result Count = 0 (0)
RULECHECK M6.S.2 ..................... TOTAL Result Count = 0 (0)
RULECHECK M6.S.3 ..................... TOTAL Result Count = 0 (0)
RULECHECK M6.S.4 ..................... TOTAL Result Count = 0 (0)
RULECHECK M6.S.5 ..................... TOTAL Result Count = 0 (0)
RULECHECK M6.AUX.1 ................... TOTAL Result Count = 0 (0)
RULECHECK M6.AUX.2 ................... TOTAL Result Count = 0 (0)
RULECHECK M6.AUX.3 ................... TOTAL Result Count = 0 (0)
RULECHECK M6.AUX.4 ................... TOTAL Result Count = 0 (0)
RULECHECK M7.W.1 ..................... TOTAL Result Count = 0 (0)
RULECHECK M7.W.2 ..................... TOTAL Result Count = 0 (0)
RULECHECK M7.W.3 ..................... TOTAL Result Count = 0 (0)
RULECHECK M7.W.4 ..................... TOTAL Result Count = 0 (0)
RULECHECK M7.W.5 ..................... TOTAL Result Count = 0 (0)
RULECHECK M7.S.1 ..................... TOTAL Result Count = 0 (0)
RULECHECK M7.S.2 ..................... TOTAL Result Count = 0 (0)
RULECHECK M7.S.3 ..................... TOTAL Result Count = 0 (0)
RULECHECK M7.S.4 ..................... TOTAL Result Count = 0 (0)
RULECHECK M7.S.5 ..................... TOTAL Result Count = 0 (0)
RULECHECK M7.AUX.1 ................... TOTAL Result Count = 0 (0)
RULECHECK M7.AUX.2 ................... TOTAL Result Count = 0 (0)
RULECHECK M7.AUX.3 ................... TOTAL Result Count = 0 (0)
RULECHECK M7.AUX.4 ................... TOTAL Result Count = 0 (0)
RULECHECK V4.W.1 ..................... TOTAL Result Count = 0 (0)
RULECHECK V4.S.1 ..................... TOTAL Result Count = 0 (0)
RULECHECK V4.S.2 ..................... TOTAL Result Count = 0 (0)
RULECHECK V4.S.3 ..................... TOTAL Result Count = 0 (0)
RULECHECK V4.M4.EN.1 ................. TOTAL Result Count = 0 (0)
RULECHECK V4.M5.EN.2 ................. TOTAL Result Count = 0 (0)
RULECHECK V4.AUX.1 ................... TOTAL Result Count = 0 (0)
RULECHECK V4.M5.AUX.2 ................ TOTAL Result Count = 0 (0)
RULECHECK V5.W.1 ..................... TOTAL Result Count = 0 (0)
RULECHECK V5.S.1 ..................... TOTAL Result Count = 0 (0)
RULECHECK V5.S.2 ..................... TOTAL Result Count = 0 (0)
RULECHECK V5.S.3 ..................... TOTAL Result Count = 0 (0)
RULECHECK V5.M5.EN.1 ................. TOTAL Result Count = 0 (0)
RULECHECK V5.M6.EN.2 ................. TOTAL Result Count = 0 (0)
RULECHECK V5.AUX.1 ................... TOTAL Result Count = 0 (0)
RULECHECK V5.M6.AUX.2 ................ TOTAL Result Count = 0 (0)
RULECHECK V6.W.1 ..................... TOTAL Result Count = 0 (0)
RULECHECK V6.S.1 ..................... TOTAL Result Count = 0 (0)
RULECHECK V6.S.2 ..................... TOTAL Result Count = 0 (0)
RULECHECK V6.S.3 ..................... TOTAL Result Count = 0 (0)
RULECHECK V6.M6.EN.1 ................. TOTAL Result Count = 0 (0)
RULECHECK V6.M7.EN.2 ................. TOTAL Result Count = 0 (0)
RULECHECK V6.AUX.1 ................... TOTAL Result Count = 0 (0)
RULECHECK V6.M7.AUX.2 ................ TOTAL Result Count = 0 (0)
RULECHECK V7.W.1 ..................... TOTAL Result Count = 0 (0)
RULECHECK V7.S.1 ..................... TOTAL Result Count = 0 (0)
RULECHECK V7.S.2 ..................... TOTAL Result Count = 0 (0)
RULECHECK V7.S.3 ..................... TOTAL Result Count = 0 (0)
RULECHECK V7.M7.EN.1 ................. TOTAL Result Count = 0 (0)
RULECHECK V7.M8.EN.2 ................. TOTAL Result Count = 0 (0)
RULECHECK V7.AUX.1 ................... TOTAL Result Count = 0 (0)
RULECHECK V7.M8.AUX.2 ................ TOTAL Result Count = 0 (0)
RULECHECK M8.W.1 ..................... TOTAL Result Count = 0 (0)
RULECHECK M8.W.2 ..................... TOTAL Result Count = 0 (0)
RULECHECK M8.W.3 ..................... TOTAL Result Count = 0 (0)
RULECHECK M8.W.4 ..................... TOTAL Result Count = 0 (0)
RULECHECK M8.W.5 ..................... TOTAL Result Count = 0 (0)
RULECHECK M8.S.1 ..................... TOTAL Result Count = 0 (0)
RULECHECK M8.S.2 ..................... TOTAL Result Count = 0 (0)
RULECHECK M8.S.3 ..................... TOTAL Result Count = 0 (0)
RULECHECK M8.S.4 ..................... TOTAL Result Count = 0 (0)
RULECHECK M8.S.5 ..................... TOTAL Result Count = 0 (0)
RULECHECK M8.S.6 ..................... TOTAL Result Count = 0 (0)
RULECHECK M8.S.7 ..................... TOTAL Result Count = 0 (0)
RULECHECK M8.S.8 ..................... TOTAL Result Count = 0 (0)
RULECHECK M8.A.1 ..................... TOTAL Result Count = 0 (0)
RULECHECK M8.L.1 ..................... TOTAL Result Count = 0 (0)
RULECHECK M9.W.1 ..................... TOTAL Result Count = 0 (0)
RULECHECK M9.W.2 ..................... TOTAL Result Count = 0 (0)
RULECHECK M9.W.3 ..................... TOTAL Result Count = 0 (0)
RULECHECK M9.W.4 ..................... TOTAL Result Count = 0 (0)
RULECHECK M9.W.5 ..................... TOTAL Result Count = 0 (0)
RULECHECK M9.S.1 ..................... TOTAL Result Count = 0 (0)
RULECHECK M9.S.2 ..................... TOTAL Result Count = 0 (0)
RULECHECK M9.S.3 ..................... TOTAL Result Count = 0 (0)
RULECHECK M9.S.4 ..................... TOTAL Result Count = 0 (0)
RULECHECK M9.S.5 ..................... TOTAL Result Count = 0 (0)
RULECHECK M9.S.6 ..................... TOTAL Result Count = 0 (0)
RULECHECK M9.S.7 ..................... TOTAL Result Count = 0 (0)
RULECHECK M9.S.8 ..................... TOTAL Result Count = 0 (0)
RULECHECK M9.A.1 ..................... TOTAL Result Count = 0 (0)
RULECHECK M9.L.1 ..................... TOTAL Result Count = 0 (0)
RULECHECK V8.W.1 ..................... TOTAL Result Count = 0 (0)
RULECHECK V8.S.1 ..................... TOTAL Result Count = 0 (0)
RULECHECK V8.S.2 ..................... TOTAL Result Count = 0 (0)
RULECHECK V8.M8.EN.1 ................. TOTAL Result Count = 0 (0)
RULECHECK V8.M9.EN.2 ................. TOTAL Result Count = 0 (0)
RULECHECK V8.AUX.1 ................... TOTAL Result Count = 0 (0)
RULECHECK V9.W.1 ..................... TOTAL Result Count = 0 (0)
RULECHECK V9.S.1 ..................... TOTAL Result Count = 0 (0)
RULECHECK V9.S.2 ..................... TOTAL Result Count = 0 (0)
RULECHECK V9.M9.EN.1 ................. TOTAL Result Count = 0 (0)
RULECHECK V9.PAD.EN.2 ................ TOTAL Result Count = 0 (0)
RULECHECK V9.AUX.1 ................... TOTAL Result Count = 0 (0)
----------------------------------------------------------------------------------
--- RULECHECK RESULTS STATISTICS (BY CELL)
---
----------------------------------------------------------------------------------
--- SUMMARY
---
TOTAL CPU Time:                  0
TOTAL REAL Time:                 0
TOTAL Original Layer Geometries: 148 (148)
TOTAL DRC RuleChecks Executed:   334
TOTAL DRC Results Generated:     0 (0)
