###############################################################
#  Generated by:      Cadence Innovus 19.11-s128_1
#  OS:                Linux x86_64(Host ID engnx04a.utdallas.edu)
#  Generated on:      Mon May  5 22:20:13 2025
#  Design:            MSDAP
#  Command:           check_drc -limit 500 -out_file reports/drc.rpt
###############################################################

VIAENCLOSURE: ( Enclosure ) Regular Wire of Net Co_mem_R/mem_0_O[2]  ( M3 )
Bounds : ( 209.484, 121.344 ) ( 209.556, 121.440 )


VIAENCLOSURE: ( Enclosure ) Regular Wire of Net Co_mem_R/mem_0_CSB  ( M3 )
Bounds : ( 211.212, 121.536 ) ( 211.284, 121.632 )


VIAENCLOSURE: ( Enclosure ) Regular Wire of Net Co_mem_R/mem_0_O[0]  ( M3 )
Bounds : ( 208.476, 127.104 ) ( 208.548, 127.200 )


VIAENCLOSURE: ( Enclosure ) Regular Wire of Net Co_mem_R/mem_0_O[1]  ( M3 )
Bounds : ( 208.620, 127.680 ) ( 208.692, 127.776 )


VIAENCLOSURE: ( Enclosure ) Regular Wire of Net Co_mem_R/mem_0_O[4]  ( M3 )
Bounds : ( 208.620, 128.256 ) ( 208.692, 128.352 )


VIAENCLOSURE: ( Enclosure ) Regular Wire of Net Co_mem_R/mem_1_CSB  ( M3 )
Bounds : ( 179.532, 120.000 ) ( 179.604, 120.096 )


VIAENCLOSURE: ( Enclosure ) Regular Wire of Net Co_mem_R/CTS_1  ( M3 )
Bounds : ( 182.412, 121.536 ) ( 182.484, 121.632 )


VIAENCLOSURE: ( Enclosure ) Regular Wire of Net Co_mem_R/FE_OFN9_n_70  ( M3 )
Bounds : ( 185.868, 121.344 ) ( 185.940, 121.440 )


VIAENCLOSURE: ( Enclosure ) Regular Wire of Net Co_mem_R/mem_1_O[5]  ( M3 )
Bounds : ( 179.532, 123.456 ) ( 179.604, 123.552 )


VIAENCLOSURE: ( Enclosure ) Regular Wire of Net Co_mem_R/mem_1_O[8]  ( M3 )
Bounds : ( 179.964, 129.024 ) ( 180.036, 129.120 )


VIAENCLOSURE: ( Enclosure ) Regular Wire of Net Co_mem_R/mem_1_O[1]  ( M3 )
Bounds : ( 180.396, 127.680 ) ( 180.468, 127.776 )


VIAENCLOSURE: ( Enclosure ) Regular Wire of Net Co_mem_R/mem_0_O[6]  ( M3 )
Bounds : ( 208.044, 117.312 ) ( 208.116, 117.408 )


VIAENCLOSURE: ( Enclosure ) Regular Wire of Net n_70  ( M3 )
Bounds : ( 210.060, 119.424 ) ( 210.132, 119.520 )


VIAENCLOSURE: ( Enclosure ) Regular Wire of Net Co_mem_R/mem_0_O[8]  ( M3 )
Bounds : ( 203.148, 119.232 ) ( 203.220, 119.328 )


VIAENCLOSURE: ( Enclosure ) Regular Wire of Net Co_mem_R/mem_0_O[7]  ( M3 )
Bounds : ( 206.604, 117.120 ) ( 206.676, 117.216 )


VIAENCLOSURE: ( Enclosure ) Regular Wire of Net Co_mem_R/mem_0_O[5]  ( M3 )
Bounds : ( 206.748, 118.848 ) ( 206.820, 118.944 )


VIAENCLOSURE: ( Enclosure ) Regular Wire of Net Co_mem_R/mem_0_O[3]  ( M3 )
Bounds : ( 207.180, 118.272 ) ( 207.252, 118.368 )


VIAENCLOSURE: ( Enclosure ) Regular Wire of Net Co_mem_R/mem_1_O[0]  ( M3 )
Bounds : ( 184.140, 119.424 ) ( 184.212, 119.520 )


VIAENCLOSURE: ( Enclosure ) Regular Wire of Net Co_mem_R/mem_1_O[4]  ( M3 )
Bounds : ( 183.564, 118.272 ) ( 183.636, 118.368 )


VIAENCLOSURE: ( Enclosure ) Regular Wire of Net Co_mem_R/mem_1_O[7]  ( M3 )
Bounds : ( 182.988, 116.736 ) ( 183.060, 116.832 )


VIAENCLOSURE: ( Enclosure ) Regular Wire of Net Co_mem_R/mem_1_O[2]  ( M3 )
Bounds : ( 181.836, 119.040 ) ( 181.908, 119.136 )


VIAENCLOSURE: ( Enclosure ) Regular Wire of Net Co_mem_R/mem_1_O[6]  ( M3 )
Bounds : ( 180.828, 117.120 ) ( 180.900, 117.216 )


VIAENCLOSURE: ( Enclosure ) Regular Wire of Net Co_mem_R/mem_1_O[3]  ( M3 )
Bounds : ( 180.684, 118.272 ) ( 180.756, 118.368 )


VIAENCLOSURE: ( Enclosure ) Regular Wire of Net Co_mem_R/FE_OFN48_Co_mem_R_addr_0  ( M3 )
Bounds : ( 180.252, 116.736 ) ( 180.324, 116.832 )


VIAENCLOSURE: ( Enclosure ) Regular Wire of Net Co_mem_R/FE_OFN32_mem_OEB  ( M3 )
Bounds : ( 179.532, 117.120 ) ( 179.604, 117.216 )


VIAENCLOSURE: ( Enclosure ) Regular Wire of Net CTS_4  ( M3 )
Bounds : ( 181.260, 94.464 ) ( 181.332, 94.560 )


VIAENCLOSURE: ( Enclosure ) Regular Wire of Net Co_mem_R/CTS_2  ( M3 )
Bounds : ( 200.844, 94.080 ) ( 200.916, 94.176 )


VIAENCLOSURE: ( Enclosure ) Regular Wire of Net Co_mem_R/mem_3_O[1]  ( M3 )
Bounds : ( 148.860, 128.256 ) ( 148.932, 128.352 )


VIAENCLOSURE: ( Enclosure ) Regular Wire of Net Co_mem_R/mem_2_O[2]  ( M3 )
Bounds : ( 150.588, 127.872 ) ( 150.660, 127.968 )


VIAENCLOSURE: ( Enclosure ) Regular Wire of Net Co_mem_R/FE_OFN43_Co_mem_R_addr_5  ( M3 )
Bounds : ( 151.020, 124.032 ) ( 151.092, 124.128 )


VIAENCLOSURE: ( Enclosure ) Regular Wire of Net Co_mem_R/mem_2_O[0]  ( M3 )
Bounds : ( 151.884, 121.536 ) ( 151.956, 121.632 )


VIAENCLOSURE: ( Enclosure ) Regular Wire of Net Co_mem_R/mem_2_O[5]  ( M3 )
Bounds : ( 152.460, 121.728 ) ( 152.532, 121.824 )


VIAENCLOSURE: ( Enclosure ) Regular Wire of Net Co_mem_R/CTS_5  ( M3 )
Bounds : ( 153.612, 121.344 ) ( 153.684, 121.440 )


VIAENCLOSURE: ( Enclosure ) Regular Wire of Net Co_mem_R/mem_2_CSB  ( M3 )
Bounds : ( 155.340, 120.576 ) ( 155.412, 120.672 )


VIAENCLOSURE: ( Enclosure ) Regular Wire of Net Co_mem_R/mem_2_O[6]  ( M3 )
Bounds : ( 149.004, 121.728 ) ( 149.076, 121.824 )


VIAENCLOSURE: ( Enclosure ) Regular Wire of Net Co_mem_R/mem_2_O[4]  ( M3 )
Bounds : ( 150.156, 120.384 ) ( 150.228, 120.480 )


VIAENCLOSURE: ( Enclosure ) Regular Wire of Net Co_mem_R/mem_3_CSB  ( M3 )
Bounds : ( 127.116, 120.192 ) ( 127.188, 120.288 )


VIAENCLOSURE: ( Enclosure ) Regular Wire of Net Co_mem_R/mem_3_O[8]  ( M3 )
Bounds : ( 129.420, 120.384 ) ( 129.492, 120.480 )


VIAENCLOSURE: ( Enclosure ) Regular Wire of Net Co_mem_R/mem_3_O[2]  ( M3 )
Bounds : ( 136.332, 120.384 ) ( 136.404, 120.480 )


VIAENCLOSURE: ( Enclosure ) Regular Wire of Net Co_mem_R/FE_OFN46_Co_mem_R_addr_2  ( M3 )
Bounds : ( 164.556, 114.816 ) ( 164.628, 114.912 )


VIAENCLOSURE: ( Enclosure ) Regular Wire of Net Co_mem_R_data[8]  ( M3 )
Bounds : ( 168.012, 117.312 ) ( 168.084, 117.408 )


VIAENCLOSURE: ( Enclosure ) Regular Wire of Net Co_mem_R/FE_OFN13_n_74  ( M3 )
Bounds : ( 157.068, 114.816 ) ( 157.140, 114.912 )


VIAENCLOSURE: ( Enclosure ) Regular Wire of Net Co_mem_R/FE_OFN45_Co_mem_R_addr_3  ( M3 )
Bounds : ( 160.668, 116.352 ) ( 160.740, 116.448 )


VIAENCLOSURE: ( Enclosure ) Regular Wire of Net CTS_5  ( M3 )
Bounds : ( 161.676, 118.080 ) ( 161.748, 118.176 )


VIAENCLOSURE: ( Enclosure ) Regular Wire of Net Co_mem_R/FE_OFN47_Co_mem_R_addr_1  ( M3 )
Bounds : ( 162.252, 114.432 ) ( 162.324, 114.528 )


VIAENCLOSURE: ( Enclosure ) Regular Wire of Net Co_mem_R/mem_3_O[7]  ( M3 )
Bounds : ( 148.428, 118.272 ) ( 148.500, 118.368 )


VIAENCLOSURE: ( Enclosure ) Regular Wire of Net Co_mem_R/mem_2_O[7]  ( M3 )
Bounds : ( 150.732, 118.272 ) ( 150.804, 118.368 )


VIAENCLOSURE: ( Enclosure ) Regular Wire of Net Co_mem_R/FE_OFN32_mem_OEB  ( M3 )
Bounds : ( 151.884, 114.432 ) ( 151.956, 114.528 )


VIAENCLOSURE: ( Enclosure ) Regular Wire of Net Co_mem_R/mem_2_O[1]  ( M3 )
Bounds : ( 153.612, 119.424 ) ( 153.684, 119.520 )


VIAENCLOSURE: ( Enclosure ) Regular Wire of Net Co_mem_R/FE_OFN48_Co_mem_R_addr_0  ( M3 )
Bounds : ( 153.900, 115.776 ) ( 153.972, 115.872 )


VIAENCLOSURE: ( Enclosure ) Regular Wire of Net Co_mem_R/mem_2_O[3]  ( M3 )
Bounds : ( 154.044, 118.272 ) ( 154.116, 118.368 )


VIAENCLOSURE: ( Enclosure ) Regular Wire of Net CTS_5  ( M3 )
Bounds : ( 155.340, 115.392 ) ( 155.412, 115.488 )


VIAENCLOSURE: ( Enclosure ) Regular Wire of Net Co_mem_R/mem_2_O[8]  ( M3 )
Bounds : ( 155.340, 119.424 ) ( 155.412, 119.520 )


VIAENCLOSURE: ( Enclosure ) Regular Wire of Net Co_mem_R/FE_OFN14_n_75  ( M3 )
Bounds : ( 159.948, 105.792 ) ( 160.020, 105.888 )


VIAENCLOSURE: ( Enclosure ) Regular Wire of Net CTS_5  ( M3 )
Bounds : ( 153.036, 97.152 ) ( 153.108, 97.248 )


VIAENCLOSURE: ( Enclosure ) Regular Wire of Net Co_mem_R/FE_OFN15_n_76  ( M3 )
Bounds : ( 157.932, 103.680 ) ( 158.004, 103.776 )


VIAENCLOSURE: ( Enclosure ) Regular Wire of Net CTS_4  ( M3 )
Bounds : ( 170.172, 94.080 ) ( 170.244, 94.176 )


VIAENCLOSURE: ( Enclosure ) Regular Wire of Net Co_mem_R/mem_3_O[0]  ( M3 )
Bounds : ( 135.756, 119.232 ) ( 135.828, 119.328 )


VIAENCLOSURE: ( Enclosure ) Regular Wire of Net Co_mem_R/mem_3_O[4]  ( M3 )
Bounds : ( 137.484, 118.656 ) ( 137.556, 118.752 )


VIAENCLOSURE: ( Enclosure ) Regular Wire of Net Co_mem_R/mem_WEB  ( M3 )
Bounds : ( 143.244, 119.424 ) ( 143.316, 119.520 )


VIAENCLOSURE: ( Enclosure ) Regular Wire of Net Co_mem_R/FE_OFN28_mem_WEB  ( M3 )
Bounds : ( 144.396, 119.040 ) ( 144.468, 119.136 )


VIAENCLOSURE: ( Enclosure ) Regular Wire of Net Co_mem_R_addr[4]  ( M3 )
Bounds : ( 145.548, 119.424 ) ( 145.620, 119.520 )


VIAENCLOSURE: ( Enclosure ) Regular Wire of Net Co_mem_R/FE_OFN42_Co_mem_R_addr_6  ( M3 )
Bounds : ( 146.124, 116.352 ) ( 146.196, 116.448 )


VIAENCLOSURE: ( Enclosure ) Regular Wire of Net Co_mem_R/FE_OFN44_Co_mem_R_addr_4  ( M3 )
Bounds : ( 146.700, 119.616 ) ( 146.772, 119.712 )


VIAENCLOSURE: ( Enclosure ) Regular Wire of Net Co_mem_R/mem_3_O[5]  ( M3 )
Bounds : ( 124.236, 116.928 ) ( 124.308, 117.024 )


VIAENCLOSURE: ( Enclosure ) Regular Wire of Net Co_mem_R/FE_OFN32_mem_OEB  ( M3 )
Bounds : ( 126.540, 116.544 ) ( 126.612, 116.640 )


VIAENCLOSURE: ( Enclosure ) Regular Wire of Net Co_mem_R/mem_3_O[3]  ( M3 )
Bounds : ( 127.980, 118.464 ) ( 128.052, 118.560 )


VIAENCLOSURE: ( Enclosure ) Regular Wire of Net Co_mem_R_addr[5]  ( M3 )
Bounds : ( 128.988, 118.272 ) ( 129.060, 118.368 )


VIAENCLOSURE: ( Enclosure ) Regular Wire of Net Co_mem_R/mem_3_O[6]  ( M3 )
Bounds : ( 129.996, 117.696 ) ( 130.068, 117.792 )


VIAENCLOSURE: ( Enclosure ) Regular Wire of Net Co_mem_R/FE_OFN18_n_79  ( M3 )
Bounds : ( 125.388, 97.152 ) ( 125.460, 97.248 )


VIAENCLOSURE: ( Enclosure ) Regular Wire of Net Co_mem_R/CTS_4  ( M3 )
Bounds : ( 146.412, 94.272 ) ( 146.484, 94.368 )


VIAENCLOSURE: ( Enclosure ) Regular Wire of Net CTS_5  ( M3 )
Bounds : ( 146.700, 97.536 ) ( 146.772, 97.632 )


VIAENCLOSURE: ( Enclosure ) Regular Wire of Net Co_mem_L/mem_3_O[5]  ( M3 )
Bounds : ( 90.828, 120.000 ) ( 90.900, 120.096 )


VIAENCLOSURE: ( Enclosure ) Regular Wire of Net Co_mem_L/mem_WEB  ( M3 )
Bounds : ( 97.164, 120.384 ) ( 97.236, 120.480 )


VIAENCLOSURE: ( Enclosure ) Regular Wire of Net Co_mem_L/mem_3_O[0]  ( M3 )
Bounds : ( 99.468, 121.344 ) ( 99.540, 121.440 )


VIAENCLOSURE: ( Enclosure ) Regular Wire of Net Co_mem_L/mem_3_O[2]  ( M3 )
Bounds : ( 108.108, 121.344 ) ( 108.180, 121.440 )


VIAENCLOSURE: ( Enclosure ) Regular Wire of Net Co_mem_L/mem_3_CSB  ( M3 )
Bounds : ( 110.988, 121.728 ) ( 111.060, 121.824 )


VIAENCLOSURE: ( Enclosure ) Regular Wire of Net Co_mem_L/mem_3_O[3]  ( M3 )
Bounds : ( 111.564, 120.000 ) ( 111.636, 120.096 )


VIAENCLOSURE: ( Enclosure ) Regular Wire of Net Co_mem_L/mem_3_O[8]  ( M3 )
Bounds : ( 87.948, 128.064 ) ( 88.020, 128.160 )


VIAENCLOSURE: ( Enclosure ) Regular Wire of Net Co_mem_L/FE_OFN37_Co_mem_L_addr_4  ( M3 )
Bounds : ( 85.788, 123.840 ) ( 85.860, 123.936 )


VIAENCLOSURE: ( Enclosure ) Regular Wire of Net Co_mem_L/mem_2_O[7]  ( M3 )
Bounds : ( 85.644, 128.832 ) ( 85.716, 128.928 )


VIAENCLOSURE: ( Enclosure ) Regular Wire of Net Co_mem_L/mem_2_O[3]  ( M3 )
Bounds : ( 85.644, 128.064 ) ( 85.716, 128.160 )


VIAENCLOSURE: ( Enclosure ) Regular Wire of Net Co_mem_L/FE_OFN27_mem_WEB  ( M3 )
Bounds : ( 85.644, 122.112 ) ( 85.716, 122.208 )


VIAENCLOSURE: ( Enclosure ) Regular Wire of Net Co_mem_L/mem_2_O[5]  ( M3 )
Bounds : ( 85.068, 120.960 ) ( 85.140, 121.056 )


VIAENCLOSURE: ( Enclosure ) Regular Wire of Net Co_mem_L/FE_OFN39_Co_mem_L_addr_2  ( M3 )
Bounds : ( 81.612, 121.728 ) ( 81.684, 121.824 )


VIAENCLOSURE: ( Enclosure ) Regular Wire of Net Co_mem_L/mem_2_CSB  ( M3 )
Bounds : ( 80.460, 119.808 ) ( 80.532, 119.904 )


VIAENCLOSURE: ( Enclosure ) Regular Wire of Net Co_mem_L_addr[4]  ( M3 )
Bounds : ( 104.076, 117.120 ) ( 104.148, 117.216 )


VIAENCLOSURE: ( Enclosure ) Regular Wire of Net Co_mem_L/mem_3_O[6]  ( M3 )
Bounds : ( 106.956, 117.504 ) ( 107.028, 117.600 )


VIAENCLOSURE: ( Enclosure ) Regular Wire of Net Co_mem_L/mem_3_O[1]  ( M3 )
Bounds : ( 107.676, 118.656 ) ( 107.748, 118.752 )


VIAENCLOSURE: ( Enclosure ) Regular Wire of Net Co_mem_L_addr[5]  ( M3 )
Bounds : ( 109.260, 116.736 ) ( 109.332, 116.832 )


VIAENCLOSURE: ( Enclosure ) Regular Wire of Net Co_mem_L/FE_OFN31_mem_OEB  ( M3 )
Bounds : ( 109.692, 114.432 ) ( 109.764, 114.528 )


VIAENCLOSURE: ( Enclosure ) Regular Wire of Net Co_mem_L/mem_3_O[4]  ( M3 )
Bounds : ( 112.716, 118.272 ) ( 112.788, 118.368 )


VIAENCLOSURE: ( Enclosure ) Regular Wire of Net Co_mem_L/mem_2_O[2]  ( M3 )
Bounds : ( 90.252, 119.424 ) ( 90.324, 119.520 )


VIAENCLOSURE: ( Enclosure ) Regular Wire of Net Co_mem_L_addr[6]  ( M3 )
Bounds : ( 91.980, 116.928 ) ( 92.052, 117.024 )


VIAENCLOSURE: ( Enclosure ) Regular Wire of Net Co_mem_L/mem_3_O[7]  ( M3 )
Bounds : ( 102.924, 118.656 ) ( 102.996, 118.752 )


VIAENCLOSURE: ( Enclosure ) Regular Wire of Net CTS_3  ( M3 )
Bounds : ( 91.980, 96.000 ) ( 92.052, 96.096 )


VIAENCLOSURE: ( Enclosure ) Regular Wire of Net CTS_3  ( M3 )
Bounds : ( 92.412, 98.496 ) ( 92.484, 98.592 )


VIAENCLOSURE: ( Enclosure ) Regular Wire of Net Co_mem_L/FE_OFN35_Co_mem_L_addr_6  ( M3 )
Bounds : ( 81.468, 118.656 ) ( 81.540, 118.752 )


VIAENCLOSURE: ( Enclosure ) Regular Wire of Net Co_mem_L/FE_OFN41_Co_mem_L_addr_0  ( M3 )
Bounds : ( 81.900, 116.160 ) ( 81.972, 116.256 )


VIAENCLOSURE: ( Enclosure ) Regular Wire of Net Co_mem_L/mem_2_O[1]  ( M3 )
Bounds : ( 83.052, 118.080 ) ( 83.124, 118.176 )


VIAENCLOSURE: ( Enclosure ) Regular Wire of Net Co_mem_L/mem_2_O[8]  ( M3 )
Bounds : ( 83.340, 119.616 ) ( 83.412, 119.712 )


VIAENCLOSURE: ( Enclosure ) Regular Wire of Net Co_mem_L/mem_2_O[0]  ( M3 )
Bounds : ( 84.492, 119.424 ) ( 84.564, 119.520 )


VIAENCLOSURE: ( Enclosure ) Regular Wire of Net Co_mem_L/FE_OFN36_Co_mem_L_addr_5  ( M3 )
Bounds : ( 85.068, 117.504 ) ( 85.140, 117.600 )


VIAENCLOSURE: ( Enclosure ) Regular Wire of Net Co_mem_L/mem_2_O[4]  ( M3 )
Bounds : ( 86.796, 118.656 ) ( 86.868, 118.752 )


VIAENCLOSURE: ( Enclosure ) Regular Wire of Net Co_mem_L/mem_2_O[6]  ( M3 )
Bounds : ( 88.668, 117.696 ) ( 88.740, 117.792 )


VIAENCLOSURE: ( Enclosure ) Regular Wire of Net Co_mem_L/FE_OFN20_n_81  ( M3 )
Bounds : ( 82.188, 114.432 ) ( 82.260, 114.528 )


VIAENCLOSURE: ( Enclosure ) Regular Wire of Net Co_mem_L/FE_OFN23_n_84  ( M3 )
Bounds : ( 85.932, 114.432 ) ( 86.004, 114.528 )


VIAENCLOSURE: ( Enclosure ) Regular Wire of Net Co_mem_L/FE_OFN31_mem_OEB  ( M3 )
Bounds : ( 82.620, 115.968 ) ( 82.692, 116.064 )


VIAENCLOSURE: ( Enclosure ) Regular Wire of Net Co_mem_L/FE_OFN40_Co_mem_L_addr_1  ( M3 )
Bounds : ( 75.276, 115.392 ) ( 75.348, 115.488 )


VIAENCLOSURE: ( Enclosure ) Regular Wire of Net CTS_3  ( M3 )
Bounds : ( 78.732, 118.080 ) ( 78.804, 118.176 )


VIAENCLOSURE: ( Enclosure ) Regular Wire of Net Co_mem_L/FE_OFN38_Co_mem_L_addr_3  ( M3 )
Bounds : ( 79.884, 117.312 ) ( 79.956, 117.408 )


VIAENCLOSURE: ( Enclosure ) Regular Wire of Net CTS_3  ( M3 )
Bounds : ( 72.972, 117.888 ) ( 73.044, 117.984 )


VIAENCLOSURE: ( Enclosure ) Regular Wire of Net FE_OFN3_FE_DBTN5_uni_reset_n  ( M3 )
Bounds : ( 67.788, 97.152 ) ( 67.860, 97.248 )


VIAENCLOSURE: ( Enclosure ) Regular Wire of Net CTS_3  ( M3 )
Bounds : ( 70.812, 91.392 ) ( 70.884, 91.488 )


VIAENCLOSURE: ( Enclosure ) Regular Wire of Net FE_OFN3_FE_DBTN5_uni_reset_n  ( M3 )
Bounds : ( 77.004, 97.152 ) ( 77.076, 97.248 )


VIAENCLOSURE: ( Enclosure ) Regular Wire of Net CTS_3  ( M3 )
Bounds : ( 79.596, 97.344 ) ( 79.668, 97.440 )


VIAENCLOSURE: ( Enclosure ) Regular Wire of Net Co_mem_L/CTS_5  ( M3 )
Bounds : ( 85.068, 97.152 ) ( 85.140, 97.248 )


VIAENCLOSURE: ( Enclosure ) Regular Wire of Net Co_mem_L/mem_1_O[0]  ( M3 )
Bounds : ( 56.268, 120.000 ) ( 56.340, 120.096 )


VIAENCLOSURE: ( Enclosure ) Regular Wire of Net Co_mem_L/mem_1_O[8]  ( M3 )
Bounds : ( 57.996, 120.192 ) ( 58.068, 120.288 )


VIAENCLOSURE: ( Enclosure ) Regular Wire of Net Co_mem_L/FE_OFN39_Co_mem_L_addr_2  ( M3 )
Bounds : ( 56.268, 123.072 ) ( 56.340, 123.168 )


VIAENCLOSURE: ( Enclosure ) Regular Wire of Net Co_mem_L/mem_1_CSB  ( M3 )
Bounds : ( 56.844, 122.496 ) ( 56.916, 122.592 )


VIAENCLOSURE: ( Enclosure ) Regular Wire of Net Co_mem_L/mem_1_O[4]  ( M3 )
Bounds : ( 56.844, 127.488 ) ( 56.916, 127.584 )


VIAENCLOSURE: ( Enclosure ) Regular Wire of Net Co_mem_L/mem_1_O[2]  ( M3 )
Bounds : ( 57.132, 127.872 ) ( 57.204, 127.968 )


VIAENCLOSURE: ( Enclosure ) Regular Wire of Net Co_mem_L/FE_OFN25_n_86  ( M5 )
Bounds : ( 30.336, 126.208 ) ( 30.432, 126.336 )


VIAENCLOSURE: ( Enclosure ) Regular Wire of Net Co_mem_L/FE_OFN25_n_86  ( M5 )
Bounds : ( 41.088, 124.672 ) ( 41.184, 124.800 )


VIAENCLOSURE: ( Enclosure ) Regular Wire of Net Co_mem_L/mem_0_CSB  ( M3 )
Bounds : ( 25.740, 119.808 ) ( 25.812, 119.904 )


VIAENCLOSURE: ( Enclosure ) Regular Wire of Net Co_mem_L/mem_0_O[0]  ( M3 )
Bounds : ( 26.892, 120.192 ) ( 26.964, 120.288 )


VIAENCLOSURE: ( Enclosure ) Regular Wire of Net Co_mem_L/mem_0_O[5]  ( M3 )
Bounds : ( 28.044, 128.448 ) ( 28.116, 128.544 )


VIAENCLOSURE: ( Enclosure ) Regular Wire of Net Co_mem_L/mem_0_O[1]  ( M3 )
Bounds : ( 28.188, 127.680 ) ( 28.260, 127.776 )


VIAENCLOSURE: ( Enclosure ) Regular Wire of Net Co_mem_L/mem_0_O[7]  ( M3 )
Bounds : ( 28.620, 128.832 ) ( 28.692, 128.928 )


VIAENCLOSURE: ( Enclosure ) Regular Wire of Net Co_mem_L/mem_0_O[2]  ( M3 )
Bounds : ( 28.764, 127.872 ) ( 28.836, 127.968 )


EndOfLine: ( EndOfLine Keepout ) Regular Wire of Net Co_mem_L/mem_0_O[7] & Regular Wire of Net Co_mem_L/mem_0_O[6]  ( M4 )
Bounds : ( 28.364, 128.736 ) ( 28.736, 128.832 )


VIAENCLOSURE: ( Enclosure ) Regular Wire of Net Co_mem_L/mem_1_O[1]  ( M3 )
Bounds : ( 53.388, 119.232 ) ( 53.460, 119.328 )


VIAENCLOSURE: ( Enclosure ) Regular Wire of Net Co_mem_L/mem_1_O[3]  ( M3 )
Bounds : ( 53.964, 116.928 ) ( 54.036, 117.024 )


VIAENCLOSURE: ( Enclosure ) Regular Wire of Net Co_mem_L/mem_1_O[7]  ( M3 )
Bounds : ( 53.964, 118.272 ) ( 54.036, 118.368 )


VIAENCLOSURE: ( Enclosure ) Regular Wire of Net Co_mem_L/mem_1_O[5]  ( M3 )
Bounds : ( 55.836, 118.464 ) ( 55.908, 118.560 )


VIAENCLOSURE: ( Enclosure ) Regular Wire of Net Co_mem_L/mem_1_O[6]  ( M3 )
Bounds : ( 57.420, 117.120 ) ( 57.492, 117.216 )


VIAENCLOSURE: ( Enclosure ) Regular Wire of Net Co_mem_L/FE_OFN31_mem_OEB  ( M3 )
Bounds : ( 58.572, 117.696 ) ( 58.644, 117.792 )


VIAENCLOSURE: ( Enclosure ) Regular Wire of Net Co_mem_L/FE_OFN41_Co_mem_L_addr_0  ( M3 )
Bounds : ( 54.108, 115.392 ) ( 54.180, 115.488 )


VIAENCLOSURE: ( Enclosure ) Regular Wire of Net Co_mem_L/FE_OFN10_n_71  ( M3 )
Bounds : ( 54.972, 115.776 ) ( 55.044, 115.872 )


VIAENCLOSURE: ( Enclosure ) Regular Wire of Net Co_mem_L/FE_OFN21_n_82  ( M3 )
Bounds : ( 55.692, 114.432 ) ( 55.764, 114.528 )


VIAENCLOSURE: ( Enclosure ) Regular Wire of Net Co_mem_L/mem_0_O[4]  ( M3 )
Bounds : ( 39.420, 116.928 ) ( 39.492, 117.024 )


VIAENCLOSURE: ( Enclosure ) Regular Wire of Net Co_mem_L/mem_0_O[8]  ( M3 )
Bounds : ( 39.852, 119.040 ) ( 39.924, 119.136 )


VIAENCLOSURE: ( Enclosure ) Regular Wire of Net Co_mem_L/FE_OFN22_n_83  ( M3 )
Bounds : ( 52.236, 97.152 ) ( 52.308, 97.248 )


VIAENCLOSURE: ( Enclosure ) Regular Wire of Net Co_mem_L/FE_OFN26_n_87  ( M3 )
Bounds : ( 53.388, 97.152 ) ( 53.460, 97.248 )


VIAENCLOSURE: ( Enclosure ) Regular Wire of Net Co_mem_L/mem_0_O[3]  ( M3 )
Bounds : ( 26.316, 117.120 ) ( 26.388, 117.216 )


VIAENCLOSURE: ( Enclosure ) Regular Wire of Net Co_mem_L/mem_0_O[6]  ( M3 )
Bounds : ( 29.196, 117.696 ) ( 29.268, 117.792 )


VIAENCLOSURE: ( Enclosure ) Regular Wire of Net Co_mem_L/FE_OFN25_n_86  ( M3 )
Bounds : ( 59.148, 105.792 ) ( 59.220, 105.888 )


VIAENCLOSURE: ( Enclosure ) Regular Wire of Net Data_mem_R_addr[6]  ( M3 )
Bounds : ( 180.684, 79.872 ) ( 180.756, 79.968 )


VIAENCLOSURE: ( Enclosure ) Regular Wire of Net Co_mem_R/FE_OFN11_n_72  ( M3 )
Bounds : ( 182.556, 80.640 ) ( 182.628, 80.736 )


VIAENCLOSURE: ( Enclosure ) Regular Wire of Net R_mem_R_data[2]  ( M3 )
Bounds : ( 182.988, 76.032 ) ( 183.060, 76.128 )


VIAENCLOSURE: ( Enclosure ) Regular Wire of Net Data_mem_R_addr[3]  ( M3 )
Bounds : ( 182.988, 79.872 ) ( 183.060, 79.968 )


VIAENCLOSURE: ( Enclosure ) Regular Wire of Net Data_mem_R_addr[1]  ( M3 )
Bounds : ( 196.812, 71.232 ) ( 196.884, 71.328 )


VIAENCLOSURE: ( Enclosure ) Regular Wire of Net Data_mem_R/FE_OFN61_Data_mem_R_addr_1  ( M3 )
Bounds : ( 201.564, 69.120 ) ( 201.636, 69.216 )


VIAENCLOSURE: ( Enclosure ) Regular Wire of Net Data_mem_R/FE_OFN60_Data_mem_R_addr_2  ( M3 )
Bounds : ( 202.284, 71.232 ) ( 202.356, 71.328 )


VIAENCLOSURE: ( Enclosure ) Regular Wire of Net n_59  ( M3 )
Bounds : ( 200.556, 64.320 ) ( 200.628, 64.416 )


VIAENCLOSURE: ( Enclosure ) Regular Wire of Net n_56  ( M3 )
Bounds : ( 201.276, 64.896 ) ( 201.348, 64.992 )


VIAENCLOSURE: ( Enclosure ) Regular Wire of Net n_58  ( M3 )
Bounds : ( 201.420, 64.512 ) ( 201.492, 64.608 )


VIAENCLOSURE: ( Enclosure ) Regular Wire of Net n_61  ( M3 )
Bounds : ( 201.420, 66.048 ) ( 201.492, 66.144 )


VIAENCLOSURE: ( Enclosure ) Regular Wire of Net n_57  ( M3 )
Bounds : ( 201.708, 64.704 ) ( 201.780, 64.800 )


VIAENCLOSURE: ( Enclosure ) Regular Wire of Net Data_mem_R/FE_OFN62_Data_mem_R_addr_0  ( M3 )
Bounds : ( 203.148, 67.776 ) ( 203.220, 67.872 )


VIAENCLOSURE: ( Enclosure ) Regular Wire of Net n_62  ( M3 )
Bounds : ( 205.452, 67.200 ) ( 205.524, 67.296 )


VIAENCLOSURE: ( Enclosure ) Regular Wire of Net Data_mem_R/FE_OFN59_Data_mem_R_addr_4  ( M3 )
Bounds : ( 201.708, 62.400 ) ( 201.780, 62.496 )


VIAENCLOSURE: ( Enclosure ) Regular Wire of Net Data_mem_R/FE_OFN56_Data_mem_R_addr_7  ( M3 )
Bounds : ( 201.564, 62.976 ) ( 201.636, 63.072 )


VIAENCLOSURE: ( Enclosure ) Regular Wire of Net Data_mem_R/FE_OFN57_Data_mem_R_addr_6  ( M3 )
Bounds : ( 201.132, 62.784 ) ( 201.204, 62.880 )


VIAENCLOSURE: ( Enclosure ) Regular Wire of Net n_60  ( M3 )
Bounds : ( 200.844, 63.744 ) ( 200.916, 63.840 )


VIAENCLOSURE: ( Enclosure ) Regular Wire of Net Data_mem_R/FE_OFN58_Data_mem_R_addr_5  ( M3 )
Bounds : ( 200.700, 62.592 ) ( 200.772, 62.688 )


VIAENCLOSURE: ( Enclosure ) Regular Wire of Net Data_mem_R_addr[3]  ( M3 )
Bounds : ( 201.708, 61.824 ) ( 201.780, 61.920 )


VIAENCLOSURE: ( Enclosure ) Regular Wire of Net FE_OFN5_FE_DBTN0_mem_r0w1  ( M3 )
Bounds : ( 201.708, 60.672 ) ( 201.780, 60.768 )


VIAENCLOSURE: ( Enclosure ) Regular Wire of Net Data_mem_R/FE_OFN34_mem_0_0_OEB  ( M3 )
Bounds : ( 201.276, 60.864 ) ( 201.348, 60.960 )


VIAENCLOSURE: ( Enclosure ) Regular Wire of Net Data_mem_R/n_1  ( M3 )
Bounds : ( 200.844, 61.056 ) ( 200.916, 61.152 )


VIAENCLOSURE: ( Enclosure ) Regular Wire of Net Data_mem_R_data[14]  ( M3 )
Bounds : ( 195.084, 60.672 ) ( 195.156, 60.768 )


VIAENCLOSURE: ( Enclosure ) Regular Wire of Net s2p/CTS_2  ( M3 )
Bounds : ( 194.076, 61.632 ) ( 194.148, 61.728 )


VIAENCLOSURE: ( Enclosure ) Regular Wire of Net n_70  ( M3 )
Bounds : ( 196.236, 64.512 ) ( 196.308, 64.608 )


VIAENCLOSURE: ( Enclosure ) Regular Wire of Net R_mem_R_data[6]  ( M3 )
Bounds : ( 178.668, 69.312 ) ( 178.740, 69.408 )


VIAENCLOSURE: ( Enclosure ) Regular Wire of Net R_mem_R_data[1]  ( M3 )
Bounds : ( 179.244, 68.352 ) ( 179.316, 68.448 )


VIAENCLOSURE: ( Enclosure ) Regular Wire of Net R_mem_R_data[3]  ( M3 )
Bounds : ( 179.820, 68.736 ) ( 179.892, 68.832 )


VIAENCLOSURE: ( Enclosure ) Regular Wire of Net R_mem_R_data[5]  ( M3 )
Bounds : ( 179.820, 69.120 ) ( 179.892, 69.216 )


VIAENCLOSURE: ( Enclosure ) Regular Wire of Net R_mem_R_data[7]  ( M3 )
Bounds : ( 179.820, 69.504 ) ( 179.892, 69.600 )


VIAENCLOSURE: ( Enclosure ) Regular Wire of Net R_mem_R_data[4]  ( M3 )
Bounds : ( 179.820, 71.040 ) ( 179.892, 71.136 )


VIAENCLOSURE: ( Enclosure ) Regular Wire of Net Data_mem_R_addr[2]  ( M3 )
Bounds : ( 188.316, 73.152 ) ( 188.388, 73.248 )


VIAENCLOSURE: ( Enclosure ) Regular Wire of Net R_mem_R_addr[0]  ( M3 )
Bounds : ( 178.956, 62.592 ) ( 179.028, 62.688 )


VIAENCLOSURE: ( Enclosure ) Regular Wire of Net n_72  ( M3 )
Bounds : ( 179.676, 65.280 ) ( 179.748, 65.376 )


VIAENCLOSURE: ( Enclosure ) Regular Wire of Net R_mem_R_addr[3]  ( M3 )
Bounds : ( 179.820, 64.320 ) ( 179.892, 64.416 )


VIAENCLOSURE: ( Enclosure ) Regular Wire of Net R_mem_R_data[0]  ( M3 )
Bounds : ( 179.820, 66.048 ) ( 179.892, 66.144 )


VIAENCLOSURE: ( Enclosure ) Regular Wire of Net R_mem_R/mem_0_0_OEB1  ( M3 )
Bounds : ( 179.964, 61.248 ) ( 180.036, 61.344 )


VIAENCLOSURE: ( Enclosure ) Regular Wire of Net R_mem_R_addr[2]  ( M3 )
Bounds : ( 179.964, 63.552 ) ( 180.036, 63.648 )


VIAENCLOSURE: ( Enclosure ) Regular Wire of Net n_74  ( M3 )
Bounds : ( 179.964, 67.200 ) ( 180.036, 67.296 )


VIAENCLOSURE: ( Enclosure ) Regular Wire of Net Data_mem_R_data[15]  ( M3 )
Bounds : ( 196.956, 57.216 ) ( 197.028, 57.312 )


VIAENCLOSURE: ( Enclosure ) Regular Wire of Net Data_mem_R_data[12]  ( M3 )
Bounds : ( 200.844, 55.296 ) ( 200.916, 55.392 )


VIAENCLOSURE: ( Enclosure ) Regular Wire of Net Data_mem_R_data[13]  ( M3 )
Bounds : ( 201.420, 56.064 ) ( 201.492, 56.160 )


VIAENCLOSURE: ( Enclosure ) Regular Wire of Net Data_mem_R_data[10]  ( M3 )
Bounds : ( 202.140, 53.952 ) ( 202.212, 54.048 )


VIAENCLOSURE: ( Enclosure ) Regular Wire of Net Data_mem_R_data[11]  ( M3 )
Bounds : ( 202.572, 53.952 ) ( 202.644, 54.048 )


VIAENCLOSURE: ( Enclosure ) Regular Wire of Net Data_mem_R/CTS_2  ( M3 )
Bounds : ( 203.148, 59.328 ) ( 203.220, 59.424 )


VIAENCLOSURE: ( Enclosure ) Regular Wire of Net Data_mem_R_data[8]  ( M3 )
Bounds : ( 201.420, 49.344 ) ( 201.492, 49.440 )


VIAENCLOSURE: ( Enclosure ) Regular Wire of Net Data_mem_R_data[9]  ( M3 )
Bounds : ( 203.580, 51.072 ) ( 203.652, 51.168 )


VIAENCLOSURE: ( Enclosure ) Regular Wire of Net R_mem_R/CTS_1  ( M3 )
Bounds : ( 191.628, 59.904 ) ( 191.700, 60.000 )


VIAENCLOSURE: ( Enclosure ) Regular Wire of Net Data_mem_R/FE_OFN59_Data_mem_R_addr_4  ( M3 )
Bounds : ( 203.868, 36.672 ) ( 203.940, 36.768 )


VIAENCLOSURE: ( Enclosure ) Regular Wire of Net Data_mem_R/FE_OFN34_mem_0_0_OEB  ( M3 )
Bounds : ( 205.164, 36.672 ) ( 205.236, 36.768 )


VIAENCLOSURE: ( Enclosure ) Regular Wire of Net Data_mem_R_addr[6]  ( M3 )
Bounds : ( 148.428, 88.512 ) ( 148.500, 88.608 )


VIAENCLOSURE: ( Enclosure ) Regular Wire of Net Co_mem_R/FE_OFN17_n_78  ( M3 )
Bounds : ( 150.588, 75.456 ) ( 150.660, 75.552 )


VIAENCLOSURE: ( Enclosure ) Regular Wire of Net Data_mem_R_addr[3]  ( M3 )
Bounds : ( 151.020, 79.872 ) ( 151.092, 79.968 )


VIAENCLOSURE: ( Enclosure ) Regular Wire of Net Co_mem_R/FE_OFN16_n_77  ( M3 )
Bounds : ( 151.884, 75.648 ) ( 151.956, 75.744 )


VIAENCLOSURE: ( Enclosure ) Regular Wire of Net n_24  ( M3 )
Bounds : ( 158.796, 88.512 ) ( 158.868, 88.608 )


VIAENCLOSURE: ( Enclosure ) Regular Wire of Net Co_mem_R/FE_OFN12_n_73  ( M3 )
Bounds : ( 161.100, 88.512 ) ( 161.172, 88.608 )


VIAENCLOSURE: ( Enclosure ) Regular Wire of Net ALU_R/n_267  ( M3 )
Bounds : ( 173.052, 84.096 ) ( 173.124, 84.192 )


VIAENCLOSURE: ( Enclosure ) Regular Wire of Net CTS_5  ( M3 )
Bounds : ( 164.700, 72.768 ) ( 164.772, 72.864 )


VIAENCLOSURE: ( Enclosure ) Regular Wire of Net Data_mem_R_addr[2]  ( M3 )
Bounds : ( 176.220, 71.232 ) ( 176.292, 71.328 )


VIAENCLOSURE: ( Enclosure ) Regular Wire of Net n_76  ( M3 )
Bounds : ( 167.580, 65.664 ) ( 167.652, 65.760 )


VIAENCLOSURE: ( Enclosure ) Regular Wire of Net Co_mem_R_data[8]  ( M3 )
Bounds : ( 168.732, 64.512 ) ( 168.804, 64.608 )


VIAENCLOSURE: ( Enclosure ) Regular Wire of Net R_mem_R_addr[1]  ( M3 )
Bounds : ( 173.484, 63.360 ) ( 173.556, 63.456 )


VIAENCLOSURE: ( Enclosure ) Regular Wire of Net FE_OFN5_FE_DBTN0_mem_r0w1  ( M3 )
Bounds : ( 173.772, 61.632 ) ( 173.844, 61.728 )


VIAENCLOSURE: ( Enclosure ) Regular Wire of Net n_75  ( M3 )
Bounds : ( 173.916, 67.008 ) ( 173.988, 67.104 )


VIAENCLOSURE: ( Enclosure ) Regular Wire of Net n_73  ( M3 )
Bounds : ( 174.636, 67.392 ) ( 174.708, 67.488 )


VIAENCLOSURE: ( Enclosure ) Regular Wire of Net n_77  ( M3 )
Bounds : ( 176.508, 66.624 ) ( 176.580, 66.720 )


VIAENCLOSURE: ( Enclosure ) Regular Wire of Net s2p/CTS_2  ( M3 )
Bounds : ( 177.372, 61.824 ) ( 177.444, 61.920 )


VIAENCLOSURE: ( Enclosure ) Regular Wire of Net CTS_5  ( M3 )
Bounds : ( 153.036, 62.592 ) ( 153.108, 62.688 )


VIAENCLOSURE: ( Enclosure ) Regular Wire of Net n_78  ( M3 )
Bounds : ( 161.964, 66.816 ) ( 162.036, 66.912 )


VIAENCLOSURE: ( Enclosure ) Regular Wire of Net mem_In_en_R  ( M3 )
Bounds : ( 162.540, 67.968 ) ( 162.612, 68.064 )


VIAENCLOSURE: ( Enclosure ) Regular Wire of Net Data_mem_R_addr[1]  ( M3 )
Bounds : ( 162.828, 69.120 ) ( 162.900, 69.216 )


VIAENCLOSURE: ( Enclosure ) Regular Wire of Net n_24  ( M3 )
Bounds : ( 119.628, 87.936 ) ( 119.700, 88.032 )


VIAENCLOSURE: ( Enclosure ) Regular Wire of Net Co_mem_R_addr[4]  ( M3 )
Bounds : ( 145.404, 88.512 ) ( 145.476, 88.608 )


VIAENCLOSURE: ( Enclosure ) Regular Wire of Net CTS_4  ( M3 )
Bounds : ( 146.700, 83.328 ) ( 146.772, 83.424 )


VIAENCLOSURE: ( Enclosure ) Regular Wire of Net InReady  ( M5 )
Bounds : ( 118.464, 60.672 ) ( 118.560, 60.800 )


VIAENCLOSURE: ( Enclosure ) Regular Wire of Net n_149  ( M3 )
Bounds : ( 120.780, 62.592 ) ( 120.852, 62.688 )


VIAENCLOSURE: ( Enclosure ) Regular Wire of Net s2p/CTS_2  ( M3 )
Bounds : ( 123.660, 62.592 ) ( 123.732, 62.688 )


VIAENCLOSURE: ( Enclosure ) Regular Wire of Net InReady  ( M3 )
Bounds : ( 127.548, 61.440 ) ( 127.620, 61.536 )


VIAENCLOSURE: ( Enclosure ) Regular Wire of Net n_79  ( M3 )
Bounds : ( 129.420, 61.632 ) ( 129.492, 61.728 )


VIAENCLOSURE: ( Enclosure ) Regular Wire of Net n_149  ( M3 )
Bounds : ( 135.756, 64.320 ) ( 135.828, 64.416 )


VIAENCLOSURE: ( Enclosure ) Regular Wire of Net s2p/CTS_2  ( M3 )
Bounds : ( 149.004, 53.952 ) ( 149.076, 54.048 )


VIAENCLOSURE: ( Enclosure ) Regular Wire of Net s2p/CTS_2  ( M3 )
Bounds : ( 156.204, 59.904 ) ( 156.276, 60.000 )


VIAENCLOSURE: ( Enclosure ) Regular Wire of Net CTS_5  ( M3 )
Bounds : ( 161.676, 59.712 ) ( 161.748, 59.808 )


VIAENCLOSURE: ( Enclosure ) Regular Wire of Net mem_In_en_R  ( M3 )
Bounds : ( 164.700, 58.752 ) ( 164.772, 58.848 )


VIAENCLOSURE: ( Enclosure ) Regular Wire of Net ALU_R/n_267  ( M3 )
Bounds : ( 173.052, 59.520 ) ( 173.124, 59.616 )


VIAENCLOSURE: ( Enclosure ) Regular Wire of Net Co_mem_L/CTS_1  ( M3 )
Bounds : ( 174.348, 38.592 ) ( 174.420, 38.688 )


VIAENCLOSURE: ( Enclosure ) Regular Wire of Net s2p/CTS_2  ( M3 )
Bounds : ( 119.052, 60.288 ) ( 119.124, 60.384 )


VIAENCLOSURE: ( Enclosure ) Regular Wire of Net CTS_5  ( M3 )
Bounds : ( 128.124, 59.520 ) ( 128.196, 59.616 )


VIAENCLOSURE: ( Enclosure ) Regular Wire of Net Reset_n  ( M3 )
Bounds : ( 135.756, 34.176 ) ( 135.828, 34.272 )


VIAENCLOSURE: ( Enclosure ) Regular Wire of Net Dclk  ( M3 )
Bounds : ( 142.092, 34.176 ) ( 142.164, 34.272 )


VIAENCLOSURE: ( Enclosure ) Regular Wire of Net InputR  ( M5 )
Bounds : ( 236.160, 14.848 ) ( 236.256, 14.976 )


VIAENCLOSURE: ( Enclosure ) Regular Wire of Net InputR  ( M3 )
Bounds : ( 200.844, 19.392 ) ( 200.916, 19.488 )


VIAENCLOSURE: ( Enclosure ) Regular Wire of Net Data_mem_R_data[4]  ( M3 )
Bounds : ( 201.708, 21.888 ) ( 201.780, 21.984 )


VIAENCLOSURE: ( Enclosure ) Regular Wire of Net Data_mem_R_data[2]  ( M3 )
Bounds : ( 202.572, 16.704 ) ( 202.644, 16.800 )


VIAENCLOSURE: ( Enclosure ) Regular Wire of Net Data_mem_R_data[7]  ( M3 )
Bounds : ( 203.436, 28.032 ) ( 203.508, 28.128 )


VIAENCLOSURE: ( Enclosure ) Regular Wire of Net CTS_4  ( M3 )
Bounds : ( 179.964, 28.032 ) ( 180.036, 28.128 )


VIAENCLOSURE: ( Enclosure ) Regular Wire of Net Data_mem_R/CTS_3  ( M3 )
Bounds : ( 187.020, 28.032 ) ( 187.092, 28.128 )


VIAENCLOSURE: ( Enclosure ) Regular Wire of Net Reset_n  ( M3 )
Bounds : ( 188.460, 28.032 ) ( 188.532, 28.128 )


VIAENCLOSURE: ( Enclosure ) Regular Wire of Net Data_mem_R_data[5]  ( M3 )
Bounds : ( 200.844, 10.560 ) ( 200.916, 10.656 )


VIAENCLOSURE: ( Enclosure ) Regular Wire of Net Data_mem_R_data[6]  ( M3 )
Bounds : ( 201.420, 8.064 ) ( 201.492, 8.160 )


VIAENCLOSURE: ( Enclosure ) Regular Wire of Net Data_mem_R_data[0]  ( M3 )
Bounds : ( 202.716, 15.552 ) ( 202.788, 15.648 )


VIAENCLOSURE: ( Enclosure ) Regular Wire of Net Data_mem_R/FE_OFN59_Data_mem_R_addr_4  ( M3 )
Bounds : ( 203.148, 8.640 ) ( 203.220, 8.736 )


VIAENCLOSURE: ( Enclosure ) Regular Wire of Net Data_mem_R_data[3]  ( M3 )
Bounds : ( 204.300, 10.944 ) ( 204.372, 11.040 )


VIAENCLOSURE: ( Enclosure ) Regular Wire of Net Data_mem_R_data[1]  ( M3 )
Bounds : ( 205.452, 10.944 ) ( 205.524, 11.040 )


VIAENCLOSURE: ( Enclosure ) Regular Wire of Net OutputL  ( M3 )
Bounds : ( 119.052, 15.744 ) ( 119.124, 15.840 )


VIAENCLOSURE: ( Enclosure ) Regular Wire of Net OutputL  ( M5 )
Bounds : ( 119.040, 15.616 ) ( 119.136, 15.744 )


VIAENCLOSURE: ( Enclosure ) Regular Wire of Net CTS_4  ( M3 )
Bounds : ( 162.252, 28.032 ) ( 162.324, 28.128 )


VIAENCLOSURE: ( Enclosure ) Regular Wire of Net Sclk  ( M3 )
Bounds : ( 168.012, 24.768 ) ( 168.084, 24.864 )


VIAENCLOSURE: ( Enclosure ) Regular Wire of Net FE_OFN3_FE_DBTN5_uni_reset_n  ( M3 )
Bounds : ( 89.100, 80.448 ) ( 89.172, 80.544 )


VIAENCLOSURE: ( Enclosure ) Regular Wire of Net Co_mem_L/CTS_2  ( M3 )
Bounds : ( 89.676, 84.096 ) ( 89.748, 84.192 )


VIAENCLOSURE: ( Enclosure ) Regular Wire of Net FE_OFN3_FE_DBTN5_uni_reset_n  ( M3 )
Bounds : ( 90.252, 88.512 ) ( 90.324, 88.608 )


VIAENCLOSURE: ( Enclosure ) Regular Wire of Net CTS_4  ( M3 )
Bounds : ( 91.548, 83.328 ) ( 91.620, 83.424 )


VIAENCLOSURE: ( Enclosure ) Regular Wire of Net n_25  ( M3 )
Bounds : ( 100.044, 88.512 ) ( 100.116, 88.608 )


VIAENCLOSURE: ( Enclosure ) Regular Wire of Net CTS_3  ( M3 )
Bounds : ( 113.292, 79.872 ) ( 113.364, 79.968 )


VIAENCLOSURE: ( Enclosure ) Regular Wire of Net s2p/CTS_2  ( M3 )
Bounds : ( 95.724, 60.864 ) ( 95.796, 60.960 )


VIAENCLOSURE: ( Enclosure ) Regular Wire of Net InReady  ( M3 )
Bounds : ( 94.284, 62.592 ) ( 94.356, 62.688 )


VIAENCLOSURE: ( Enclosure ) Regular Wire of Net mem_R_en  ( M3 )
Bounds : ( 105.804, 62.016 ) ( 105.876, 62.112 )


VIAENCLOSURE: ( Enclosure ) Regular Wire of Net s2p/CTS_2  ( M3 )
Bounds : ( 113.292, 62.016 ) ( 113.364, 62.112 )


VIAENCLOSURE: ( Enclosure ) Regular Wire of Net CTS_3  ( M3 )
Bounds : ( 74.700, 79.872 ) ( 74.772, 79.968 )


VIAENCLOSURE: ( Enclosure ) Regular Wire of Net Data_mem_L_addr[3]  ( M3 )
Bounds : ( 75.852, 79.872 ) ( 75.924, 79.968 )


VIAENCLOSURE: ( Enclosure ) Regular Wire of Net n_25  ( M3 )
Bounds : ( 79.020, 88.512 ) ( 79.092, 88.608 )


VIAENCLOSURE: ( Enclosure ) Regular Wire of Net CTS_3  ( M3 )
Bounds : ( 86.220, 83.712 ) ( 86.292, 83.808 )


VIAENCLOSURE: ( Enclosure ) Regular Wire of Net Co_mem_L/FE_OFN24_n_85  ( M3 )
Bounds : ( 87.948, 88.512 ) ( 88.020, 88.608 )


VIAENCLOSURE: ( Enclosure ) Regular Wire of Net Co_mem_L/CTS_4  ( M3 )
Bounds : ( 61.452, 79.872 ) ( 61.524, 79.968 )


VIAENCLOSURE: ( Enclosure ) Regular Wire of Net CTS_3  ( M3 )
Bounds : ( 63.324, 79.872 ) ( 63.396, 79.968 )


VIAENCLOSURE: ( Enclosure ) Regular Wire of Net FE_OFN3_FE_DBTN5_uni_reset_n  ( M3 )
Bounds : ( 66.780, 77.184 ) ( 66.852, 77.280 )


VIAENCLOSURE: ( Enclosure ) Regular Wire of Net FE_OFN3_FE_DBTN5_uni_reset_n  ( M3 )
Bounds : ( 67.788, 88.512 ) ( 67.860, 88.608 )


VIAENCLOSURE: ( Enclosure ) Regular Wire of Net Data_mem_L_addr[2]  ( M3 )
Bounds : ( 74.700, 71.232 ) ( 74.772, 71.328 )


VIAENCLOSURE: ( Enclosure ) Regular Wire of Net Co_mem_L/FE_OFN19_n_80  ( M3 )
Bounds : ( 77.148, 68.736 ) ( 77.220, 68.832 )


VIAENCLOSURE: ( Enclosure ) Regular Wire of Net n_81  ( M3 )
Bounds : ( 78.732, 67.968 ) ( 78.804, 68.064 )


VIAENCLOSURE: ( Enclosure ) Regular Wire of Net n_25  ( M3 )
Bounds : ( 78.732, 69.312 ) ( 78.804, 69.408 )


VIAENCLOSURE: ( Enclosure ) Regular Wire of Net FE_OFN3_FE_DBTN5_uni_reset_n  ( M3 )
Bounds : ( 79.308, 72.960 ) ( 79.380, 73.056 )


VIAENCLOSURE: ( Enclosure ) Regular Wire of Net R_mem_L/mem_0_0_OEB1  ( M3 )
Bounds : ( 75.852, 62.592 ) ( 75.924, 62.688 )


VIAENCLOSURE: ( Enclosure ) Regular Wire of Net mem_In_en_L  ( M3 )
Bounds : ( 84.492, 66.816 ) ( 84.564, 66.912 )


VIAENCLOSURE: ( Enclosure ) Regular Wire of Net s2p/CTS_2  ( M3 )
Bounds : ( 86.220, 62.592 ) ( 86.292, 62.688 )


VIAENCLOSURE: ( Enclosure ) Regular Wire of Net mem_R_en  ( M3 )
Bounds : ( 87.948, 62.592 ) ( 88.020, 62.688 )


VIAENCLOSURE: ( Enclosure ) Regular Wire of Net FE_OFN6_FE_DBTN0_mem_r0w1  ( M3 )
Bounds : ( 64.620, 60.864 ) ( 64.692, 60.960 )


VIAENCLOSURE: ( Enclosure ) Regular Wire of Net Data_mem_L_addr[1]  ( M3 )
Bounds : ( 60.876, 71.232 ) ( 60.948, 71.328 )


VIAENCLOSURE: ( Enclosure ) Regular Wire of Net FE_OFN3_FE_DBTN5_uni_reset_n  ( M3 )
Bounds : ( 66.060, 67.392 ) ( 66.132, 67.488 )


VIAENCLOSURE: ( Enclosure ) Regular Wire of Net n_149  ( M3 )
Bounds : ( 66.492, 61.632 ) ( 66.564, 61.728 )


VIAENCLOSURE: ( Enclosure ) Regular Wire of Net Data_mem_L_addr[0]  ( M3 )
Bounds : ( 71.964, 66.048 ) ( 72.036, 66.144 )


VIAENCLOSURE: ( Enclosure ) Regular Wire of Net n_85  ( M3 )
Bounds : ( 71.964, 66.624 ) ( 72.036, 66.720 )


VIAENCLOSURE: ( Enclosure ) Regular Wire of Net n_84  ( M3 )
Bounds : ( 72.540, 66.816 ) ( 72.612, 66.912 )


VIAENCLOSURE: ( Enclosure ) Regular Wire of Net CTS_2  ( M3 )
Bounds : ( 92.556, 48.768 ) ( 92.628, 48.864 )


VIAENCLOSURE: ( Enclosure ) Regular Wire of Net Sclk  ( M3 )
Bounds : ( 102.924, 31.104 ) ( 102.996, 31.200 )


VIAENCLOSURE: ( Enclosure ) Regular Wire of Net CTS_2  ( M3 )
Bounds : ( 105.660, 52.032 ) ( 105.732, 52.128 )


VIAENCLOSURE: ( Enclosure ) Regular Wire of Net CTS_2  ( M3 )
Bounds : ( 115.020, 53.952 ) ( 115.092, 54.048 )


VIAENCLOSURE: ( Enclosure ) Regular Wire of Net mem_In_en_L  ( M3 )
Bounds : ( 63.324, 59.328 ) ( 63.396, 59.424 )


VIAENCLOSURE: ( Enclosure ) Regular Wire of Net CTS_1  ( M3 )
Bounds : ( 65.052, 32.448 ) ( 65.124, 32.544 )


VIAENCLOSURE: ( Enclosure ) Regular Wire of Net R_mem_L/CTS_1  ( M3 )
Bounds : ( 67.068, 53.952 ) ( 67.140, 54.048 )


VIAENCLOSURE: ( Enclosure ) Regular Wire of Net CTS_1  ( M3 )
Bounds : ( 71.532, 51.840 ) ( 71.604, 51.936 )


VIAENCLOSURE: ( Enclosure ) Regular Wire of Net CTS_1  ( M3 )
Bounds : ( 77.292, 31.872 ) ( 77.364, 31.968 )


VIAENCLOSURE: ( Enclosure ) Regular Wire of Net Data_mem_L/CTS_2  ( M3 )
Bounds : ( 82.764, 36.672 ) ( 82.836, 36.768 )


VIAENCLOSURE: ( Enclosure ) Regular Wire of Net s2p/CTS_2  ( M3 )
Bounds : ( 60.444, 60.480 ) ( 60.516, 60.576 )


VIAENCLOSURE: ( Enclosure ) Regular Wire of Net Start  ( M3 )
Bounds : ( 116.748, 60.480 ) ( 116.820, 60.576 )


VIAENCLOSURE: ( Enclosure ) Regular Wire of Net n_87  ( M3 )
Bounds : ( 54.252, 76.992 ) ( 54.324, 77.088 )


VIAENCLOSURE: ( Enclosure ) Regular Wire of Net n_83  ( M3 )
Bounds : ( 54.540, 76.032 ) ( 54.612, 76.128 )


VIAENCLOSURE: ( Enclosure ) Regular Wire of Net Data_mem_L_addr[1]  ( M3 )
Bounds : ( 44.460, 68.544 ) ( 44.532, 68.640 )


VIAENCLOSURE: ( Enclosure ) Regular Wire of Net R_mem_L_data[7]  ( M3 )
Bounds : ( 56.268, 73.536 ) ( 56.340, 73.632 )


VIAENCLOSURE: ( Enclosure ) Regular Wire of Net R_mem_L_data[5]  ( M3 )
Bounds : ( 56.844, 71.232 ) ( 56.916, 71.328 )


VIAENCLOSURE: ( Enclosure ) Regular Wire of Net R_mem_L_data[0]  ( M3 )
Bounds : ( 56.988, 68.160 ) ( 57.060, 68.256 )


VIAENCLOSURE: ( Enclosure ) Regular Wire of Net R_mem_L_data[3]  ( M3 )
Bounds : ( 57.132, 68.736 ) ( 57.204, 68.832 )


VIAENCLOSURE: ( Enclosure ) Regular Wire of Net R_mem_L_data[1]  ( M3 )
Bounds : ( 57.276, 68.352 ) ( 57.348, 68.448 )


VIAENCLOSURE: ( Enclosure ) Regular Wire of Net R_mem_L_data[4]  ( M3 )
Bounds : ( 57.420, 71.616 ) ( 57.492, 71.712 )


VIAENCLOSURE: ( Enclosure ) Regular Wire of Net R_mem_L_data[6]  ( M3 )
Bounds : ( 57.996, 71.424 ) ( 58.068, 71.520 )


VIAENCLOSURE: ( Enclosure ) Regular Wire of Net n_86  ( M3 )
Bounds : ( 56.124, 66.432 ) ( 56.196, 66.528 )


VIAENCLOSURE: ( Enclosure ) Regular Wire of Net R_mem_L_addr[3]  ( M3 )
Bounds : ( 56.844, 63.744 ) ( 56.916, 63.840 )


VIAENCLOSURE: ( Enclosure ) Regular Wire of Net n_82  ( M3 )
Bounds : ( 56.844, 67.200 ) ( 56.916, 67.296 )


VIAENCLOSURE: ( Enclosure ) Regular Wire of Net n_80  ( M3 )
Bounds : ( 56.844, 67.584 ) ( 56.916, 67.680 )


VIAENCLOSURE: ( Enclosure ) Regular Wire of Net R_mem_L_addr[2]  ( M3 )
Bounds : ( 57.276, 63.552 ) ( 57.348, 63.648 )


VIAENCLOSURE: ( Enclosure ) Regular Wire of Net R_mem_L_addr[0]  ( M3 )
Bounds : ( 57.420, 62.784 ) ( 57.492, 62.880 )


VIAENCLOSURE: ( Enclosure ) Regular Wire of Net R_mem_L_addr[1]  ( M3 )
Bounds : ( 57.996, 62.592 ) ( 58.068, 62.688 )


VIAENCLOSURE: ( Enclosure ) Regular Wire of Net R_mem_L_data[2]  ( M3 )
Bounds : ( 57.996, 67.392 ) ( 58.068, 67.488 )


VIAENCLOSURE: ( Enclosure ) Regular Wire of Net FE_OFN6_FE_DBTN0_mem_r0w1  ( M3 )
Bounds : ( 44.460, 60.864 ) ( 44.532, 60.960 )


VIAENCLOSURE: ( Enclosure ) Regular Wire of Net Data_mem_L_addr[0]  ( M3 )
Bounds : ( 44.460, 62.592 ) ( 44.532, 62.688 )


VIAENCLOSURE: ( Enclosure ) Regular Wire of Net Data_mem_L/FE_OFN50_Data_mem_L_addr_6  ( M3 )
Bounds : ( 32.076, 71.232 ) ( 32.148, 71.328 )


VIAENCLOSURE: ( Enclosure ) Regular Wire of Net Data_mem_L/FE_OFN49_Data_mem_L_addr_7  ( M3 )
Bounds : ( 34.236, 74.496 ) ( 34.308, 74.592 )


VIAENCLOSURE: ( Enclosure ) Regular Wire of Net Data_mem_L/FE_OFN53_Data_mem_L_addr_2  ( M3 )
Bounds : ( 36.396, 69.504 ) ( 36.468, 69.600 )


VIAENCLOSURE: ( Enclosure ) Regular Wire of Net Data_mem_L/FE_OFN52_Data_mem_L_addr_4  ( M3 )
Bounds : ( 38.988, 71.232 ) ( 39.060, 71.328 )


VIAENCLOSURE: ( Enclosure ) Regular Wire of Net FE_OFN3_FE_DBTN5_uni_reset_n  ( M3 )
Bounds : ( 41.292, 71.232 ) ( 41.364, 71.328 )


VIAENCLOSURE: ( Enclosure ) Regular Wire of Net Data_mem_L_addr[2]  ( M3 )
Bounds : ( 41.868, 71.232 ) ( 41.940, 71.328 )


VIAENCLOSURE: ( Enclosure ) Regular Wire of Net n_64  ( M3 )
Bounds : ( 37.836, 61.248 ) ( 37.908, 61.344 )


VIAENCLOSURE: ( Enclosure ) Regular Wire of Net n_71  ( M3 )
Bounds : ( 40.140, 62.592 ) ( 40.212, 62.688 )


VIAENCLOSURE: ( Enclosure ) Regular Wire of Net s2p/CTS_2  ( M3 )
Bounds : ( 42.444, 62.592 ) ( 42.516, 62.688 )


VIAENCLOSURE: ( Enclosure ) Regular Wire of Net n_68  ( M3 )
Bounds : ( 32.652, 67.008 ) ( 32.724, 67.104 )


VIAENCLOSURE: ( Enclosure ) Regular Wire of Net Data_mem_L_data[11]  ( M3 )
Bounds : ( 35.100, 65.664 ) ( 35.172, 65.760 )


VIAENCLOSURE: ( Enclosure ) Regular Wire of Net n_66  ( M3 )
Bounds : ( 35.244, 64.320 ) ( 35.316, 64.416 )


VIAENCLOSURE: ( Enclosure ) Regular Wire of Net Data_mem_L_data[15]  ( M3 )
Bounds : ( 35.388, 66.816 ) ( 35.460, 66.912 )


VIAENCLOSURE: ( Enclosure ) Regular Wire of Net n_65  ( M3 )
Bounds : ( 35.964, 64.512 ) ( 36.036, 64.608 )


VIAENCLOSURE: ( Enclosure ) Regular Wire of Net FE_OFN6_FE_DBTN0_mem_r0w1  ( M3 )
Bounds : ( 35.100, 60.672 ) ( 35.172, 60.768 )


VIAENCLOSURE: ( Enclosure ) Regular Wire of Net Data_mem_L/n_1  ( M3 )
Bounds : ( 35.244, 61.056 ) ( 35.316, 61.152 )


VIAENCLOSURE: ( Enclosure ) Regular Wire of Net Data_mem_L/FE_OFN54_Data_mem_L_addr_1  ( M3 )
Bounds : ( 35.100, 61.440 ) ( 35.172, 61.536 )


VIAENCLOSURE: ( Enclosure ) Regular Wire of Net n_69  ( M3 )
Bounds : ( 35.100, 63.360 ) ( 35.172, 63.456 )


VIAENCLOSURE: ( Enclosure ) Regular Wire of Net n_67  ( M3 )
Bounds : ( 35.100, 63.744 ) ( 35.172, 63.840 )


VIAENCLOSURE: ( Enclosure ) Regular Wire of Net Data_mem_L/FE_OFN51_Data_mem_L_addr_5  ( M3 )
Bounds : ( 35.244, 62.592 ) ( 35.316, 62.688 )


VIAENCLOSURE: ( Enclosure ) Regular Wire of Net Data_mem_L/FE_OFN55_Data_mem_L_addr_0  ( M3 )
Bounds : ( 35.532, 61.248 ) ( 35.604, 61.344 )


VIAENCLOSURE: ( Enclosure ) Regular Wire of Net n_87  ( M3 )
Bounds : ( 50.508, 58.560 ) ( 50.580, 58.656 )


VIAENCLOSURE: ( Enclosure ) Regular Wire of Net n_83  ( M3 )
Bounds : ( 57.996, 57.792 ) ( 58.068, 57.888 )


VIAENCLOSURE: ( Enclosure ) Regular Wire of Net Data_mem_L/FE_OFN33_mem_0_0_OEB  ( M3 )
Bounds : ( 29.772, 58.944 ) ( 29.844, 59.040 )


VIAENCLOSURE: ( Enclosure ) Regular Wire of Net Data_mem_L_data[8]  ( M3 )
Bounds : ( 33.228, 53.952 ) ( 33.300, 54.048 )


VIAENCLOSURE: ( Enclosure ) Regular Wire of Net Data_mem_L_data[14]  ( M3 )
Bounds : ( 33.228, 57.792 ) ( 33.300, 57.888 )


VIAENCLOSURE: ( Enclosure ) Regular Wire of Net n_63  ( M3 )
Bounds : ( 34.380, 60.096 ) ( 34.452, 60.192 )


VIAENCLOSURE: ( Enclosure ) Regular Wire of Net Data_mem_L_data[12]  ( M3 )
Bounds : ( 34.668, 56.256 ) ( 34.740, 56.352 )


VIAENCLOSURE: ( Enclosure ) Regular Wire of Net Data_mem_L_data[9]  ( M3 )
Bounds : ( 35.100, 56.832 ) ( 35.172, 56.928 )


VIAENCLOSURE: ( Enclosure ) Regular Wire of Net Data_mem_L_data[10]  ( M3 )
Bounds : ( 35.244, 50.688 ) ( 35.316, 50.784 )


VIAENCLOSURE: ( Enclosure ) Regular Wire of Net Data_mem_L_data[13]  ( M3 )
Bounds : ( 36.684, 57.984 ) ( 36.756, 58.080 )


VIAENCLOSURE: ( Enclosure ) Regular Wire of Net InputL  ( M3 )
Bounds : ( 31.068, 39.936 ) ( 31.140, 40.032 )


VIAENCLOSURE: ( Enclosure ) Regular Wire of Net Frame  ( M3 )
Bounds : ( 94.860, 28.224 ) ( 94.932, 28.320 )


VIAENCLOSURE: ( Enclosure ) Regular Wire of Net Data_mem_L/FE_OFN33_mem_0_0_OEB  ( M3 )
Bounds : ( 31.644, 28.032 ) ( 31.716, 28.128 )


VIAENCLOSURE: ( Enclosure ) Regular Wire of Net Data_mem_L_data[4]  ( M3 )
Bounds : ( 32.652, 18.624 ) ( 32.724, 18.720 )


VIAENCLOSURE: ( Enclosure ) Regular Wire of Net Data_mem_L_data[7]  ( M3 )
Bounds : ( 32.940, 28.032 ) ( 33.012, 28.128 )


VIAENCLOSURE: ( Enclosure ) Regular Wire of Net Data_mem_L_data[5]  ( M3 )
Bounds : ( 34.668, 22.080 ) ( 34.740, 22.176 )


VIAENCLOSURE: ( Enclosure ) Regular Wire of Net OutReady  ( M3 )
Bounds : ( 48.204, 19.392 ) ( 48.276, 19.488 )


VIAENCLOSURE: ( Enclosure ) Regular Wire of Net OutputR  ( M3 )
Bounds : ( 31.212, 13.440 ) ( 31.284, 13.536 )


VIAENCLOSURE: ( Enclosure ) Regular Wire of Net Data_mem_L_data[6]  ( M3 )
Bounds : ( 33.228, 14.592 ) ( 33.300, 14.688 )


VIAENCLOSURE: ( Enclosure ) Regular Wire of Net Data_mem_L_data[2]  ( M3 )
Bounds : ( 34.380, 10.368 ) ( 34.452, 10.464 )


VIAENCLOSURE: ( Enclosure ) Regular Wire of Net Data_mem_L_data[3]  ( M3 )
Bounds : ( 34.668, 7.104 ) ( 34.740, 7.200 )


VIAENCLOSURE: ( Enclosure ) Regular Wire of Net Data_mem_L_data[0]  ( M3 )
Bounds : ( 35.100, 6.528 ) ( 35.172, 6.624 )


VIAENCLOSURE: ( Enclosure ) Regular Wire of Net Data_mem_L_data[1]  ( M3 )
Bounds : ( 35.532, 14.976 ) ( 35.604, 15.072 )


VIAENCLOSURE: ( Enclosure ) Regular Wire of Net Data_mem_L/CTS_3  ( M3 )
Bounds : ( 52.380, 14.208 ) ( 52.452, 14.304 )


VIAENCLOSURE: ( Enclosure ) Regular Wire of Net OutReady  ( M5 )
Bounds : ( 0.576, 18.944 ) ( 0.672, 19.072 )


VIAENCLOSURE: ( Enclosure ) Regular Wire of Net OutputR  ( M5 )
Bounds : ( 0.960, 13.312 ) ( 1.056, 13.440 )


  Total Violations : 371 Viols.
