###############################################################
#  Generated by:      Cadence Innovus 19.11-s128_1
#  OS:                Linux x86_64(Host ID engnx04a.utdallas.edu)
#  Generated on:      Mon May  5 22:20:09 2025
#  Design:            MSDAP
#  Command:           report_timing -early -max_paths 3 > reports/hold.rpt
###############################################################
Path 1: MET (0.074 ps) Hold Check with Pin ALU_R/j_reg[2]/CLK->D
               View: PVT_0P77V_0C.hold_view
              Group: Sclk
         Startpoint: (R) ALU_R/j_reg[2]/CLK
              Clock: (R) Sclk
           Endpoint: (R) ALU_R/j_reg[2]/D
              Clock: (R) Sclk

                       Capture       Launch
         Clock Edge:+    0.000        0.000
        Src Latency:+  -57.742      -57.742
        Net Latency:+   48.900 (P)   42.400 (P)
            Arrival:=   -8.842      -15.342

               Hold:+    5.526
        Uncertainty:+  100.000
        Cppr Adjust:-    0.000
      Required Time:=   96.683
       Launch Clock:=  -15.342
          Data Path:+  112.100
              Slack:=    0.074
     +-------------------------------------------------------------------------------------------------------------------+ 
     |      Timing Point       | Flags |   Arc   | Edge |           Cell            | Fanout |  Trans |  Delay | Arrival | 
     |                         |       |         |      |                           |        |  (ps)  |  (ps)  |  (ps)   | 
     |-------------------------+-------+---------+------+---------------------------+--------+--------+--------+---------| 
     | ALU_R/j_reg[2]/CLK      |       | CLK     |  R   | (arrival)                 |     74 | 35.000 |        | -15.342 | 
     | ALU_R/j_reg[2]/QN       |       | CLK->QN |  F   | ASYNC_DFFHx1_ASAP7_75t_SL |      4 | 35.000 | 35.300 |  19.958 | 
     | ALU_R/g4901__8867/Y     |       | A1->Y   |  R   | A2O1A1Ixp33_ASAP7_75t_SL  |      1 | 20.900 |  8.600 |  28.558 | 
     | ALU_R/FE_PHC764_n_285/Y |       | A->Y    |  R   | HB2xp67_ASAP7_75t_R       |      1 | 10.100 | 21.100 |  49.658 | 
     | ALU_R/FE_PHC454_n_285/Y |       | A->Y    |  R   | HB4xp67_ASAP7_75t_SRAM    |      1 | 10.500 | 47.100 |  96.758 | 
     | ALU_R/j_reg[2]/D        |       | D       |  R   | ASYNC_DFFHx1_ASAP7_75t_SL |      1 | 17.500 |  0.000 |  96.758 | 
     +-------------------------------------------------------------------------------------------------------------------+ 
Path 2: MET (0.540 ps) Hold Check with Pin ALU_R/j_reg[4]/CLK->D
               View: PVT_0P77V_0C.hold_view
              Group: Sclk
         Startpoint: (R) ALU_R/R_was_1_reg/CLK
              Clock: (R) Sclk
           Endpoint: (R) ALU_R/j_reg[4]/D
              Clock: (R) Sclk

                       Capture       Launch
         Clock Edge:+    0.000        0.000
        Src Latency:+  -57.742      -57.742
        Net Latency:+   57.100 (P)   43.900 (P)
            Arrival:=   -0.642      -13.842

               Hold:+    5.460
        Uncertainty:+  100.000
        Cppr Adjust:-    0.000
      Required Time:=  104.817
       Launch Clock:=  -13.842
          Data Path:+  119.200
              Slack:=    0.540
     +-------------------------------------------------------------------------------------------------------------------+ 
     |      Timing Point       | Flags |   Arc   | Edge |           Cell            | Fanout |  Trans |  Delay | Arrival | 
     |                         |       |         |      |                           |        |  (ps)  |  (ps)  |  (ps)   | 
     |-------------------------+-------+---------+------+---------------------------+--------+--------+--------+---------| 
     | ALU_R/R_was_1_reg/CLK   |       | CLK     |  R   | (arrival)                 |     74 | 35.200 |        | -13.842 | 
     | ALU_R/R_was_1_reg/QN    |       | CLK->QN |  F   | ASYNC_DFFHx1_ASAP7_75t_SL |      3 | 35.200 | 32.700 |  18.858 | 
     | ALU_R/g5143__6789/Y     |       | A->Y    |  R   | NOR2xp33_ASAP7_75t_SL     |      1 | 16.900 |  8.600 |  27.458 | 
     | ALU_R/g4935__7557/Y     |       | B->Y    |  F   | A2O1A1Ixp33_ASAP7_75t_SL  |      9 | 15.500 | 19.400 |  46.858 | 
     | ALU_R/g4903__3717/Y     |       | A2->Y   |  R   | A2O1A1Ixp33_ASAP7_75t_SL  |      1 | 39.100 | 11.700 |  58.558 | 
     | ALU_R/FE_PHC463_n_283/Y |       | A->Y    |  R   | HB4xp67_ASAP7_75t_SRAM    |      1 | 10.700 | 46.800 | 105.358 | 
     | ALU_R/j_reg[4]/D        |       | D       |  R   | ASYNC_DFFHx1_ASAP7_75t_SL |      1 | 17.000 |  0.000 | 105.358 | 
     +-------------------------------------------------------------------------------------------------------------------+ 
Path 3: MET (0.750 ps) Hold Check with Pin s2p/data_R_reg[2]/CLK->D
               View: PVT_0P77V_0C.hold_view
              Group: Dclk
         Startpoint: (R) s2p/data_R_reg[3]/CLK
              Clock: (F) Dclk
           Endpoint: (R) s2p/data_R_reg[2]/D
              Clock: (F) Dclk

                          Capture           Launch
         Clock Edge:+  651000.000       651000.000
        Src Latency:+     -23.276          -23.276
        Net Latency:+      18.651 (P)       14.213 (P)
            Arrival:=  650995.375       650990.938

               Hold:+       5.500
        Uncertainty:+     100.000
        Cppr Adjust:-       0.000
      Required Time:=  651100.875
       Launch Clock:=  650990.938
          Data Path:+     110.688
              Slack:=       0.750
     +--------------------------------------------------------------------------------------------------------------------+ 
     |     Timing Point      | Flags |   Arc   | Edge |           Cell            | Fanout |  Trans |  Delay |  Arrival   | 
     |                       |       |         |      |                           |        |  (ps)  |  (ps)  |    (ps)    | 
     |-----------------------+-------+---------+------+---------------------------+--------+--------+--------+------------| 
     | s2p/data_R_reg[3]/CLK |       | CLK     |  R   | (arrival)                 |     37 | 22.500 |        | 650990.938 | 
     | s2p/data_R_reg[3]/QN  |       | CLK->QN |  F   | ASYNC_DFFHx1_ASAP7_75t_SL |      3 | 22.500 | 34.075 | 651025.000 | 
     | s2p/g1220/Y           |       | A->Y    |  R   | INVx1_ASAP7_75t_SL        |      1 | 20.400 |  5.125 | 651030.125 | 
     | s2p/FE_PHC631_n_46/Y  |       | A->Y    |  R   | HB2xp67_ASAP7_75t_SRAM    |      1 |  8.000 | 24.375 | 651054.500 | 
     | s2p/FE_PHC184_n_46/Y  |       | A->Y    |  R   | HB4xp67_ASAP7_75t_SRAM    |      1 | 11.100 | 47.125 | 651101.625 | 
     | s2p/data_R_reg[2]/D   |       | D       |  R   | ASYNC_DFFHx1_ASAP7_75t_SL |      1 | 17.300 |  0.000 | 651101.625 | 
     +--------------------------------------------------------------------------------------------------------------------+ 

