###############################################################
#  Generated by:      Cadence Innovus 19.11-s128_1
#  OS:                Linux x86_64(Host ID engnx04a.utdallas.edu)
#  Generated on:      Mon May  5 22:20:00 2025
#  Design:            MSDAP
#  Command:           report_timing -late -max_paths 3 > reports/setup.rpt
###############################################################
Path 1: MET (31877.104 ps) Setup Check with Pin ALU_R/y_reg[35]/CLK->D
               View: PVT_0P63V_100C.setup_view
              Group: Sclk
         Startpoint: (R) ALU_R/y_reg[17]/CLK
              Clock: (R) Sclk
           Endpoint: (F) ALU_R/y_reg[35]/D
              Clock: (R) Sclk

                         Capture       Launch
         Clock Edge:+  33333.301        0.000
        Src Latency:+    -78.082      -78.082
        Net Latency:+     70.800 (P)   76.000 (P)
            Arrival:=  33326.020       -2.082

              Setup:-     12.398
        Uncertainty:-    100.000
        Cppr Adjust:+      0.000
      Required Time:=  33213.621
       Launch Clock:=     -2.082
          Data Path:+   1338.599
              Slack:=  31877.104
     +-----------------------------------------------------------------------------------------------------------------------------+ 
     |          Timing Point          | Flags |   Arc   | Edge |           Cell            | Fanout |  Trans  |  Delay  |  Arrival | 
     |                                |       |         |      |                           |        |  (ps)   |  (ps)   |   (ps)   | 
     |--------------------------------+-------+---------+------+---------------------------+--------+---------+---------+----------| 
     | ALU_R/y_reg[17]/CLK            |       | CLK     |  R   | (arrival)                 |     81 |  42.600 |         |   -2.072 | 
     | ALU_R/y_reg[17]/QN             |       | CLK->QN |  F   | ASYNC_DFFHx1_ASAP7_75t_SL |      1 |  42.600 |  49.800 |   47.727 | 
     | ALU_R/FE_PHC71_ALU_out_R_17/Y  |       | A->Y    |  F   | HB4xp67_ASAP7_75t_SRAM    |      6 |  21.300 | 204.800 |  252.525 | 
     | ALU_R/add_150_16/g1220__2833/Y |       | B->Y    |  R   | MAJIxp5_ASAP7_75t_SL      |      2 | 145.100 |  51.300 |  303.824 | 
     | ALU_R/add_150_16/g1219/Y       |       | A->Y    |  F   | INVx1_ASAP7_75t_SL        |      1 |  81.500 |   9.500 |  313.324 | 
     | ALU_R/add_150_16/g1217__1297/Y |       | A->Y    |  R   | MAJIxp5_ASAP7_75t_SL      |      2 |  25.500 |  27.200 |  340.523 | 
     | ALU_R/add_150_16/g1216/Y       |       | A->Y    |  F   | INVx1_ASAP7_75t_SL        |      1 |  83.600 |   9.500 |  350.023 | 
     | ALU_R/add_150_16/g1214__2007/Y |       | A->Y    |  R   | MAJIxp5_ASAP7_75t_SL      |      2 |  26.000 |  26.400 |  376.424 | 
     | ALU_R/add_150_16/g1213/Y       |       | A->Y    |  F   | INVx1_ASAP7_75t_SL        |      1 |  81.400 |   9.500 |  385.924 | 
     | ALU_R/add_150_16/g1211__4599/Y |       | A->Y    |  R   | MAJIxp5_ASAP7_75t_SL      |      2 |  25.400 |  26.500 |  412.424 | 
     | ALU_R/add_150_16/g1210/Y       |       | A->Y    |  F   | INVx1_ASAP7_75t_SL        |      1 |  77.700 |   9.700 |  422.123 | 
     | ALU_R/add_150_16/g1208__1377/Y |       | A->Y    |  R   | MAJIxp5_ASAP7_75t_SL      |      2 |  24.900 |  26.300 |  448.422 | 
     | ALU_R/add_150_16/g1207/Y       |       | A->Y    |  F   | INVx1_ASAP7_75t_SL        |      1 |  82.200 |   9.400 |  457.822 | 
     | ALU_R/add_150_16/g1205__7654/Y |       | A->Y    |  R   | MAJIxp5_ASAP7_75t_SL      |      2 |  25.600 |  26.400 |  484.223 | 
     | ALU_R/add_150_16/g1204/Y       |       | A->Y    |  F   | INVx1_ASAP7_75t_SL        |      1 |  77.900 |   9.500 |  493.723 | 
     | ALU_R/add_150_16/g1202__7837/Y |       | A->Y    |  R   | MAJIxp5_ASAP7_75t_SL      |      2 |  24.800 |  26.000 |  519.723 | 
     | ALU_R/add_150_16/g1201/Y       |       | A->Y    |  F   | INVx1_ASAP7_75t_SL        |      1 |  81.200 |   9.600 |  529.322 | 
     | ALU_R/add_150_16/g1199__1279/Y |       | A->Y    |  R   | MAJIxp5_ASAP7_75t_SL      |      2 |  25.500 |  26.000 |  555.322 | 
     | ALU_R/add_150_16/g1198/Y       |       | A->Y    |  F   | INVx1_ASAP7_75t_SL        |      1 |  53.900 |   9.400 |  564.723 | 
     | ALU_R/add_150_16/g1196__9771/Y |       | A->Y    |  R   | MAJIxp5_ASAP7_75t_SL      |      2 |  19.700 |  25.600 |  590.322 | 
     | ALU_R/add_150_16/g1195/Y       |       | A->Y    |  F   | INVx1_ASAP7_75t_SL        |      1 |  83.200 |   9.500 |  599.822 | 
     | ALU_R/add_150_16/g1193__1122/Y |       | A->Y    |  R   | MAJIxp5_ASAP7_75t_SL      |      2 |  25.800 |  26.600 |  626.422 | 
     | ALU_R/add_150_16/g1192/Y       |       | A->Y    |  F   | INVx1_ASAP7_75t_SL        |      1 |  56.800 |   9.200 |  635.621 | 
     | ALU_R/add_150_16/g1190__5927/Y |       | A->Y    |  R   | MAJIxp5_ASAP7_75t_SL      |      2 |  20.100 |  25.100 |  660.721 | 
     | ALU_R/add_150_16/g1189/Y       |       | A->Y    |  F   | INVx1_ASAP7_75t_SL        |      1 |  51.700 |   9.000 |  669.721 | 
     | ALU_R/add_150_16/g1187__1591/Y |       | A->Y    |  R   | MAJIxp5_ASAP7_75t_SL      |      2 |  19.000 |  25.300 |  695.020 | 
     | ALU_R/add_150_16/g1186/Y       |       | A->Y    |  F   | INVx1_ASAP7_75t_SL        |      1 |  52.900 |   8.900 |  703.920 | 
     | ALU_R/add_150_16/g1184__3377/Y |       | A->Y    |  R   | MAJIxp5_ASAP7_75t_SL      |      2 |  19.100 |  25.000 |  728.920 | 
     | ALU_R/add_150_16/g1183/Y       |       | A->Y    |  F   | INVx1_ASAP7_75t_SL        |      1 |  51.600 |   9.200 |  738.119 | 
     | ALU_R/add_150_16/g1181__7765/Y |       | A->Y    |  R   | MAJIxp5_ASAP7_75t_SL      |      2 |  19.100 |  24.600 |  762.719 | 
     | ALU_R/add_150_16/g1180/Y       |       | A->Y    |  F   | INVx1_ASAP7_75t_SL        |      1 |  67.700 |   9.600 |  772.318 | 
     | ALU_R/add_150_16/g1178__2833/Y |       | A->Y    |  R   | MAJIxp5_ASAP7_75t_SL      |      2 |  22.800 |  26.000 |  798.318 | 
     | ALU_R/add_150_16/g1177/Y       |       | A->Y    |  F   | INVx1_ASAP7_75t_SL        |      1 |  82.600 |   9.600 |  807.918 | 
     | ALU_R/add_150_16/g1175__1297/Y |       | A->Y    |  R   | MAJIxp5_ASAP7_75t_SL      |      2 |  25.900 |  27.800 |  835.719 | 
     | ALU_R/add_150_16/g1174/Y       |       | A->Y    |  F   | INVx1_ASAP7_75t_SL        |      1 |  70.800 |   9.600 |  845.318 | 
     | ALU_R/add_150_16/g1172__2007/Y |       | A->Y    |  R   | MAJIxp5_ASAP7_75t_SL      |      2 |  23.400 |  25.700 |  871.018 | 
     | ALU_R/add_150_16/g1171/Y       |       | A->Y    |  F   | INVx1_ASAP7_75t_SL        |      1 |  73.500 |   9.600 |  880.617 | 
     | ALU_R/add_150_16/g1169__4599/Y |       | A->Y    |  R   | MAJIxp5_ASAP7_75t_SL      |      2 |  24.000 |  26.600 |  907.217 | 
     | ALU_R/add_150_16/g1168/Y       |       | A->Y    |  F   | INVx1_ASAP7_75t_SL        |      1 |  81.800 |   9.500 |  916.717 | 
     | ALU_R/add_150_16/g1166__1377/Y |       | A->Y    |  R   | MAJIxp5_ASAP7_75t_SL      |      2 |  25.600 |  26.100 |  942.818 | 
     | ALU_R/add_150_16/g1161__7557/Y |       | B->Y    |  R   | XOR2xp5_ASAP7_75t_SL      |      1 |  68.700 |  25.500 |  968.318 | 
     | ALU_R/g5104__9867/Y            |       | A2->Y   |  F   | AOI22xp5_ASAP7_75t_SL     |      1 |  35.100 |  15.200 |  983.518 | 
     | ALU_R/FE_PHC440_n_131/Y        |       | A->Y    |  F   | HB4xp67_ASAP7_75t_SRAM    |      2 |  62.100 | 163.300 | 1146.818 | 
     | ALU_R/g4888__6789/Y            |       | A2->Y   |  R   | OAI22xp5_ASAP7_75t_SL     |      1 |  59.700 |  21.600 | 1168.420 | 
     | ALU_R/g4832__4599/Y            |       | B->Y    |  F   | AOI21xp5_ASAP7_75t_SL     |      1 |  63.800 |  16.900 | 1185.318 | 
     | ALU_R/FE_PHC502_n_338/Y        |       | A->Y    |  F   | HB4xp67_ASAP7_75t_SRAM    |      1 |  66.000 | 151.200 | 1336.518 | 
     | ALU_R/y_reg[35]/D              |       | D       |  F   | ASYNC_DFFHx1_ASAP7_75t_SL |      1 |  43.600 |   0.000 | 1336.518 | 
     +-----------------------------------------------------------------------------------------------------------------------------+ 
Path 2: MET (31925.209 ps) Setup Check with Pin ALU_L/y_reg[38]/CLK->D
               View: PVT_0P63V_100C.setup_view
              Group: Sclk
         Startpoint: (R) ALU_L/y_reg[17]/CLK
              Clock: (R) Sclk
           Endpoint: (F) ALU_L/y_reg[38]/D
              Clock: (R) Sclk

                         Capture       Launch
         Clock Edge:+  33333.301        0.000
        Src Latency:+    -78.082      -78.082
        Net Latency:+     70.500 (P)   84.600 (P)
            Arrival:=  33325.719        6.518

              Setup:-     12.492
        Uncertainty:-    100.000
        Cppr Adjust:+      0.000
      Required Time:=  33213.227
       Launch Clock:=      6.518
          Data Path:+   1281.499
              Slack:=  31925.209
     +-----------------------------------------------------------------------------------------------------------------------------+ 
     |          Timing Point          | Flags |   Arc   | Edge |           Cell            | Fanout |  Trans  |  Delay  |  Arrival | 
     |                                |       |         |      |                           |        |  (ps)   |  (ps)   |   (ps)   | 
     |--------------------------------+-------+---------+------+---------------------------+--------+---------+---------+----------| 
     | ALU_L/y_reg[17]/CLK            |       | CLK     |  R   | (arrival)                 |     81 |  73.100 |         |    6.512 | 
     | ALU_L/y_reg[17]/QN             |       | CLK->QN |  F   | ASYNC_DFFHx1_ASAP7_75t_SL |      1 |  73.100 |  53.400 |   59.912 | 
     | ALU_L/FE_PHC67_ALU_out_L_17/Y  |       | A->Y    |  F   | HB4xp67_ASAP7_75t_SRAM    |      6 |  21.400 | 205.500 |  265.412 | 
     | ALU_L/add_150_16/g1220__3377/Y |       | B->Y    |  R   | MAJIxp5_ASAP7_75t_SL      |      2 | 147.200 |  51.600 |  317.012 | 
     | ALU_L/add_150_16/g1219/Y       |       | A->Y    |  F   | INVx1_ASAP7_75t_SL        |      1 |  82.000 |   9.600 |  326.611 | 
     | ALU_L/add_150_16/g1217__7765/Y |       | A->Y    |  R   | MAJIxp5_ASAP7_75t_SL      |      2 |  25.700 |  26.600 |  353.211 | 
     | ALU_L/add_150_16/g1216/Y       |       | A->Y    |  F   | INVx1_ASAP7_75t_SL        |      1 |  83.200 |   9.800 |  363.010 | 
     | ALU_L/add_150_16/g1214__2833/Y |       | A->Y    |  R   | MAJIxp5_ASAP7_75t_SL      |      2 |  26.100 |  26.700 |  389.709 | 
     | ALU_L/add_150_16/g1213/Y       |       | A->Y    |  F   | INVx1_ASAP7_75t_SL        |      1 |  82.400 |   9.400 |  399.109 | 
     | ALU_L/add_150_16/g1211__1297/Y |       | A->Y    |  R   | MAJIxp5_ASAP7_75t_SL      |      2 |  25.500 |  26.100 |  425.209 | 
     | ALU_L/add_150_16/g1210/Y       |       | A->Y    |  F   | INVx1_ASAP7_75t_SL        |      1 |  77.400 |   9.600 |  434.809 | 
     | ALU_L/add_150_16/g1208__2007/Y |       | A->Y    |  R   | MAJIxp5_ASAP7_75t_SL      |      2 |  24.800 |  25.800 |  460.607 | 
     | ALU_L/add_150_16/g1207/Y       |       | A->Y    |  F   | INVx1_ASAP7_75t_SL        |      1 |  80.900 |   9.500 |  470.107 | 
     | ALU_L/add_150_16/g1205__4599/Y |       | A->Y    |  R   | MAJIxp5_ASAP7_75t_SL      |      2 |  25.400 |  26.100 |  496.207 | 
     | ALU_L/add_150_16/g1204/Y       |       | A->Y    |  F   | INVx1_ASAP7_75t_SL        |      1 |  77.400 |   9.400 |  505.607 | 
     | ALU_L/add_150_16/g1202__1377/Y |       | A->Y    |  R   | MAJIxp5_ASAP7_75t_SL      |      2 |  24.600 |  25.800 |  531.406 | 
     | ALU_L/add_150_16/g1201/Y       |       | A->Y    |  F   | INVx1_ASAP7_75t_SL        |      1 |  77.100 |  10.000 |  541.406 | 
     | ALU_L/add_150_16/g1199__7654/Y |       | A->Y    |  R   | MAJIxp5_ASAP7_75t_SL      |      2 |  25.100 |  26.200 |  567.605 | 
     | ALU_L/add_150_16/g1198/Y       |       | A->Y    |  F   | INVx1_ASAP7_75t_SL        |      1 |  81.200 |   9.500 |  577.105 | 
     | ALU_L/add_150_16/g1196__7837/Y |       | A->Y    |  R   | MAJIxp5_ASAP7_75t_SL      |      2 |  25.400 |  26.600 |  603.705 | 
     | ALU_L/add_150_16/g1195/Y       |       | A->Y    |  F   | INVx1_ASAP7_75t_SL        |      1 |  55.100 |   9.100 |  612.805 | 
     | ALU_L/add_150_16/g1193__1279/Y |       | A->Y    |  R   | MAJIxp5_ASAP7_75t_SL      |      2 |  19.800 |  24.900 |  637.705 | 
     | ALU_L/add_150_16/g1192/Y       |       | A->Y    |  F   | INVx1_ASAP7_75t_SL        |      1 |  54.500 |   8.800 |  646.506 | 
     | ALU_L/add_150_16/g1190__9771/Y |       | A->Y    |  R   | MAJIxp5_ASAP7_75t_SL      |      2 |  19.300 |  25.100 |  671.605 | 
     | ALU_L/add_150_16/g1189/Y       |       | A->Y    |  F   | INVx1_ASAP7_75t_SL        |      1 |  51.900 |   8.900 |  680.506 | 
     | ALU_L/add_150_16/g1187__1122/Y |       | A->Y    |  R   | MAJIxp5_ASAP7_75t_SL      |      2 |  18.900 |  24.700 |  705.205 | 
     | ALU_L/add_150_16/g1186/Y       |       | A->Y    |  F   | INVx1_ASAP7_75t_SL        |      1 |  51.400 |   9.000 |  714.205 | 
     | ALU_L/add_150_16/g1184__5927/Y |       | A->Y    |  R   | MAJIxp5_ASAP7_75t_SL      |      2 |  18.800 |  25.500 |  739.705 | 
     | ALU_L/add_150_16/g1183/Y       |       | A->Y    |  F   | INVx1_ASAP7_75t_SL        |      1 |  52.800 |   9.200 |  748.904 | 
     | ALU_L/add_150_16/g1181__1591/Y |       | A->Y    |  R   | MAJIxp5_ASAP7_75t_SL      |      2 |  19.400 |  25.000 |  773.904 | 
     | ALU_L/add_150_16/g1180/Y       |       | A->Y    |  F   | INVx1_ASAP7_75t_SL        |      1 |  68.100 |  10.100 |  784.004 | 
     | ALU_L/add_150_16/g1178__3377/Y |       | A->Y    |  R   | MAJIxp5_ASAP7_75t_SL      |      2 |  23.400 |  26.000 |  810.004 | 
     | ALU_L/add_150_16/g1177/Y       |       | A->Y    |  F   | INVx1_ASAP7_75t_SL        |      1 |  82.100 |   9.800 |  819.803 | 
     | ALU_L/add_150_16/g1175__7765/Y |       | A->Y    |  R   | MAJIxp5_ASAP7_75t_SL      |      2 |  25.800 |  27.200 |  847.002 | 
     | ALU_L/add_150_16/g1174/Y       |       | A->Y    |  F   | INVx1_ASAP7_75t_SL        |      1 |  81.800 |   9.600 |  856.604 | 
     | ALU_L/add_150_16/g1172__2833/Y |       | A->Y    |  R   | MAJIxp5_ASAP7_75t_SL      |      2 |  25.700 |  26.600 |  883.205 | 
     | ALU_L/add_150_16/g1171/Y       |       | A->Y    |  F   | INVx1_ASAP7_75t_SL        |      1 |  69.600 |   9.400 |  892.604 | 
     | ALU_L/add_150_16/g1169__1297/Y |       | A->Y    |  R   | MAJIxp5_ASAP7_75t_SL      |      2 |  22.900 |  27.500 |  920.104 | 
     | ALU_L/add_150_16/g1168/Y       |       | A->Y    |  F   | INVx1_ASAP7_75t_SL        |      1 |  84.700 |   9.600 |  929.705 | 
     | ALU_L/add_150_16/g1166__2007/Y |       | A->Y    |  R   | MAJIxp5_ASAP7_75t_SL      |      2 |  26.200 |  26.600 |  956.307 | 
     | ALU_L/add_150_16/g1165/Y       |       | A->Y    |  F   | INVx1_ASAP7_75t_SL        |      1 |  69.500 |   9.300 |  965.607 | 
     | ALU_L/add_150_16/g1163__4599/Y |       | A->Y    |  R   | MAJIxp5_ASAP7_75t_SL      |      2 |  22.800 |  25.700 |  991.311 | 
     | ALU_L/add_150_16/g1162/Y       |       | A->Y    |  F   | INVx1_ASAP7_75t_SL        |      1 |  77.000 |   9.800 | 1001.111 | 
     | ALU_L/add_150_16/g1160__1377/Y |       | A->Y    |  R   | MAJIxp5_ASAP7_75t_SL      |      2 |  24.900 |  26.200 | 1027.314 | 
     | ALU_L/add_150_16/g1159/Y       |       | A->Y    |  F   | INVx1_ASAP7_75t_SL        |      1 |  70.600 |   9.400 | 1036.713 | 
     | ALU_L/add_150_16/g1157__7654/Y |       | A->Y    |  R   | MAJIxp5_ASAP7_75t_SL      |      1 |  23.100 |  20.700 | 1057.416 | 
     | ALU_L/add_150_16/g1155__7837/Y |       | B->Y    |  R   | XOR2xp5_ASAP7_75t_SL      |      1 |  59.200 |  23.600 | 1081.018 | 
     | ALU_L/g5092__3779/Y            |       | A1->Y   |  R   | AO22x1_ASAP7_75t_SL       |      2 |  30.600 |  24.500 | 1105.518 | 
     | ALU_L/g4844__6789/Y            |       | B1->Y   |  F   | AOI222xp33_ASAP7_75t_SL   |      1 |  26.500 |  22.700 | 1128.217 | 
     | ALU_L/FE_PHC399_n_329/Y        |       | A->Y    |  F   | HB4xp67_ASAP7_75t_SRAM    |      1 |  87.400 | 159.800 | 1288.018 | 
     | ALU_L/y_reg[38]/D              |       | D       |  F   | ASYNC_DFFHx1_ASAP7_75t_SL |      1 |  43.700 |   0.000 | 1288.018 | 
     +-----------------------------------------------------------------------------------------------------------------------------+ 
Path 3: MET (31942.426 ps) Setup Check with Pin ALU_L/y_reg[39]/CLK->D
               View: PVT_0P63V_100C.setup_view
              Group: Sclk
         Startpoint: (R) ALU_L/y_reg[17]/CLK
              Clock: (R) Sclk
           Endpoint: (F) ALU_L/y_reg[39]/D
              Clock: (R) Sclk

                         Capture       Launch
         Clock Edge:+  33333.301        0.000
        Src Latency:+    -78.082      -78.082
        Net Latency:+     70.400 (P)   84.600 (P)
            Arrival:=  33325.617        6.518

              Setup:-     12.578
        Uncertainty:-    100.000
        Cppr Adjust:+      0.000
      Required Time:=  33213.043
       Launch Clock:=      6.518
          Data Path:+   1264.099
              Slack:=  31942.426
     +-----------------------------------------------------------------------------------------------------------------------------+ 
     |          Timing Point          | Flags |   Arc   | Edge |           Cell            | Fanout |  Trans  |  Delay  |  Arrival | 
     |                                |       |         |      |                           |        |  (ps)   |  (ps)   |   (ps)   | 
     |--------------------------------+-------+---------+------+---------------------------+--------+---------+---------+----------| 
     | ALU_L/y_reg[17]/CLK            |       | CLK     |  R   | (arrival)                 |     81 |  73.100 |         |    6.510 | 
     | ALU_L/y_reg[17]/QN             |       | CLK->QN |  F   | ASYNC_DFFHx1_ASAP7_75t_SL |      1 |  73.100 |  53.400 |   59.910 | 
     | ALU_L/FE_PHC67_ALU_out_L_17/Y  |       | A->Y    |  F   | HB4xp67_ASAP7_75t_SRAM    |      6 |  21.400 | 205.500 |  265.410 | 
     | ALU_L/add_150_16/g1220__3377/Y |       | B->Y    |  R   | MAJIxp5_ASAP7_75t_SL      |      2 | 147.200 |  51.600 |  317.010 | 
     | ALU_L/add_150_16/g1219/Y       |       | A->Y    |  F   | INVx1_ASAP7_75t_SL        |      1 |  82.000 |   9.600 |  326.609 | 
     | ALU_L/add_150_16/g1217__7765/Y |       | A->Y    |  R   | MAJIxp5_ASAP7_75t_SL      |      2 |  25.700 |  26.600 |  353.209 | 
     | ALU_L/add_150_16/g1216/Y       |       | A->Y    |  F   | INVx1_ASAP7_75t_SL        |      1 |  83.200 |   9.800 |  363.008 | 
     | ALU_L/add_150_16/g1214__2833/Y |       | A->Y    |  R   | MAJIxp5_ASAP7_75t_SL      |      2 |  26.100 |  26.700 |  389.707 | 
     | ALU_L/add_150_16/g1213/Y       |       | A->Y    |  F   | INVx1_ASAP7_75t_SL        |      1 |  82.400 |   9.400 |  399.107 | 
     | ALU_L/add_150_16/g1211__1297/Y |       | A->Y    |  R   | MAJIxp5_ASAP7_75t_SL      |      2 |  25.500 |  26.100 |  425.207 | 
     | ALU_L/add_150_16/g1210/Y       |       | A->Y    |  F   | INVx1_ASAP7_75t_SL        |      1 |  77.400 |   9.600 |  434.807 | 
     | ALU_L/add_150_16/g1208__2007/Y |       | A->Y    |  R   | MAJIxp5_ASAP7_75t_SL      |      2 |  24.800 |  25.800 |  460.605 | 
     | ALU_L/add_150_16/g1207/Y       |       | A->Y    |  F   | INVx1_ASAP7_75t_SL        |      1 |  80.900 |   9.500 |  470.105 | 
     | ALU_L/add_150_16/g1205__4599/Y |       | A->Y    |  R   | MAJIxp5_ASAP7_75t_SL      |      2 |  25.400 |  26.100 |  496.205 | 
     | ALU_L/add_150_16/g1204/Y       |       | A->Y    |  F   | INVx1_ASAP7_75t_SL        |      1 |  77.400 |   9.400 |  505.605 | 
     | ALU_L/add_150_16/g1202__1377/Y |       | A->Y    |  R   | MAJIxp5_ASAP7_75t_SL      |      2 |  24.600 |  25.800 |  531.404 | 
     | ALU_L/add_150_16/g1201/Y       |       | A->Y    |  F   | INVx1_ASAP7_75t_SL        |      1 |  77.100 |  10.000 |  541.404 | 
     | ALU_L/add_150_16/g1199__7654/Y |       | A->Y    |  R   | MAJIxp5_ASAP7_75t_SL      |      2 |  25.100 |  26.200 |  567.604 | 
     | ALU_L/add_150_16/g1198/Y       |       | A->Y    |  F   | INVx1_ASAP7_75t_SL        |      1 |  81.200 |   9.500 |  577.104 | 
     | ALU_L/add_150_16/g1196__7837/Y |       | A->Y    |  R   | MAJIxp5_ASAP7_75t_SL      |      2 |  25.400 |  26.600 |  603.703 | 
     | ALU_L/add_150_16/g1195/Y       |       | A->Y    |  F   | INVx1_ASAP7_75t_SL        |      1 |  55.100 |   9.100 |  612.803 | 
     | ALU_L/add_150_16/g1193__1279/Y |       | A->Y    |  R   | MAJIxp5_ASAP7_75t_SL      |      2 |  19.800 |  24.900 |  637.703 | 
     | ALU_L/add_150_16/g1192/Y       |       | A->Y    |  F   | INVx1_ASAP7_75t_SL        |      1 |  54.500 |   8.800 |  646.504 | 
     | ALU_L/add_150_16/g1190__9771/Y |       | A->Y    |  R   | MAJIxp5_ASAP7_75t_SL      |      2 |  19.300 |  25.100 |  671.604 | 
     | ALU_L/add_150_16/g1189/Y       |       | A->Y    |  F   | INVx1_ASAP7_75t_SL        |      1 |  51.900 |   8.900 |  680.504 | 
     | ALU_L/add_150_16/g1187__1122/Y |       | A->Y    |  R   | MAJIxp5_ASAP7_75t_SL      |      2 |  18.900 |  24.700 |  705.203 | 
     | ALU_L/add_150_16/g1186/Y       |       | A->Y    |  F   | INVx1_ASAP7_75t_SL        |      1 |  51.400 |   9.000 |  714.203 | 
     | ALU_L/add_150_16/g1184__5927/Y |       | A->Y    |  R   | MAJIxp5_ASAP7_75t_SL      |      2 |  18.800 |  25.500 |  739.703 | 
     | ALU_L/add_150_16/g1183/Y       |       | A->Y    |  F   | INVx1_ASAP7_75t_SL        |      1 |  52.800 |   9.200 |  748.902 | 
     | ALU_L/add_150_16/g1181__1591/Y |       | A->Y    |  R   | MAJIxp5_ASAP7_75t_SL      |      2 |  19.400 |  25.000 |  773.902 | 
     | ALU_L/add_150_16/g1180/Y       |       | A->Y    |  F   | INVx1_ASAP7_75t_SL        |      1 |  68.100 |  10.100 |  784.002 | 
     | ALU_L/add_150_16/g1178__3377/Y |       | A->Y    |  R   | MAJIxp5_ASAP7_75t_SL      |      2 |  23.400 |  26.000 |  810.002 | 
     | ALU_L/add_150_16/g1177/Y       |       | A->Y    |  F   | INVx1_ASAP7_75t_SL        |      1 |  82.100 |   9.800 |  819.801 | 
     | ALU_L/add_150_16/g1175__7765/Y |       | A->Y    |  R   | MAJIxp5_ASAP7_75t_SL      |      2 |  25.800 |  27.200 |  847.000 | 
     | ALU_L/add_150_16/g1174/Y       |       | A->Y    |  F   | INVx1_ASAP7_75t_SL        |      1 |  81.800 |   9.600 |  856.602 | 
     | ALU_L/add_150_16/g1172__2833/Y |       | A->Y    |  R   | MAJIxp5_ASAP7_75t_SL      |      2 |  25.700 |  26.600 |  883.203 | 
     | ALU_L/add_150_16/g1171/Y       |       | A->Y    |  F   | INVx1_ASAP7_75t_SL        |      1 |  69.600 |   9.400 |  892.602 | 
     | ALU_L/add_150_16/g1169__1297/Y |       | A->Y    |  R   | MAJIxp5_ASAP7_75t_SL      |      2 |  22.900 |  27.500 |  920.102 | 
     | ALU_L/add_150_16/g1168/Y       |       | A->Y    |  F   | INVx1_ASAP7_75t_SL        |      1 |  84.700 |   9.600 |  929.703 | 
     | ALU_L/add_150_16/g1166__2007/Y |       | A->Y    |  R   | MAJIxp5_ASAP7_75t_SL      |      2 |  26.200 |  26.600 |  956.305 | 
     | ALU_L/add_150_16/g1165/Y       |       | A->Y    |  F   | INVx1_ASAP7_75t_SL        |      1 |  69.500 |   9.300 |  965.605 | 
     | ALU_L/add_150_16/g1163__4599/Y |       | A->Y    |  R   | MAJIxp5_ASAP7_75t_SL      |      2 |  22.800 |  25.700 |  991.309 | 
     | ALU_L/add_150_16/g1162/Y       |       | A->Y    |  F   | INVx1_ASAP7_75t_SL        |      1 |  77.000 |   9.800 | 1001.109 | 
     | ALU_L/add_150_16/g1160__1377/Y |       | A->Y    |  R   | MAJIxp5_ASAP7_75t_SL      |      2 |  24.900 |  26.200 | 1027.312 | 
     | ALU_L/add_150_16/g1159/Y       |       | A->Y    |  F   | INVx1_ASAP7_75t_SL        |      1 |  70.600 |   9.400 | 1036.711 | 
     | ALU_L/add_150_16/g1157__7654/Y |       | A->Y    |  R   | MAJIxp5_ASAP7_75t_SL      |      1 |  23.100 |  20.700 | 1057.414 | 
     | ALU_L/add_150_16/g1155__7837/Y |       | B->Y    |  R   | XOR2xp5_ASAP7_75t_SL      |      1 |  59.200 |  23.600 | 1081.016 | 
     | ALU_L/g5092__3779/Y            |       | A1->Y   |  R   | AO22x1_ASAP7_75t_SL       |      2 |  30.600 |  24.500 | 1105.516 | 
     | ALU_L/g4890__3457/Y            |       | A2->Y   |  F   | AOI22xp5_ASAP7_75t_SL     |      1 |  26.500 |  15.300 | 1120.816 | 
     | ALU_L/FE_PHC341_n_295/Y        |       | A->Y    |  F   | HB4xp67_ASAP7_75t_SRAM    |      1 |  60.200 | 149.800 | 1270.617 | 
     | ALU_L/y_reg[39]/D              |       | D       |  F   | ASYNC_DFFHx1_ASAP7_75t_SL |      1 |  44.400 |   0.000 | 1270.617 | 
     +-----------------------------------------------------------------------------------------------------------------------------+ 

