------------------------------------------------------------
Timing Analyzer Summary
------------------------------------------------------------

Type  : Slow 1100mV 85C Model Setup 'clk'
Slack : -2.347
TNS   : -67.709

Type  : Slow 1100mV 85C Model Hold 'clk'
Slack : 0.310
TNS   : 0.000

Type  : Slow 1100mV 85C Model Minimum Pulse Width 'clk'
Slack : -2.636
TNS   : -160.075

Type  : Slow 1100mV 0C Model Setup 'clk'
Slack : -2.421
TNS   : -67.504

Type  : Slow 1100mV 0C Model Hold 'clk'
Slack : 0.291
TNS   : 0.000

Type  : Slow 1100mV 0C Model Minimum Pulse Width 'clk'
Slack : -2.636
TNS   : -162.329

Type  : Fast 1100mV 85C Model Setup 'clk'
Slack : -1.046
TNS   : -21.953

Type  : Fast 1100mV 85C Model Hold 'clk'
Slack : 0.172
TNS   : 0.000

Type  : Fast 1100mV 85C Model Minimum Pulse Width 'clk'
Slack : -2.636
TNS   : -132.444

Type  : Fast 1100mV 0C Model Setup 'clk'
Slack : -0.978
TNS   : -18.909

Type  : Fast 1100mV 0C Model Hold 'clk'
Slack : 0.159
TNS   : 0.000

Type  : Fast 1100mV 0C Model Minimum Pulse Width 'clk'
Slack : -2.636
TNS   : -132.507

------------------------------------------------------------
