------------------------------------------------------------
Timing Analyzer Summary
------------------------------------------------------------

Type  : Slow 1100mV 85C Model Setup 'clk'
Slack : -0.120
TNS   : -0.120

Type  : Slow 1100mV 85C Model Hold 'clk'
Slack : 0.215
TNS   : 0.000

Type  : Slow 1100mV 85C Model Minimum Pulse Width 'clk'
Slack : -0.394
TNS   : -3.179

Type  : Slow 1100mV 0C Model Setup 'clk'
Slack : -0.145
TNS   : -0.145

Type  : Slow 1100mV 0C Model Hold 'clk'
Slack : 0.198
TNS   : 0.000

Type  : Slow 1100mV 0C Model Minimum Pulse Width 'clk'
Slack : -0.394
TNS   : -3.425

Type  : Fast 1100mV 85C Model Setup 'clk'
Slack : 0.338
TNS   : 0.000

Type  : Fast 1100mV 85C Model Hold 'clk'
Slack : 0.133
TNS   : 0.000

Type  : Fast 1100mV 85C Model Minimum Pulse Width 'clk'
Slack : -0.083
TNS   : -0.488

Type  : Fast 1100mV 0C Model Setup 'clk'
Slack : 0.357
TNS   : 0.000

Type  : Fast 1100mV 0C Model Hold 'clk'
Slack : 0.118
TNS   : 0.000

Type  : Fast 1100mV 0C Model Minimum Pulse Width 'clk'
Slack : -0.083
TNS   : -0.492

------------------------------------------------------------
