============================================================
  Generated by:           Genus(TM) Synthesis Solution 16.23-s049_1
  Generated on:           Apr 27 2025  11:00:24 am
  Module:                 MSDAP
  Interconnect mode:      global
  Area mode:              physical library
============================================================

       Instance              Module               Domain            Cells  Cell Area  Net Area   Total Area 
------------------------------------------------------------------------------------------------------------
MSDAP                                    PVT_0P63V_100C.setup_cond  55633     143744     46662       190406 
  Co_mem_R             CO_MEM_500        PVT_0P63V_100C.setup_cond  14469      36789     12004        48793 
    mem_0_3            SRAM1RW128x12_503 PVT_0P63V_100C.setup_cond   3604       9175      2986        12161 
    mem_0_2            SRAM1RW128x12_504 PVT_0P63V_100C.setup_cond   3604       9175      2986        12161 
    mem_0_1            SRAM1RW128x12_505 PVT_0P63V_100C.setup_cond   3604       9175      2986        12161 
    mem_0_0            SRAM1RW128x12_506 PVT_0P63V_100C.setup_cond   3604       9175      2986        12161 
  Co_mem_L             CO_MEM            PVT_0P63V_100C.setup_cond  14469      36789     12004        48793 
    mem_0_3            SRAM1RW128x12_507 PVT_0P63V_100C.setup_cond   3604       9175      2986        12161 
    mem_0_2            SRAM1RW128x12_508 PVT_0P63V_100C.setup_cond   3604       9175      2986        12161 
    mem_0_1            SRAM1RW128x12_509 PVT_0P63V_100C.setup_cond   3604       9175      2986        12161 
    mem_0_0            SRAM1RW128x12     PVT_0P63V_100C.setup_cond   3604       9175      2986        12161 
  Data_mem_R           DATA_MEM_501      PVT_0P63V_100C.setup_cond  11934      31799     10200        41999 
    mem_0_1            SRAM1RW256x8_510  PVT_0P63V_100C.setup_cond   5965      15898      5098        20996 
    mem_0_0            SRAM1RW256x8_511  PVT_0P63V_100C.setup_cond   5965      15898      5098        20996 
  Data_mem_L           DATA_MEM          PVT_0P63V_100C.setup_cond  11934      31799     10200        41999 
    mem_0_1            SRAM1RW256x8_512  PVT_0P63V_100C.setup_cond   5965      15898      5098        20996 
    mem_0_0            SRAM1RW256x8      PVT_0P63V_100C.setup_cond   5965      15898      5098        20996 
  ALU_R                ALU_499           PVT_0P63V_100C.setup_cond    665       1413       458         1871 
    sub_148_16         sub_signed_524    PVT_0P63V_100C.setup_cond     90        154        43          197 
    add_150_16         add_signed_515    PVT_0P63V_100C.setup_cond     92        151        39          190 
  ALU_L                ALU               PVT_0P63V_100C.setup_cond    665       1413       458         1871 
    sub_148_16         sub_signed        PVT_0P63V_100C.setup_cond     90        154        43          197 
    add_150_16         add_signed        PVT_0P63V_100C.setup_cond     92        151        39          190 
  R_mem_R              R_MEM_502         PVT_0P63V_100C.setup_cond    428       1077       246         1323 
    mem_0_0            SRAM2RW16x8_513   PVT_0P63V_100C.setup_cond    424       1074       244         1318 
  R_mem_L              R_MEM             PVT_0P63V_100C.setup_cond    428       1077       246         1323 
    mem_0_0            SRAM2RW16x8       PVT_0P63V_100C.setup_cond    424       1074       244         1318 
  p2s                  PARALLEL_2_SERIAL PVT_0P63V_100C.setup_cond    203        767       183          949 
  main_control         MAIN_CTRL         PVT_0P63V_100C.setup_cond    196        360       136          496 
  s2p                  SERIAL_2_PARALLEL PVT_0P63V_100C.setup_cond    100        290        37          327 
  in_data_ready_sync_u SYNC_514          PVT_0P63V_100C.setup_cond      5         14         1           16 
  Frame_sync_u         SYNC              PVT_0P63V_100C.setup_cond      5         14         1           16 
