============================================================
  Generated by:           Genus(TM) Synthesis Solution 16.23-s049_1
  Generated on:           Apr 27 2025  11:00:13 am
  Module:                 MSDAP
  Interconnect mode:      global
  Area mode:              physical library
============================================================

                       Library         Leakage     Dynamic      Total    
       Instance         Domain Cells  Power(nW)   Power(nW)   Power(nW)  
-------------------------------------------------------------------------
MSDAP                     0    55633 4064962.199 1423448.121 5488410.319 
  Co_mem_L                0    14469 1036008.214  308145.513 1344153.728 
    mem_0_0               0     3604  258721.128   77114.629  335835.758 
    mem_0_3               0     3604  258456.373   76674.469  335130.842 
    mem_0_2               0     3604  258426.332   76324.484  334750.816 
    mem_0_1               0     3604  258285.317   77177.056  335462.373 
  Co_mem_R                0    14469 1031524.249  305411.028 1336935.277 
    mem_0_3               0     3604  257425.784   76612.960  334038.745 
    mem_0_2               0     3604  257386.934   75609.827  332996.761 
    mem_0_1               0     3604  257350.903   75838.189  333189.092 
    mem_0_0               0     3604  257233.307   76544.576  333777.883 
  Data_mem_L              0    11934  898305.511  313306.326 1211611.837 
    mem_0_0               0     5965  449955.688  156733.704  606689.392 
    mem_0_1               0     5965  448260.164  156533.394  604793.558 
  Data_mem_R              0    11934  897678.539  315587.272 1213265.811 
    mem_0_1               0     5965  449046.827  157616.086  606662.913 
    mem_0_0               0     5965  448542.053  157931.958  606474.011 
  ALU_L                   0      665   47389.092   19978.846   67367.938 
    sub_148_16            0       90    6295.521    2176.721    8472.242 
    add_150_16            0       92    5467.792    1133.185    6600.978 
  ALU_R                   0      665   47289.753   19054.977   66344.730 
    sub_148_16            0       90    6292.893    2509.085    8801.978 
    add_150_16            0       92    5527.089    1348.493    6875.582 
  R_mem_R                 0      428   30174.178    6721.975   36896.153 
    mem_0_0               0      424   30054.805    6667.566   36722.371 
  R_mem_L                 0      428   29973.972    7028.305   37002.277 
    mem_0_0               0      424   29854.599    6973.896   36828.495 
  p2s                     0      203   20218.958   10453.765   30672.724 
  main_control            0      196   11312.877    4847.879   16160.756 
  s2p                     0      100    7954.066    1148.987    9103.053 
  Frame_sync_u            0        5     425.118     160.419     585.537 
  in_data_ready_sync_u    0        5     419.903     138.696     558.599 

