============================================================
  Generated by:           Genus(TM) Synthesis Solution 16.23-s049_1
  Generated on:           Apr 27 2025  11:00:12 am
  Module:                 MSDAP
  Interconnect mode:      global
  Area mode:              physical library
============================================================


Path 1: MET (32084 ps) Setup Check with Pin Co_mem_R/mem_0_3/data_out_reg[0]/CLK->D
           View: PVT_0P63V_100C.setup_view
          Group: Sclk
     Startpoint: (R) main_control/state_reg[2]/CLK
          Clock: (R) Sclk
       Endpoint: (R) Co_mem_R/mem_0_3/data_out_reg[0]/D
          Clock: (R) Sclk

                     Capture       Launch     
        Clock Edge:+   33333            0     
       Src Latency:+       0            0     
       Net Latency:+       0 (I)        0 (I) 
           Arrival:=   33333            0     
                                              
             Setup:-      19                  
       Uncertainty:-     100                  
     Required Time:=   33214                  
      Launch Clock:-       0                  
         Data Path:-    1131                  
             Slack:=   32084                  

#--------------------------------------------------------------------------------------------------------------------
#           Timing Point             Flags    Arc    Edge           Cell             Fanout Load Trans Delay Arrival 
#                                                                                           (fF)  (ps)  (ps)   (ps)  
#--------------------------------------------------------------------------------------------------------------------
  main_control/state_reg[2]/CLK      -       -       R     (arrival)                  18096    -     0     -       0 
  main_control/state_reg[2]/QN       -       CLK->QN R     ASYNC_DFFHx1_ASAP7_75t_SL      3  2.0    36    55      55 
  main_control/g1413/Y               -       A->Y    F     INVx1_ASAP7_75t_SL             3  1.7    22    14      69 
  main_control/g1407/Y               -       B->Y    R     NOR2xp33_ASAP7_75t_SL          4  2.5    80    39     108 
  main_control/g1402/Y               -       B->Y    F     NOR2xp33_ASAP7_75t_SL          2  2.0    64    42     150 
  main_control/g1381/Y               -       A->Y    R     NOR4xp25_ASAP7_75t_SL          4  2.8   132    67     217 
  main_control/g1380/Y               -       A->Y    F     INVx1_ASAP7_75t_SL             1  0.7    36    10     227 
  main_control/g1377/Y               -       A1->Y   F     AO22x1_ASAP7_75t_SL           19 13.0   100    72     298 
  g421/Y                             -       A->Y    R     INVx1_ASAP7_75t_SL            44 28.4   292   151     449 
  g952/Y                             -       A->Y    F     INVx2_ASAP7_75t_SL             4  2.8    75    15     464 
  g925/Y                             -       B->Y    R     NAND2xp5_ASAP7_75t_SL          4  2.8    63    40     504 
  g874/Y                             -       B->Y    F     NAND2xp5_ASAP7_75t_SL         12  9.6   132    70     575 
  Co_mem_R/mem_0_3/g23420/Y          -       A->Y    R     INVx1_ASAP7_75t_SL             2  1.1    46    25     600 
  Co_mem_R/mem_0_3/g22254/Y          -       B->Y    F     NOR2xp33_ASAP7_75t_SL          6  4.2   132    57     657 
  Co_mem_R/mem_0_3/g22241/Y          -       A->Y    R     NAND2xp5_ASAP7_75t_SL          9  9.9   175   103     760 
  Co_mem_R/mem_0_3/g22073/Y          -       A->Y    F     NOR2xp33_ASAP7_75t_SL          6  4.0   133    84     844 
  Co_mem_R/mem_0_3/drc_bufs23766/Y   -       A->Y    R     INVxp67_ASAP7_75t_SL           1  0.9    49    27     871 
  Co_mem_R/mem_0_3/drc_bufs23765/Y   -       A->Y    F     INVx1_ASAP7_75t_SL             4  2.8    33    21     892 
  Co_mem_R/mem_0_3/g21692/Y          -       A2->Y   R     AOI22xp5_ASAP7_75t_SL          1  0.9    47    19     911 
  Co_mem_R/mem_0_3/g20146/Y          -       B->Y    R     AND4x2_ASAP7_75t_SL            1  0.8    18    35     946 
  Co_mem_R/mem_0_3/g20081/Y          -       A->Y    F     NAND5xp2_ASAP7_75t_SL          1  0.8    51    22     968 
  Co_mem_R/mem_0_3/g20060/Y          -       C->Y    R     AOI221xp5_ASAP7_75t_SL         1  0.8    59    28     995 
  Co_mem_R/mem_0_3/g20030/Y          -       B->Y    R     AND5x1_ASAP7_75t_SL            1  0.8    21    39    1034 
  Co_mem_R/mem_0_3/g20023/Y          -       A->Y    R     AND5x1_ASAP7_75t_SL            1  0.8    21    33    1068 
  Co_mem_R/mem_0_3/g20012/Y          -       A->Y    F     NAND5xp2_ASAP7_75t_SL          1  0.8    53    22    1090 
  Co_mem_R/mem_0_3/g20009/Y          -       A->Y    R     NOR5xp2_ASAP7_75t_SL           1  0.9    80    41    1131 
  Co_mem_R/mem_0_3/data_out_reg[0]/D -       -       R     DFFHQNx1_ASAP7_75t_SL          1    -     -     0    1131 
#--------------------------------------------------------------------------------------------------------------------



Path 2: MET (32084 ps) Setup Check with Pin Co_mem_R/mem_0_2/data_out_reg[0]/CLK->D
           View: PVT_0P63V_100C.setup_view
          Group: Sclk
     Startpoint: (R) main_control/state_reg[2]/CLK
          Clock: (R) Sclk
       Endpoint: (R) Co_mem_R/mem_0_2/data_out_reg[0]/D
          Clock: (R) Sclk

                     Capture       Launch     
        Clock Edge:+   33333            0     
       Src Latency:+       0            0     
       Net Latency:+       0 (I)        0 (I) 
           Arrival:=   33333            0     
                                              
             Setup:-      19                  
       Uncertainty:-     100                  
     Required Time:=   33214                  
      Launch Clock:-       0                  
         Data Path:-    1131                  
             Slack:=   32084                  

#--------------------------------------------------------------------------------------------------------------------
#           Timing Point             Flags    Arc    Edge           Cell             Fanout Load Trans Delay Arrival 
#                                                                                           (fF)  (ps)  (ps)   (ps)  
#--------------------------------------------------------------------------------------------------------------------
  main_control/state_reg[2]/CLK      -       -       R     (arrival)                  18096    -     0     -       0 
  main_control/state_reg[2]/QN       -       CLK->QN R     ASYNC_DFFHx1_ASAP7_75t_SL      3  2.0    36    55      55 
  main_control/g1413/Y               -       A->Y    F     INVx1_ASAP7_75t_SL             3  1.7    22    14      69 
  main_control/g1407/Y               -       B->Y    R     NOR2xp33_ASAP7_75t_SL          4  2.5    80    39     108 
  main_control/g1402/Y               -       B->Y    F     NOR2xp33_ASAP7_75t_SL          2  2.0    64    42     150 
  main_control/g1381/Y               -       A->Y    R     NOR4xp25_ASAP7_75t_SL          4  2.8   132    67     217 
  main_control/g1380/Y               -       A->Y    F     INVx1_ASAP7_75t_SL             1  0.7    36    10     227 
  main_control/g1377/Y               -       A1->Y   F     AO22x1_ASAP7_75t_SL           19 13.0   100    72     298 
  g421/Y                             -       A->Y    R     INVx1_ASAP7_75t_SL            44 28.4   292   151     449 
  g952/Y                             -       A->Y    F     INVx2_ASAP7_75t_SL             4  2.8    75    15     464 
  g925/Y                             -       B->Y    R     NAND2xp5_ASAP7_75t_SL          4  2.8    63    40     504 
  g874/Y                             -       B->Y    F     NAND2xp5_ASAP7_75t_SL         12  9.6   132    70     575 
  Co_mem_R/mem_0_2/g23420/Y          -       A->Y    R     INVx1_ASAP7_75t_SL             2  1.1    46    25     600 
  Co_mem_R/mem_0_2/g22254/Y          -       B->Y    F     NOR2xp33_ASAP7_75t_SL          6  4.2   132    57     657 
  Co_mem_R/mem_0_2/g22241/Y          -       A->Y    R     NAND2xp5_ASAP7_75t_SL          9  9.9   175   103     760 
  Co_mem_R/mem_0_2/g22073/Y          -       A->Y    F     NOR2xp33_ASAP7_75t_SL          6  4.0   133    84     844 
  Co_mem_R/mem_0_2/drc_bufs23766/Y   -       A->Y    R     INVxp67_ASAP7_75t_SL           1  0.9    49    27     871 
  Co_mem_R/mem_0_2/drc_bufs23765/Y   -       A->Y    F     INVx1_ASAP7_75t_SL             4  2.8    33    21     892 
  Co_mem_R/mem_0_2/g21692/Y          -       A2->Y   R     AOI22xp5_ASAP7_75t_SL          1  0.9    47    19     911 
  Co_mem_R/mem_0_2/g20146/Y          -       B->Y    R     AND4x2_ASAP7_75t_SL            1  0.8    18    35     946 
  Co_mem_R/mem_0_2/g20081/Y          -       A->Y    F     NAND5xp2_ASAP7_75t_SL          1  0.8    51    22     968 
  Co_mem_R/mem_0_2/g20060/Y          -       C->Y    R     AOI221xp5_ASAP7_75t_SL         1  0.8    59    28     995 
  Co_mem_R/mem_0_2/g20030/Y          -       B->Y    R     AND5x1_ASAP7_75t_SL            1  0.8    21    39    1034 
  Co_mem_R/mem_0_2/g20023/Y          -       A->Y    R     AND5x1_ASAP7_75t_SL            1  0.8    21    33    1068 
  Co_mem_R/mem_0_2/g20012/Y          -       A->Y    F     NAND5xp2_ASAP7_75t_SL          1  0.8    53    22    1090 
  Co_mem_R/mem_0_2/g20009/Y          -       A->Y    R     NOR5xp2_ASAP7_75t_SL           1  0.9    80    41    1131 
  Co_mem_R/mem_0_2/data_out_reg[0]/D -       -       R     DFFHQNx1_ASAP7_75t_SL          1    -     -     0    1131 
#--------------------------------------------------------------------------------------------------------------------



Path 3: MET (32084 ps) Setup Check with Pin Co_mem_R/mem_0_1/data_out_reg[0]/CLK->D
           View: PVT_0P63V_100C.setup_view
          Group: Sclk
     Startpoint: (R) main_control/state_reg[2]/CLK
          Clock: (R) Sclk
       Endpoint: (R) Co_mem_R/mem_0_1/data_out_reg[0]/D
          Clock: (R) Sclk

                     Capture       Launch     
        Clock Edge:+   33333            0     
       Src Latency:+       0            0     
       Net Latency:+       0 (I)        0 (I) 
           Arrival:=   33333            0     
                                              
             Setup:-      19                  
       Uncertainty:-     100                  
     Required Time:=   33214                  
      Launch Clock:-       0                  
         Data Path:-    1131                  
             Slack:=   32084                  

#--------------------------------------------------------------------------------------------------------------------
#           Timing Point             Flags    Arc    Edge           Cell             Fanout Load Trans Delay Arrival 
#                                                                                           (fF)  (ps)  (ps)   (ps)  
#--------------------------------------------------------------------------------------------------------------------
  main_control/state_reg[2]/CLK      -       -       R     (arrival)                  18096    -     0     -       0 
  main_control/state_reg[2]/QN       -       CLK->QN R     ASYNC_DFFHx1_ASAP7_75t_SL      3  2.0    36    55      55 
  main_control/g1413/Y               -       A->Y    F     INVx1_ASAP7_75t_SL             3  1.7    22    14      69 
  main_control/g1407/Y               -       B->Y    R     NOR2xp33_ASAP7_75t_SL          4  2.5    80    39     108 
  main_control/g1402/Y               -       B->Y    F     NOR2xp33_ASAP7_75t_SL          2  2.0    64    42     150 
  main_control/g1381/Y               -       A->Y    R     NOR4xp25_ASAP7_75t_SL          4  2.8   132    67     217 
  main_control/g1380/Y               -       A->Y    F     INVx1_ASAP7_75t_SL             1  0.7    36    10     227 
  main_control/g1377/Y               -       A1->Y   F     AO22x1_ASAP7_75t_SL           19 13.0   100    72     298 
  g421/Y                             -       A->Y    R     INVx1_ASAP7_75t_SL            44 28.4   292   151     449 
  g952/Y                             -       A->Y    F     INVx2_ASAP7_75t_SL             4  2.8    75    15     464 
  g925/Y                             -       B->Y    R     NAND2xp5_ASAP7_75t_SL          4  2.8    63    40     504 
  g874/Y                             -       B->Y    F     NAND2xp5_ASAP7_75t_SL         12  9.6   132    70     575 
  Co_mem_R/mem_0_1/g23420/Y          -       A->Y    R     INVx1_ASAP7_75t_SL             2  1.1    46    25     600 
  Co_mem_R/mem_0_1/g22254/Y          -       B->Y    F     NOR2xp33_ASAP7_75t_SL          6  4.2   132    57     657 
  Co_mem_R/mem_0_1/g22241/Y          -       A->Y    R     NAND2xp5_ASAP7_75t_SL          9  9.9   175   103     760 
  Co_mem_R/mem_0_1/g22073/Y          -       A->Y    F     NOR2xp33_ASAP7_75t_SL          6  4.0   133    84     844 
  Co_mem_R/mem_0_1/drc_bufs23766/Y   -       A->Y    R     INVxp67_ASAP7_75t_SL           1  0.9    49    27     871 
  Co_mem_R/mem_0_1/drc_bufs23765/Y   -       A->Y    F     INVx1_ASAP7_75t_SL             4  2.8    33    21     892 
  Co_mem_R/mem_0_1/g21692/Y          -       A2->Y   R     AOI22xp5_ASAP7_75t_SL          1  0.9    47    19     911 
  Co_mem_R/mem_0_1/g20146/Y          -       B->Y    R     AND4x2_ASAP7_75t_SL            1  0.8    18    35     946 
  Co_mem_R/mem_0_1/g20081/Y          -       A->Y    F     NAND5xp2_ASAP7_75t_SL          1  0.8    51    22     968 
  Co_mem_R/mem_0_1/g20060/Y          -       C->Y    R     AOI221xp5_ASAP7_75t_SL         1  0.8    59    28     995 
  Co_mem_R/mem_0_1/g20030/Y          -       B->Y    R     AND5x1_ASAP7_75t_SL            1  0.8    21    39    1034 
  Co_mem_R/mem_0_1/g20023/Y          -       A->Y    R     AND5x1_ASAP7_75t_SL            1  0.8    21    33    1068 
  Co_mem_R/mem_0_1/g20012/Y          -       A->Y    F     NAND5xp2_ASAP7_75t_SL          1  0.8    53    22    1090 
  Co_mem_R/mem_0_1/g20009/Y          -       A->Y    R     NOR5xp2_ASAP7_75t_SL           1  0.9    80    41    1131 
  Co_mem_R/mem_0_1/data_out_reg[0]/D -       -       R     DFFHQNx1_ASAP7_75t_SL          1    -     -     0    1131 
#--------------------------------------------------------------------------------------------------------------------

