------------------------------------------------------------
Timing Analyzer Summary
------------------------------------------------------------

Type  : Slow 1100mV 85C Model Setup 'code2421_downCounter:UDM_downCount|state.1111'
Slack : -5.417
TNS   : -20.761

Type  : Slow 1100mV 85C Model Setup 'clk'
Slack : -2.513
TNS   : -3.360

Type  : Slow 1100mV 85C Model Hold 'clk'
Slack : 0.225
TNS   : 0.000

Type  : Slow 1100mV 85C Model Hold 'code2421_downCounter:UDM_downCount|state.1111'
Slack : 3.661
TNS   : 0.000

Type  : Slow 1100mV 85C Model Minimum Pulse Width 'clk'
Slack : -0.394
TNS   : -5.874

Type  : Slow 1100mV 85C Model Minimum Pulse Width 'code2421_downCounter:UDM_downCount|state.1111'
Slack : 0.404
TNS   : 0.000

Type  : Slow 1100mV 0C Model Setup 'code2421_downCounter:UDM_downCount|state.1111'
Slack : -5.549
TNS   : -21.202

Type  : Slow 1100mV 0C Model Setup 'clk'
Slack : -2.190
TNS   : -2.976

Type  : Slow 1100mV 0C Model Hold 'clk'
Slack : -0.053
TNS   : -0.053

Type  : Slow 1100mV 0C Model Hold 'code2421_downCounter:UDM_downCount|state.1111'
Slack : 3.711
TNS   : 0.000

Type  : Slow 1100mV 0C Model Minimum Pulse Width 'clk'
Slack : -0.394
TNS   : -6.262

Type  : Slow 1100mV 0C Model Minimum Pulse Width 'code2421_downCounter:UDM_downCount|state.1111'
Slack : 0.396
TNS   : 0.000

Type  : Fast 1100mV 85C Model Setup 'code2421_downCounter:UDM_downCount|state.1111'
Slack : -2.660
TNS   : -10.182

Type  : Fast 1100mV 85C Model Setup 'clk'
Slack : -2.282
TNS   : -2.282

Type  : Fast 1100mV 85C Model Hold 'clk'
Slack : 0.138
TNS   : 0.000

Type  : Fast 1100mV 85C Model Hold 'code2421_downCounter:UDM_downCount|state.1111'
Slack : 2.226
TNS   : 0.000

Type  : Fast 1100mV 85C Model Minimum Pulse Width 'clk'
Slack : -0.082
TNS   : -0.895

Type  : Fast 1100mV 85C Model Minimum Pulse Width 'code2421_downCounter:UDM_downCount|state.1111'
Slack : 0.434
TNS   : 0.000

Type  : Fast 1100mV 0C Model Setup 'code2421_downCounter:UDM_downCount|state.1111'
Slack : -2.557
TNS   : -9.826

Type  : Fast 1100mV 0C Model Setup 'clk'
Slack : -1.731
TNS   : -1.731

Type  : Fast 1100mV 0C Model Hold 'clk'
Slack : 0.128
TNS   : 0.000

Type  : Fast 1100mV 0C Model Hold 'code2421_downCounter:UDM_downCount|state.1111'
Slack : 2.189
TNS   : 0.000

Type  : Fast 1100mV 0C Model Minimum Pulse Width 'clk'
Slack : -0.081
TNS   : -0.883

Type  : Fast 1100mV 0C Model Minimum Pulse Width 'code2421_downCounter:UDM_downCount|state.1111'
Slack : 0.435
TNS   : 0.000

------------------------------------------------------------
