------------------------------------------------------------
Timing Analyzer Summary
------------------------------------------------------------

Type  : Slow 1100mV 85C Model Setup 'clk'
Slack : -0.028
TNS   : -0.028

Type  : Slow 1100mV 85C Model Hold 'clk'
Slack : 0.299
TNS   : 0.000

Type  : Slow 1100mV 85C Model Minimum Pulse Width 'clk'
Slack : -0.394
TNS   : -2.140

Type  : Slow 1100mV 0C Model Setup 'clk'
Slack : -0.035
TNS   : -0.035

Type  : Slow 1100mV 0C Model Hold 'clk'
Slack : 0.278
TNS   : 0.000

Type  : Slow 1100mV 0C Model Minimum Pulse Width 'clk'
Slack : -0.394
TNS   : -2.291

Type  : Fast 1100mV 85C Model Setup 'clk'
Slack : 0.378
TNS   : 0.000

Type  : Fast 1100mV 85C Model Hold 'clk'
Slack : 0.180
TNS   : 0.000

Type  : Fast 1100mV 85C Model Minimum Pulse Width 'clk'
Slack : -0.080
TNS   : -0.315

Type  : Fast 1100mV 0C Model Setup 'clk'
Slack : 0.411
TNS   : 0.000

Type  : Fast 1100mV 0C Model Hold 'clk'
Slack : 0.163
TNS   : 0.000

Type  : Fast 1100mV 0C Model Minimum Pulse Width 'clk'
Slack : -0.080
TNS   : -0.314

------------------------------------------------------------
