------------------------------------------------------------
Timing Analyzer Summary
------------------------------------------------------------

Type  : Slow 1100mV 85C Model Setup 'clk'
Slack : -1.002
TNS   : -22.501

Type  : Slow 1100mV 85C Model Hold 'clk'
Slack : 0.307
TNS   : 0.000

Type  : Slow 1100mV 85C Model Minimum Pulse Width 'clk'
Slack : -0.394
TNS   : -15.909

Type  : Slow 1100mV 0C Model Setup 'clk'
Slack : -1.024
TNS   : -21.818

Type  : Slow 1100mV 0C Model Hold 'clk'
Slack : 0.288
TNS   : 0.000

Type  : Slow 1100mV 0C Model Minimum Pulse Width 'clk'
Slack : -0.394
TNS   : -16.913

Type  : Fast 1100mV 85C Model Setup 'clk'
Slack : -0.136
TNS   : -1.938

Type  : Fast 1100mV 85C Model Hold 'clk'
Slack : 0.173
TNS   : 0.000

Type  : Fast 1100mV 85C Model Minimum Pulse Width 'clk'
Slack : -0.084
TNS   : -2.438

Type  : Fast 1100mV 0C Model Setup 'clk'
Slack : -0.060
TNS   : -0.702

Type  : Fast 1100mV 0C Model Hold 'clk'
Slack : 0.157
TNS   : 0.000

Type  : Fast 1100mV 0C Model Minimum Pulse Width 'clk'
Slack : -0.083
TNS   : -2.416

------------------------------------------------------------
