------------------------------------------------------------
Timing Analyzer Summary
------------------------------------------------------------

Type  : Slow 1100mV 85C Model Setup 'clk'
Slack : -0.859
TNS   : -6.724

Type  : Slow 1100mV 85C Model Hold 'clk'
Slack : 0.297
TNS   : 0.000

Type  : Slow 1100mV 85C Model Minimum Pulse Width 'clk'
Slack : -0.394
TNS   : -7.439

Type  : Slow 1100mV 0C Model Setup 'clk'
Slack : -0.843
TNS   : -6.995

Type  : Slow 1100mV 0C Model Hold 'clk'
Slack : 0.269
TNS   : 0.000

Type  : Slow 1100mV 0C Model Minimum Pulse Width 'clk'
Slack : -0.394
TNS   : -7.939

Type  : Fast 1100mV 85C Model Setup 'clk'
Slack : -0.097
TNS   : -0.097

Type  : Fast 1100mV 85C Model Hold 'clk'
Slack : 0.178
TNS   : 0.000

Type  : Fast 1100mV 85C Model Minimum Pulse Width 'clk'
Slack : -0.079
TNS   : -1.090

Type  : Fast 1100mV 0C Model Setup 'clk'
Slack : -0.032
TNS   : -0.032

Type  : Fast 1100mV 0C Model Hold 'clk'
Slack : 0.161
TNS   : 0.000

Type  : Fast 1100mV 0C Model Minimum Pulse Width 'clk'
Slack : -0.080
TNS   : -1.092

------------------------------------------------------------
